Archive member included because of file (symbol)

C:\nxp\LPCXpresso_5.2.4_2122\workspace\CMSISv2p00_LPC17xx\Debug\libCMSISv2p00_LPC17xx.a(system_LPC17xx.o)
                              ./src/rtctest.o (SystemCoreClockUpdate)
C:\nxp\LPCXpresso_5.2.4_2122\workspace\lib_small_printf_m3\Lib\liblib_small_printf_m3.a(small_printf_nofloat.o)
                              ./src/debug.o (printf_format_nofloat)
C:\nxp\LPCXpresso_5.2.4_2122\workspace\lib_small_printf_m3\Lib\liblib_small_printf_m3.a(small_printf_support.o)
                              C:\nxp\LPCXpresso_5.2.4_2122\workspace\lib_small_printf_m3\Lib\liblib_small_printf_m3.a(small_printf_nofloat.o) (prints)
C:\nxp\LPCXpresso_5.2.4_2122\workspace\lib_small_printf_m3\Lib\liblib_small_printf_m3.a(small_utils.o)
                              ./src/debug.o (small_strlen)
c:/nxp/lpcxpresso_5.2.4_2122/lpcxpresso/tools/bin/../lib/gcc/arm-none-eabi/4.6.2/../../../../arm-none-eabi/lib/armv7-m\libcr_semihost.a(__sys_write.o)
                              ./src/debug.o (__write)
c:/nxp/lpcxpresso_5.2.4_2122/lpcxpresso/tools/bin/../lib/gcc/arm-none-eabi/4.6.2/../../../../arm-none-eabi/lib/armv7-m\libcr_semihost.a(_cr__main.o)
                              ./src/cr_startup_lpc176x.o (__main)
c:/nxp/lpcxpresso_5.2.4_2122/lpcxpresso/tools/bin/../lib/gcc/arm-none-eabi/4.6.2/../../../../arm-none-eabi/lib/armv7-m\libcr_c.a(initio.o)
                              c:/nxp/lpcxpresso_5.2.4_2122/lpcxpresso/tools/bin/../lib/gcc/arm-none-eabi/4.6.2/../../../../arm-none-eabi/lib/armv7-m\libcr_semihost.a(_cr__main.o) (_initio)
c:/nxp/lpcxpresso_5.2.4_2122/lpcxpresso/tools/bin/../lib/gcc/arm-none-eabi/4.6.2/../../../../arm-none-eabi/lib/armv7-m\libcr_c.a(setvbuf.o)
                              c:/nxp/lpcxpresso_5.2.4_2122/lpcxpresso/tools/bin/../lib/gcc/arm-none-eabi/4.6.2/../../../../arm-none-eabi/lib/armv7-m\libcr_c.a(initio.o) (setvbuf)
c:/nxp/lpcxpresso_5.2.4_2122/lpcxpresso/tools/bin/../lib/gcc/arm-none-eabi/4.6.2/../../../../arm-none-eabi/lib/armv7-m\libcr_c.a(stdio.o)
                              c:/nxp/lpcxpresso_5.2.4_2122/lpcxpresso/tools/bin/../lib/gcc/arm-none-eabi/4.6.2/../../../../arm-none-eabi/lib/armv7-m\libcr_c.a(initio.o) (__Ciob)
c:/nxp/lpcxpresso_5.2.4_2122/lpcxpresso/tools/bin/../lib/gcc/arm-none-eabi/4.6.2/../../../../arm-none-eabi/lib/armv7-m\libcr_c.a(memset.o)
                              c:/nxp/lpcxpresso_5.2.4_2122/lpcxpresso/tools/bin/../lib/gcc/arm-none-eabi/4.6.2/../../../../arm-none-eabi/lib/armv7-m\libcr_c.a(initio.o) (memset)
c:/nxp/lpcxpresso_5.2.4_2122/lpcxpresso/tools/bin/../lib/gcc/arm-none-eabi/4.6.2/../../../../arm-none-eabi/lib/armv7-m\libcr_c.a(__fillbuf.o)
                              c:/nxp/lpcxpresso_5.2.4_2122/lpcxpresso/tools/bin/../lib/gcc/arm-none-eabi/4.6.2/../../../../arm-none-eabi/lib/armv7-m\libcr_c.a(stdio.o) (__filbuf)
c:/nxp/lpcxpresso_5.2.4_2122/lpcxpresso/tools/bin/../lib/gcc/arm-none-eabi/4.6.2/../../../../arm-none-eabi/lib/armv7-m\libcr_c.a(_deferredlazyseek.o)
                              c:/nxp/lpcxpresso_5.2.4_2122/lpcxpresso/tools/bin/../lib/gcc/arm-none-eabi/4.6.2/../../../../arm-none-eabi/lib/armv7-m\libcr_c.a(__fillbuf.o) (_deferredlazyseek)
c:/nxp/lpcxpresso_5.2.4_2122/lpcxpresso/tools/bin/../lib/gcc/arm-none-eabi/4.6.2/../../../../arm-none-eabi/lib/armv7-m\libcr_c.a(_fdopen.o)
                              c:/nxp/lpcxpresso_5.2.4_2122/lpcxpresso/tools/bin/../lib/gcc/arm-none-eabi/4.6.2/../../../../arm-none-eabi/lib/armv7-m\libcr_c.a(initio.o) (_fdopen)
c:/nxp/lpcxpresso_5.2.4_2122/lpcxpresso/tools/bin/../lib/gcc/arm-none-eabi/4.6.2/../../../../arm-none-eabi/lib/armv7-m\libcr_c.a(_fflush.o)
                              c:/nxp/lpcxpresso_5.2.4_2122/lpcxpresso/tools/bin/../lib/gcc/arm-none-eabi/4.6.2/../../../../arm-none-eabi/lib/armv7-m\libcr_c.a(__fillbuf.o) (_fflush)
c:/nxp/lpcxpresso_5.2.4_2122/lpcxpresso/tools/bin/../lib/gcc/arm-none-eabi/4.6.2/../../../../arm-none-eabi/lib/armv7-m\libcr_c.a(_writebuf.o)
                              c:/nxp/lpcxpresso_5.2.4_2122/lpcxpresso/tools/bin/../lib/gcc/arm-none-eabi/4.6.2/../../../../arm-none-eabi/lib/armv7-m\libcr_c.a(_deferredlazyseek.o) (_Cwritebuf)
c:/nxp/lpcxpresso_5.2.4_2122/lpcxpresso/tools/bin/../lib/gcc/arm-none-eabi/4.6.2/../../../../arm-none-eabi/lib/armv7-m\libcr_c.a(alloc.o)
                              c:/nxp/lpcxpresso_5.2.4_2122/lpcxpresso/tools/bin/../lib/gcc/arm-none-eabi/4.6.2/../../../../arm-none-eabi/lib/armv7-m\libcr_c.a(initio.o) (_Csys_alloc)
c:/nxp/lpcxpresso_5.2.4_2122/lpcxpresso/tools/bin/../lib/gcc/arm-none-eabi/4.6.2/../../../../arm-none-eabi/lib/armv7-m\libcr_c.a(fclose.o)
                              c:/nxp/lpcxpresso_5.2.4_2122/lpcxpresso/tools/bin/../lib/gcc/arm-none-eabi/4.6.2/../../../../arm-none-eabi/lib/armv7-m\libcr_c.a(initio.o) (fclose)
c:/nxp/lpcxpresso_5.2.4_2122/lpcxpresso/tools/bin/../lib/gcc/arm-none-eabi/4.6.2/../../../../arm-none-eabi/lib/armv7-m\libcr_c.a(fflush.o)
[...]
Memory Configuration

Name             Origin             Length             Attributes
MFlash512        0x00000000         0x00080000         xr
RamLoc32         0x10000000         0x00008000         xrw
RamAHB32         0x2007c000         0x00008000         xrw
*default*        0x00000000         0xffffffff

Linker script and memory map

LOAD ./src/auxiliares.o
LOAD ./src/cr_startup_lpc176x.o
LOAD ./src/debug.o
LOAD ./src/rtc.o
LOAD ./src/rtctest.o
LOAD ./src/uart.o
LOAD ./src/xbee.o
LOAD C:\nxp\LPCXpresso_5.2.4_2122\workspace\CMSISv2p00_LPC17xx\Debug\libCMSISv2p00_LPC17xx.a
LOAD C:\nxp\LPCXpresso_5.2.4_2122\workspace\lib_small_printf_m3\Lib\liblib_small_printf_m3.a
START GROUP
LOAD c:/nxp/lpcxpresso_5.2.4_2122/lpcxpresso/tools/bin/../lib/gcc/arm-none-eabi/4.6.2/../../../../arm-none-eabi/lib/armv7-m\libcr_semihost.a
LOAD c:/nxp/lpcxpresso_5.2.4_2122/lpcxpresso/tools/bin/../lib/gcc/arm-none-eabi/4.6.2/../../../../arm-none-eabi/lib/armv7-m\libcr_c.a
LOAD c:/nxp/lpcxpresso_5.2.4_2122/lpcxpresso/tools/bin/../lib/gcc/arm-none-eabi/4.6.2/armv7-m\libcr_eabihelpers.a
END GROUP
                0x00080000                __top_MFlash512 = 0x80000
                0x10008000                __top_RamLoc32 = 0x10008000
                0x20084000                __top_RamAHB32 = 0x20084000

.text           0x00000000     0x1f04
 FILL mask 0xff
                0x00000000                __vectors_start__ = ABSOLUTE (.)
 *(.isr_vector)
 .isr_vector    0x00000000       0xcc ./src/cr_startup_lpc176x.o
                0x00000000                g_pfnVectors
                0x000000cc                . = ALIGN (0x4)
                0x000000cc                __section_table_start = .
                0x000000cc                __data_section_table = .
                0x000000cc        0x4 LONG 0x1f04 LOADADDR (.data)
                0x000000d0        0x4 LONG 0x10000000 ADDR (.data)
                0x000000d4        0x4 LONG 0xc SIZEOF (.data)
                0x000000d8        0x4 LONG 0x1f04 LOADADDR (.data_RAM2)
                0x000000dc        0x4 LONG 0x2007c000 ADDR (.data_RAM2)
                0x000000e0        0x4 LONG 0x0 SIZEOF (.data_RAM2)
                0x000000e4                __data_section_table_end = .
                0x000000e4                __bss_section_table = .
                0x000000e4        0x4 LONG 0x1000000c ADDR (.bss)
                0x000000e8        0x4 LONG 0x35c SIZEOF (.bss)
                0x000000ec        0x4 LONG 0x2007c000 ADDR (.bss_RAM2)
                0x000000f0        0x4 LONG 0x0 SIZEOF (.bss_RAM2)
                0x000000f4                __bss_section_table_end = .
                0x000000f4                __section_table_end = .
 *(.after_vectors*)
 .after_vectors
                0x000000f4       0x78 ./src/cr_startup_lpc176x.o
                0x000000f4                NMI_Handler
                0x000000f6                HardFault_Handler
                0x000000f8                MemManage_Handler
                0x000000fa                BusFault_Handler
                0x000000fc                UsageFault_Handler
                0x000000fe                SVCall_Handler
                0x00000100                DebugMon_Handler
                0x00000102                PendSV_Handler
                0x00000104                SysTick_Handler
                0x00000106                data_init
                0x00000118                bss_init
                0x00000128                ResetISR
                0x00000168                EINT2_IRQHandler
                0x00000168                EINT3_IRQHandler
                0x00000168                CANActivity_IRQHandler
                0x00000168                TIMER3_IRQHandler
                0x00000168                I2C1_IRQHandler
                0x00000168                RIT_IRQHandler
                0x00000168                IntDefaultHandler
                0x00000168                PLL0_IRQHandler
                0x00000168                CAN_IRQHandler
                0x00000168                I2C0_IRQHandler
                0x00000168                SSP0_IRQHandler
                0x00000168                PWM1_IRQHandler
                0x00000168                I2C2_IRQHandler
                0x00000168                TIMER0_IRQHandler
                0x00000168                SPI_IRQHandler
                0x00000168                USBActivity_IRQHandler
                0x00000168                EINT1_IRQHandler
                0x00000168                TIMER1_IRQHandler
                0x00000168                UART2_IRQHandler
                0x00000168                ADC_IRQHandler
                0x00000168                SSP1_IRQHandler
                0x00000168                USB_IRQHandler
                0x00000168                BOD_IRQHandler
                0x00000168                TIMER2_IRQHandler
                0x00000168                WDT_IRQHandler
                0x00000168                QEI_IRQHandler
                0x00000168                EINT0_IRQHandler
                0x00000168                I2S_IRQHandler
                0x00000168                DMA_IRQHandler
                0x00000168                PLL1_IRQHandler
                0x00000168                MCPWM_IRQHandler
                0x00000168                ENET_IRQHandler
                0x000002fc                . = 0x2fc
 *fill*         0x0000016c      0x190 ff
                0x000002fc                PROVIDE (__CRP_WORD_START__, .)
 *(.crp)
 .crp           0x000002fc        0x4 ./src/rtctest.o
                0x000002fc                CRP_WORD
                0x00000300                PROVIDE (__CRP_WORD_END__, .)
                0x00000001                ASSERT (! ((__CRP_WORD_START__ == __CRP_WORD_END__)), Linker CRP Enabled, but no CRP_WORD provided within application)
 *(.text*)
 .text.resetMediciones
                0x00000300       0xa0 ./src/auxiliares.o
                0x00000300                resetMediciones
 .text._debug_printf_flush
                0x000003a0       0xf8 ./src/debug.o
                0x000003a0                _debug_printf_flush
                0x000003a0                __CR_SEMIHOST
 .text._debug_putchar
                0x00000498       0xc8 ./src/debug.o
                0x00000498                _debug_putchar
 .text._debug_printf
                0x00000560       0x2c ./src/debug.o
                0x00000560                _debug_printf
 .text.RTC_IRQHandler
                0x0000058c       0x34 ./src/rtc.o
                0x0000058c                RTC_IRQHandler
 .text.RTCInit  0x000005c0       0x94 ./src/rtc.o
                0x000005c0                RTCInit
 .text.RTCStart
                0x00000654       0x34 ./src/rtc.o
                0x00000654                RTCStart
 .text.RTCSetAlarm
                0x00000688       0x98 ./src/rtc.o
                0x00000688                RTCSetAlarm
 .text.RTCGetTime
                0x00000720       0xa4 ./src/rtc.o
                0x00000720                RTCGetTime
 .text.RTCSetAlarmMask
                0x000007c4       0x20 ./src/rtc.o
                0x000007c4                RTCSetAlarmMask
 .text.RTCPrintTime
                0x000007e4       0x3c ./src/rtc.o
                0x000007e4                RTCPrintTime
 .text.NVIC_EnableIRQ
                0x00000820       0x38 ./src/rtctest.o
 .text.main     0x00000858      0x1a4 ./src/rtctest.o
                0x00000858                main
 .text.UART0_IRQHandler
                0x000009fc      0x17c ./src/uart.o
                0x000009fc                UART0_IRQHandler
 .text.UART1_IRQHandler
                0x00000b78      0x17c ./src/uart.o
                0x00000b78                UART1_IRQHandler
 .text.UART3_IRQHandler
                0x00000cf4      0x1fc ./src/uart.o
                0x00000cf4                UART3_IRQHandler
 .text.CargarByte
                0x00000ef0      0x1ec ./src/xbee.o
                0x00000ef0                CargarByte
 .text.BorrarDatosFrame
                0x000010dc       0x44 ./src/xbee.o
                0x000010dc                BorrarDatosFrame
 .text.ChequearTrama
                0x00001120      0x108 ./src/xbee.o
                0x00001120                ChequearTrama
 .text.SystemCoreClockUpdate
                0x00001228       0xcc C:\nxp\LPCXpresso_5.2.4_2122\workspace\CMSISv2p00_LPC17xx\Debug\libCMSISv2p00_LPC17xx.a(system_LPC17xx.o)
                0x00001228                SystemCoreClockUpdate
 .text.SystemInit
                0x000012f4       0x9c C:\nxp\LPCXpresso_5.2.4_2122\workspace\CMSISv2p00_LPC17xx\Debug\libCMSISv2p00_LPC17xx.a(system_LPC17xx.o)
                0x000012f4                SystemInit
 .text.printf_format_nofloat
                0x00001390      0x190 C:\nxp\LPCXpresso_5.2.4_2122\workspace\lib_small_printf_m3\Lib\liblib_small_printf_m3.a(small_printf_nofloat.o)
                0x00001390                printf_format_nofloat
 .text.prints   0x00001520       0x84 C:\nxp\LPCXpresso_5.2.4_2122\workspace\lib_small_printf_m3\Lib\liblib_small_printf_m3.a(small_printf_support.o)
                0x00001520                prints
 .text.printi   0x000015a4       0x9a C:\nxp\LPCXpresso_5.2.4_2122\workspace\lib_small_printf_m3\Lib\liblib_small_printf_m3.a(small_printf_support.o)
                0x000015a4                printi
 .text.__sys_write
                0x0000163e        0xc c:/nxp/lpcxpresso_5.2.4_2122/lpcxpresso/tools/bin/../lib/gcc/arm-none-eabi/4.6.2/../../../../arm-none-eabi/lib/armv7-m\libcr_semihost.a(__sys_write.o)
                0x0000163e                __sys_write
                0x0000163e                __write
 .text.__main   0x0000164a       0x14 c:/nxp/lpcxpresso_5.2.4_2122/lpcxpresso/tools/bin/../lib/gcc/arm-none-eabi/4.6.2/../../../../arm-none-eabi/lib/armv7-m\libcr_semihost.a(_cr__main.o)
                0x0000164a                __main
 *fill*         0x0000165e        0x2 00
 .text._initio  0x00001660       0x9c c:/nxp/lpcxpresso_5.2.4_2122/lpcxpresso/tools/bin/../lib/gcc/arm-none-eabi/4.6.2/../../../../arm-none-eabi/lib/armv7-m\libcr_c.a(initio.o)
                0x00001660                _initio
 .text.setvbuf  0x000016fc       0x48 c:/nxp/lpcxpresso_5.2.4_2122/lpcxpresso/tools/bin/../lib/gcc/arm-none-eabi/4.6.2/../../../../arm-none-eabi/lib/armv7-m\libcr_c.a(setvbuf.o)
                0x000016fc                setvbuf
 .text.memset   0x00001744        0x4 c:/nxp/lpcxpresso_5.2.4_2122/lpcxpresso/tools/bin/../lib/gcc/arm-none-eabi/4.6.2/../../../../arm-none-eabi/lib/armv7-m\libcr_c.a(memset.o)
                0x00001744                memset
 .text._deferredlazyseek
                0x00001748       0x44 c:/nxp/lpcxpresso_5.2.4_2122/lpcxpresso/tools/bin/../lib/gcc/arm-none-eabi/4.6.2/../../../../arm-none-eabi/lib/armv7-m\libcr_c.a(_deferredlazyseek.o)
                0x00001748                _deferredlazyseek
 .text._fdopen  0x0000178c       0x6c c:/nxp/lpcxpresso_5.2.4_2122/lpcxpresso/tools/bin/../lib/gcc/arm-none-eabi/4.6.2/../../../../arm-none-eabi/lib/armv7-m\libcr_c.a(_fdopen.o)
                0x0000178c                _fdopen
 .text._fflush  0x000017f8       0x58 c:/nxp/lpcxpresso_5.2.4_2122/lpcxpresso/tools/bin/../lib/gcc/arm-none-eabi/4.6.2/../../../../arm-none-eabi/lib/armv7-m\libcr_c.a(_fflush.o)
                0x000017f8                _fflush
 .text._Cwritebuf
                0x00001850       0x84 c:/nxp/lpcxpresso_5.2.4_2122/lpcxpresso/tools/bin/../lib/gcc/arm-none-eabi/4.6.2/../../../../arm-none-eabi/lib/armv7-m\libcr_c.a(_writebuf.o)
                0x00001850                _Cwritebuf
 .text.malloc   0x000018d4       0xbc c:/nxp/lpcxpresso_5.2.4_2122/lpcxpresso/tools/bin/../lib/gcc/arm-none-eabi/4.6.2/../../../../arm-none-eabi/lib/armv7-m\libcr_c.a(alloc.o)
                0x000018d4                malloc
 .text.free     0x00001990        0xa c:/nxp/lpcxpresso_5.2.4_2122/lpcxpresso/tools/bin/../lib/gcc/arm-none-eabi/4.6.2/../../../../arm-none-eabi/lib/armv7-m\libcr_c.a(alloc.o)
                0x00001990                free
 *fill*         0x0000199a        0x2 00
 .text._Csys_alloc
                0x0000199c       0x20 c:/nxp/lpcxpresso_5.2.4_2122/lpcxpresso/tools/bin/../lib/gcc/arm-none-eabi/4.6.2/../../../../arm-none-eabi/lib/armv7-m\libcr_c.a(alloc.o)
                0x0000199c                _Csys_alloc
 .text.fclose   0x000019bc       0x6c c:/nxp/lpcxpresso_5.2.4_2122/lpcxpresso/tools/bin/../lib/gcc/arm-none-eabi/4.6.2/../../../../arm-none-eabi/lib/armv7-m\libcr_c.a(fclose.o)
                0x000019bc                fclose
 .text.fflush   0x00001a28       0x34 c:/nxp/lpcxpresso_5.2.4_2122/lpcxpresso/tools/bin/../lib/gcc/arm-none-eabi/4.6.2/../../../../arm-none-eabi/lib/armv7-m\libcr_c.a(fflush.o)
                0x00001a28                fflush
 .text.fseek    0x00001a5c      0x104 c:/nxp/lpcxpresso_5.2.4_2122/lpcxpresso/tools/bin/../lib/gcc/arm-none-eabi/4.6.2/../../../../arm-none-eabi/lib/armv7-m\libcr_c.a(fseek.o)
                0x00001a5c                fseek
 .text.ftell    0x00001b60       0x4c c:/nxp/lpcxpresso_5.2.4_2122/lpcxpresso/tools/bin/../lib/gcc/arm-none-eabi/4.6.2/../../../../arm-none-eabi/lib/armv7-m\libcr_c.a(ftell.o)
                0x00001b60                ftell
 .text.remove   0x00001bac       0x14 c:/nxp/lpcxpresso_5.2.4_2122/lpcxpresso/tools/bin/../lib/gcc/arm-none-eabi/4.6.2/../../../../arm-none-eabi/lib/armv7-m\libcr_c.a(remove.o)
                0x00001bac                remove
 .text.strlen   0x00001bc0       0x4c c:/nxp/lpcxpresso_5.2.4_2122/lpcxpresso/tools/bin/../lib/gcc/arm-none-eabi/4.6.2/../../../../arm-none-eabi/lib/armv7-m\libcr_c.a(strlen.o)
                0x00001bc0                strlen
 .text._do_fflush
                0x00001c0c       0x42 c:/nxp/lpcxpresso_5.2.4_2122/lpcxpresso/tools/bin/../lib/gcc/arm-none-eabi/4.6.2/../../../../arm-none-eabi/lib/armv7-m\libcr_c.a(_do_fflush.o)
                0x00001c0c                _do_fflush
 .text.__aeabi_division_uldivmod
                0x00001c4e      0x174 c:/nxp/lpcxpresso_5.2.4_2122/lpcxpresso/tools/bin/../lib/gcc/arm-none-eabi/4.6.2/armv7-m\libcr_eabihelpers.a(division.o)
                0x00001c4e                __aeabi_uldivmod
                0x00001c52                __bhs_ldivmod1
 .text.__aeabi_division_idiv0
                0x00001dc2        0x2 c:/nxp/lpcxpresso_5.2.4_2122/lpcxpresso/tools/bin/../lib/gcc/arm-none-eabi/4.6.2/armv7-m\libcr_eabihelpers.a(division.o)
                0x00001dc2                __aeabi_idiv0
 .text.__aeabi_memset_lowlevel
                0x00001dc4       0x24 c:/nxp/lpcxpresso_5.2.4_2122/lpcxpresso/tools/bin/../lib/gcc/arm-none-eabi/4.6.2/armv7-m\libcr_eabihelpers.a(memcpy.o)
                0x00001dc4                __aeabi_lowlevel_memset
 .text.__sys_appexit
                0x00001de8        0xc c:/nxp/lpcxpresso_5.2.4_2122/lpcxpresso/tools/bin/../lib/gcc/arm-none-eabi/4.6.2/../../../../arm-none-eabi/lib/armv7-m\libcr_semihost.a(__sys_appexit.o)
                0x00001de8                __sys_appexit
                0x00001de8                __exit
 .text.__sys_close
                0x00001df4        0xc c:/nxp/lpcxpresso_5.2.4_2122/lpcxpresso/tools/bin/../lib/gcc/arm-none-eabi/4.6.2/../../../../arm-none-eabi/lib/armv7-m\libcr_semihost.a(__sys_close.o)
                0x00001df4                __sys_close
 .text.__sys_flen
                0x00001e00        0xc c:/nxp/lpcxpresso_5.2.4_2122/lpcxpresso/tools/bin/../lib/gcc/arm-none-eabi/4.6.2/../../../../arm-none-eabi/lib/armv7-m\libcr_semihost.a(__sys_flen.o)
                0x00001e00                __sys_flen
 .text.__sys_istty
                0x00001e0c        0xc c:/nxp/lpcxpresso_5.2.4_2122/lpcxpresso/tools/bin/../lib/gcc/arm-none-eabi/4.6.2/../../../../arm-none-eabi/lib/armv7-m\libcr_semihost.a(__sys_istty.o)
                0x00001e0c                __sys_istty
 .text.__sys_remove
                0x00001e18        0xc c:/nxp/lpcxpresso_5.2.4_2122/lpcxpresso/tools/bin/../lib/gcc/arm-none-eabi/4.6.2/../../../../arm-none-eabi/lib/armv7-m\libcr_semihost.a(__sys_remove.o)
                0x00001e18                __sys_remove
 .text.__sys_seek
                0x00001e24        0xc c:/nxp/lpcxpresso_5.2.4_2122/lpcxpresso/tools/bin/../lib/gcc/arm-none-eabi/4.6.2/../../../../arm-none-eabi/lib/armv7-m\libcr_semihost.a(__sys_seek.o)
                0x00001e24                __sys_seek
 .text.__sys_tmpnam
                0x00001e30        0xc c:/nxp/lpcxpresso_5.2.4_2122/lpcxpresso/tools/bin/../lib/gcc/arm-none-eabi/4.6.2/../../../../arm-none-eabi/lib/armv7-m\libcr_semihost.a(__sys_tmpnam.o)
                0x00001e30                __sys_tmpnam
 .text._sbrk    0x00001e3c       0x40 c:/nxp/lpcxpresso_5.2.4_2122/lpcxpresso/tools/bin/../lib/gcc/arm-none-eabi/4.6.2/../../../../arm-none-eabi/lib/armv7-m\libcr_semihost.a(_cr_sbrk.o)
                0x00001e3c                _sbrk
 .text.__check_heap_overflow
                0x00001e7c       0x2c c:/nxp/lpcxpresso_5.2.4_2122/lpcxpresso/tools/bin/../lib/gcc/arm-none-eabi/4.6.2/../../../../arm-none-eabi/lib/armv7-m\libcr_semihost.a(_cr_check_heap.o)
                0x00001e7c                __check_heap_overflow
 *(.rodata .rodata.*)
 .rodata        0x00001ea8       0x24 ./src/rtc.o
 .rodata        0x00001ecc       0x14 ./src/rtctest.o
 .rodata.str1.1
                0x00001ee0        0x7 C:\nxp\LPCXpresso_5.2.4_2122\workspace\lib_small_printf_m3\Lib\liblib_small_printf_m3.a(small_printf_nofloat.o)
 .rodata.str1.1
                0x00001ee7        0x4 c:/nxp/lpcxpresso_5.2.4_2122/lpcxpresso/tools/bin/../lib/gcc/arm-none-eabi/4.6.2/../../../../arm-none-eabi/lib/armv7-m\libcr_c.a(initio.o)
 .rodata.str1.1
                0x00001eeb       0x18 c:/nxp/lpcxpresso_5.2.4_2122/lpcxpresso/tools/bin/../lib/gcc/arm-none-eabi/4.6.2/../../../../arm-none-eabi/lib/armv7-m\libcr_c.a(alloc.o)
                0x00001f04                . = ALIGN (0x4)
 *fill*         0x00001f03        0x1 ff

.glue_7         0x00001f04        0x0
 .glue_7        0x00000000        0x0 linker stubs

.glue_7t        0x00001f04        0x0
 .glue_7t       0x00000000        0x0 linker stubs

.vfp11_veneer   0x00001f04        0x0
 .vfp11_veneer  0x00000000        0x0 linker stubs

.v4_bx          0x00001f04        0x0
 .v4_bx         0x00000000        0x0 linker stubs

.ARM.extab
 *(.ARM.extab* .gnu.linkonce.armextab.*)
                0x00001f04                __exidx_start = .

.ARM.exidx
 *(.ARM.exidx* .gnu.linkonce.armexidx.*)
                0x00001f04                __exidx_end = .
                0x00001f04                _etext = .

.data_RAM2      0x2007c000        0x0 load address 0x00001f04
 FILL mask 0xff
 *(.data.$RAM2*)
 *(.data.$RamAHB32*)
                0x2007c000                . = ALIGN (0x4)

.uninit_RESERVED
                0x10000000        0x0
 *(.bss.$RESERVED*)
                0x10000000                . = ALIGN (0x4)
                0x10000000                _end_uninit_RESERVED = .

.data           0x10000000        0xc load address 0x00001f04
 FILL mask 0xff
                0x10000000                _data = .
 *(vtable)
 *(.data*)
 .data.upateTime
                0x10000000        0x4 ./src/auxiliares.o
                0x10000000                upateTime
 .data.UART0TxEmpty
                0x10000004        0x1 ./src/uart.o
                0x10000004                UART0TxEmpty
 .data.UART1TxEmpty
                0x10000005        0x1 ./src/uart.o
                0x10000005                UART1TxEmpty
 .data.UART3TxEmpty
                0x10000006        0x1 ./src/uart.o
                0x10000006                UART3TxEmpty
 *fill*         0x10000007        0x1 00
 .data.SystemCoreClock
                0x10000008        0x4 C:\nxp\LPCXpresso_5.2.4_2122\workspace\CMSISv2p00_LPC17xx\Debug\libCMSISv2p00_LPC17xx.a(system_LPC17xx.o)
                0x10000008                SystemCoreClock
                0x1000000c                . = ALIGN (0x4)
                0x1000000c                _edata = .

.bss_RAM2       0x2007c000        0x0
 *(.bss.$RAM2*)
 *(.bss.$RamAHB32*)
                0x2007c000                . = ALIGN (0x4)

.bss            0x1000000c      0x35c
                0x1000000c                _bss = .
 *(.bss*)
 .bss.debug_write_buf
                0x1000000c       0x54 ./src/debug.o
 .bss.debug_buf_read_index
                0x10000060        0x1 ./src/debug.o
 .bss.debug_buf_write_index
                0x10000061        0x1 ./src/debug.o
 *fill*         0x10000062        0x2 00
 .bss.alarm_on  0x10000064        0x4 ./src/rtc.o
                0x10000064                alarm_on
 .bss.UART0Count
                0x10000068        0x4 ./src/uart.o
                0x10000068                UART0Count
 .bss.UART1Count
                0x1000006c        0x4 ./src/uart.o
                0x1000006c                UART1Count
 .bss.estadoActual
                0x10000070        0x1 ./src/xbee.o
                0x10000070                estadoActual
 *fill*         0x10000071        0x1 00
 .bss.currentIndex
                0x10000072        0x2 ./src/xbee.o
                0x10000072                currentIndex
 .bss.frameDataLength
                0x10000074        0x2 ./src/xbee.o
                0x10000074                frameDataLength
 .bss.dataArrived
                0x10000076        0x2 ./src/xbee.o
                0x10000076                dataArrived
 .bss.errno     0x10000078        0x4 c:/nxp/lpcxpresso_5.2.4_2122/lpcxpresso/tools/bin/../lib/gcc/arm-none-eabi/4.6.2/../../../../arm-none-eabi/lib/armv7-m\libcr_c.a(errno.o)
                0x10000078                errno
 *(COMMON)
 COMMON         0x1000007c       0x30 ./src/auxiliares.o
                0x1000007c                intensidadaPrecipitacionCriterioDuracionExponencial
                0x10000080                volumenPrecipitacionCriterioDuracionExponencial
                0x10000084                intensidadaPrecipitacionCriterioModuloExponencial
                0x10000088                intensidadaPrecipitacionCriterioDuracionLineal
                0x1000008c                intensidadaPrecipitacionCriterioMaximoLineal
                0x10000090                volumenPrecipitacionCriterioModuloLineal
                0x10000094                volumenPrecipitacionCriterioModuloExponencial
                0x10000098                volumenPrecipitacionCriterioDuracionLineal
                0x1000009c                volumenPrecipitacionCriterioMaximoExponencial
                0x100000a0                intensidadaPrecipitacionCriterioMaximoExponencial
                0x100000a4                volumenPrecipitacionCriterioMaximoLineal
                0x100000a8                intensidadaPrecipitacionCriterioModuloLineal
 COMMON         0x100000ac       0x60 ./src/rtc.o
                0x100000ac                local_time
                0x100000cc                current_time
                0x100000ec                alarm_time
 COMMON         0x1000010c       0xd0 ./src/uart.o
                0x1000010c                byteRecibido
                0x10000110                UART1Buffer
                0x10000150                UART3Status
                0x10000154                UART0Buffer
                0x10000194                UART1Status
                0x10000198                UART3Buffer
                0x100001d8                UART0Status
 COMMON         0x100001dc       0x40 ./src/xbee.o
                0x100001dc                tipoTramaRecibida
                0x100001e0                xbeeFrame
 COMMON         0x1000021c        0x4 c:/nxp/lpcxpresso_5.2.4_2122/lpcxpresso/tools/bin/../lib/gcc/arm-none-eabi/4.6.2/../../../../arm-none-eabi/lib/armv7-m\libcr_c.a(initio.o)
                0x1000021c                _extra
 COMMON         0x10000220      0x140 c:/nxp/lpcxpresso_5.2.4_2122/lpcxpresso/tools/bin/../lib/gcc/arm-none-eabi/4.6.2/../../../../arm-none-eabi/lib/armv7-m\libcr_c.a(stdio.o)
                0x10000220                __Ciob
 COMMON         0x10000360        0x8 c:/nxp/lpcxpresso_5.2.4_2122/lpcxpresso/tools/bin/../lib/gcc/arm-none-eabi/4.6.2/../../../../arm-none-eabi/lib/armv7-m\libcr_c.a(__init_alloc.o)
                0x10000360                __heaps
                0x10000364                __end_of_heap
                0x10000368                . = ALIGN (0x4)
                0x10000368                _ebss = .
                0x10000368                PROVIDE (end, .)

.noinit_RAM2    0x2007c000        0x0
 *(.noinit.$RAM2*)
 *(.noinit.$RamAHB32*)
                0x2007c000                . = ALIGN (0x4)

.noinit         0x10000368        0x0
                0x10000368                _noinit = .
 *(.noinit*)
                0x10000368                . = ALIGN (0x4)
                0x10000368                _end_noinit = .
                0x10000368                PROVIDE (_pvHeapStart, .)
                0x10008000                PROVIDE (_vStackTop, (__top_RamLoc32 - 0x0))
OUTPUT(RTC.axf elf32-littlearm)

.debug_info     0x00000000     0x3314
 .debug_info    0x00000000      0x23c ./src/auxiliares.o
 .debug_info    0x0000023c      0x2dd ./src/cr_startup_lpc176x.o
 .debug_info    0x00000519      0x2c1 ./src/debug.o
 .debug_info    0x000007da      0x8cf ./src/rtc.o
 .debug_info    0x000010a9      0x481 ./src/rtctest.o
 .debug_info    0x0000152a     0x1122 ./src/uart.o
 .debug_info    0x0000264c      0x267 ./src/xbee.o
 .debug_info    0x000028b3      0x38f C:\nxp\LPCXpresso_5.2.4_2122\workspace\CMSISv2p00_LPC17xx\Debug\libCMSISv2p00_LPC17xx.a(system_LPC17xx.o)
 .debug_info    0x00002c42      0x24e C:\nxp\LPCXpresso_5.2.4_2122\workspace\lib_small_printf_m3\Lib\liblib_small_printf_m3.a(small_printf_nofloat.o)
 .debug_info    0x00002e90      0x2bb C:\nxp\LPCXpresso_5.2.4_2122\workspace\lib_small_printf_m3\Lib\liblib_small_printf_m3.a(small_printf_support.o)
 .debug_info    0x0000314b      0x1c9 C:\nxp\LPCXpresso_5.2.4_2122\workspace\lib_small_printf_m3\Lib\liblib_small_printf_m3.a(small_utils.o)

.debug_abbrev   0x00000000      0xc79
 .debug_abbrev  0x00000000       0x77 ./src/auxiliares.o
 .debug_abbrev  0x00000077      0x12b ./src/cr_startup_lpc176x.o
 .debug_abbrev  0x000001a2      0x149 ./src/debug.o
 .debug_abbrev  0x000002eb      0x161 ./src/rtc.o
 .debug_abbrev  0x0000044c      0x122 ./src/rtctest.o
 .debug_abbrev  0x0000056e      0x1e1 ./src/uart.o
 .debug_abbrev  0x0000074f       0xed ./src/xbee.o
 .debug_abbrev  0x0000083c       0xe3 C:\nxp\LPCXpresso_5.2.4_2122\workspace\CMSISv2p00_LPC17xx\Debug\libCMSISv2p00_LPC17xx.a(system_LPC17xx.o)
 .debug_abbrev  0x0000091f      0x162 C:\nxp\LPCXpresso_5.2.4_2122\workspace\lib_small_printf_m3\Lib\liblib_small_printf_m3.a(small_printf_nofloat.o)
 .debug_abbrev  0x00000a81      0x135 C:\nxp\LPCXpresso_5.2.4_2122\workspace\lib_small_printf_m3\Lib\liblib_small_printf_m3.a(small_printf_support.o)
 .debug_abbrev  0x00000bb6       0xc3 C:\nxp\LPCXpresso_5.2.4_2122\workspace\lib_small_printf_m3\Lib\liblib_small_printf_m3.a(small_utils.o)

.debug_loc      0x00000000     0x1101
 .debug_loc     0x00000000       0x2c ./src/auxiliares.o
 .debug_loc     0x0000002c      0x102 ./src/cr_startup_lpc176x.o
 .debug_loc     0x0000012e      0x124 ./src/debug.o
 .debug_loc     0x00000252      0x1f4 ./src/rtc.o
 .debug_loc     0x00000446       0x72 ./src/rtctest.o
 .debug_loc     0x000004b8      0x150 ./src/uart.o
 .debug_loc     0x00000608       0x90 ./src/xbee.o
 .debug_loc     0x00000698       0x20 C:\nxp\LPCXpresso_5.2.4_2122\workspace\CMSISv2p00_LPC17xx\Debug\libCMSISv2p00_LPC17xx.a(system_LPC17xx.o)
 .debug_loc     0x000006b8      0x4a0 C:\nxp\LPCXpresso_5.2.4_2122\workspace\lib_small_printf_m3\Lib\liblib_small_printf_m3.a(small_printf_nofloat.o)
 .debug_loc     0x00000b58      0x384 C:\nxp\LPCXpresso_5.2.4_2122\workspace\lib_small_printf_m3\Lib\liblib_small_printf_m3.a(small_printf_support.o)
 .debug_loc     0x00000edc      0x225 C:\nxp\LPCXpresso_5.2.4_2122\workspace\lib_small_printf_m3\Lib\liblib_small_printf_m3.a(small_utils.o)

.debug_aranges  0x00000000      0x2c0
 .debug_aranges
                0x00000000       0x20 ./src/auxiliares.o
 .debug_aranges
                0x00000020       0x80 ./src/cr_startup_lpc176x.o
 .debug_aranges
                0x000000a0       0x40 ./src/debug.o
 .debug_aranges
                0x000000e0       0x68 ./src/rtc.o
 .debug_aranges
                0x00000148       0x28 ./src/rtctest.o
 .debug_aranges
                0x00000170       0x48 ./src/uart.o
 .debug_aranges
                0x000001b8       0x30 ./src/xbee.o
 .debug_aranges
                0x000001e8       0x28 C:\nxp\LPCXpresso_5.2.4_2122\workspace\CMSISv2p00_LPC17xx\Debug\libCMSISv2p00_LPC17xx.a(system_LPC17xx.o)
 .debug_aranges
                0x00000210       0x30 C:\nxp\LPCXpresso_5.2.4_2122\workspace\lib_small_printf_m3\Lib\liblib_small_printf_m3.a(small_printf_nofloat.o)
 .debug_aranges
                0x00000240       0x38 C:\nxp\LPCXpresso_5.2.4_2122\workspace\lib_small_printf_m3\Lib\liblib_small_printf_m3.a(small_printf_support.o)
 .debug_aranges
                0x00000278       0x48 C:\nxp\LPCXpresso_5.2.4_2122\workspace\lib_small_printf_m3\Lib\liblib_small_printf_m3.a(small_utils.o)

.debug_ranges   0x00000000      0x240
 .debug_ranges  0x00000000       0x10 ./src/auxiliares.o
 .debug_ranges  0x00000010       0x70 ./src/cr_startup_lpc176x.o
 .debug_ranges  0x00000080       0x30 ./src/debug.o
 .debug_ranges  0x000000b0       0x58 ./src/rtc.o
 .debug_ranges  0x00000108       0x18 ./src/rtctest.o
 .debug_ranges  0x00000120       0x38 ./src/uart.o
 .debug_ranges  0x00000158       0x20 ./src/xbee.o
 .debug_ranges  0x00000178       0x18 C:\nxp\LPCXpresso_5.2.4_2122\workspace\CMSISv2p00_LPC17xx\Debug\libCMSISv2p00_LPC17xx.a(system_LPC17xx.o)
 .debug_ranges  0x00000190       0x38 C:\nxp\LPCXpresso_5.2.4_2122\workspace\lib_small_printf_m3\Lib\liblib_small_printf_m3.a(small_printf_nofloat.o)
 .debug_ranges  0x000001c8       0x40 C:\nxp\LPCXpresso_5.2.4_2122\workspace\lib_small_printf_m3\Lib\liblib_small_printf_m3.a(small_printf_support.o)
 .debug_ranges  0x00000208       0x38 C:\nxp\LPCXpresso_5.2.4_2122\workspace\lib_small_printf_m3\Lib\liblib_small_printf_m3.a(small_utils.o)

.debug_line     0x00000000     0x2e8a
 .debug_line    0x00000000      0x35a ./src/auxiliares.o
 .debug_line    0x0000035a      0x3ca ./src/cr_startup_lpc176x.o
 .debug_line    0x00000724      0x4fb ./src/debug.o
 .debug_line    0x00000c1f      0x52b ./src/rtc.o
 .debug_line    0x0000114a      0x545 ./src/rtctest.o
 .debug_line    0x0000168f      0x5c3 ./src/uart.o
 .debug_line    0x00001c52      0x439 ./src/xbee.o
 .debug_line    0x0000208b      0x3df C:\nxp\LPCXpresso_5.2.4_2122\workspace\CMSISv2p00_LPC17xx\Debug\libCMSISv2p00_LPC17xx.a(system_LPC17xx.o)
 .debug_line    0x0000246a      0x464 C:\nxp\LPCXpresso_5.2.4_2122\workspace\lib_small_printf_m3\Lib\liblib_small_printf_m3.a(small_printf_nofloat.o)
 .debug_line    0x000028ce      0x47a C:\nxp\LPCXpresso_5.2.4_2122\workspace\lib_small_printf_m3\Lib\liblib_small_printf_m3.a(small_printf_support.o)
 .debug_line    0x00002d48      0x142 C:\nxp\LPCXpresso_5.2.4_2122\workspace\lib_small_printf_m3\Lib\liblib_small_printf_m3.a(small_utils.o)

.debug_macinfo  0x00000000    0x4413f
 .debug_macinfo
                0x00000000     0x3cd6 ./src/auxiliares.o
 .debug_macinfo
                0x00003cd6     0x3d42 ./src/cr_startup_lpc176x.o
 .debug_macinfo
                0x00007a18     0x8550 ./src/debug.o
 .debug_macinfo
                0x0000ff68     0x874f ./src/rtc.o
 .debug_macinfo
                0x000186b7     0x8c16 ./src/rtctest.o
 .debug_macinfo
                0x000212cd     0x869b ./src/uart.o
 .debug_macinfo
                0x00029968     0x8291 ./src/xbee.o
 .debug_macinfo
                0x00031bf9     0x8533 C:\nxp\LPCXpresso_5.2.4_2122\workspace\CMSISv2p00_LPC17xx\Debug\libCMSISv2p00_LPC17xx.a(system_LPC17xx.o)
 .debug_macinfo
                0x0003a12c     0x3e6f C:\nxp\LPCXpresso_5.2.4_2122\workspace\lib_small_printf_m3\Lib\liblib_small_printf_m3.a(small_printf_nofloat.o)
 .debug_macinfo
                0x0003df9b     0x3e7e C:\nxp\LPCXpresso_5.2.4_2122\workspace\lib_small_printf_m3\Lib\liblib_small_printf_m3.a(small_printf_support.o)
 .debug_macinfo
                0x00041e19     0x2326 C:\nxp\LPCXpresso_5.2.4_2122\workspace\lib_small_printf_m3\Lib\liblib_small_printf_m3.a(small_utils.o)

.debug_str      0x00000000     0x1244
 .debug_str     0x00000000      0x33a ./src/auxiliares.o
                                0x36a (size before relaxing)
 .debug_str     0x0000033a      0x17a ./src/cr_startup_lpc176x.o
                                0x273 (size before relaxing)
 .debug_str     0x000004b4      0x11c ./src/debug.o
                                0x224 (size before relaxing)
 .debug_str     0x000005d0      0x388 ./src/rtc.o
                                0x4c5 (size before relaxing)
 .debug_str     0x00000958      0x26a ./src/rtctest.o
                                0x438 (size before relaxing)
 .debug_str     0x00000bc2      0x3c1 ./src/uart.o
                                0x8c6 (size before relaxing)
 .debug_str     0x00000f83       0x6e ./src/xbee.o
                                0x2c2 (size before relaxing)
 .debug_str     0x00000ff1       0x79 C:\nxp\LPCXpresso_5.2.4_2122\workspace\CMSISv2p00_LPC17xx\Debug\libCMSISv2p00_LPC17xx.a(system_LPC17xx.o)
                                0x2b3 (size before relaxing)
 .debug_str     0x0000106a       0xc1 C:\nxp\LPCXpresso_5.2.4_2122\workspace\lib_small_printf_m3\Lib\liblib_small_printf_m3.a(small_printf_nofloat.o)
                                0x1d3 (size before relaxing)
 .debug_str     0x0000112b       0xad C:\nxp\LPCXpresso_5.2.4_2122\workspace\lib_small_printf_m3\Lib\liblib_small_printf_m3.a(small_printf_support.o)
                                0x1f0 (size before relaxing)
 .debug_str     0x000011d8       0x6c C:\nxp\LPCXpresso_5.2.4_2122\workspace\lib_small_printf_m3\Lib\liblib_small_printf_m3.a(small_utils.o)
                                0x120 (size before relaxing)

.comment        0x00000000       0xe0
 .comment       0x00000000       0x70 ./src/auxiliares.o
                                 0x71 (size before relaxing)
 .comment       0x00000000       0x71 ./src/cr_startup_lpc176x.o
 .comment       0x00000000       0x71 ./src/debug.o
 .comment       0x00000000       0x71 ./src/rtc.o
 .comment       0x00000000       0x71 ./src/rtctest.o
 .comment       0x00000000       0x71 ./src/uart.o
 .comment       0x00000000       0x71 ./src/xbee.o
 .comment       0x00000000       0x71 C:\nxp\LPCXpresso_5.2.4_2122\workspace\CMSISv2p00_LPC17xx\Debug\libCMSISv2p00_LPC17xx.a(system_LPC17xx.o)
 .comment       0x00000000       0x71 C:\nxp\LPCXpresso_5.2.4_2122\workspace\lib_small_printf_m3\Lib\liblib_small_printf_m3.a(small_printf_nofloat.o)
 .comment       0x00000000       0x71 C:\nxp\LPCXpresso_5.2.4_2122\workspace\lib_small_printf_m3\Lib\liblib_small_printf_m3.a(small_printf_support.o)
 .comment       0x00000000       0x71 C:\nxp\LPCXpresso_5.2.4_2122\workspace\lib_small_printf_m3\Lib\liblib_small_printf_m3.a(small_utils.o)
 .comment       0x00000070       0x70 c:/nxp/lpcxpresso_5.2.4_2122/lpcxpresso/tools/bin/../lib/gcc/arm-none-eabi/4.6.2/../../../../arm-none-eabi/lib/armv7-m\libcr_semihost.a(_cr__main.o)
                                 0x71 (size before relaxing)
 .comment       0x00000000       0x71 c:/nxp/lpcxpresso_5.2.4_2122/lpcxpresso/tools/bin/../lib/gcc/arm-none-eabi/4.6.2/../../../../arm-none-eabi/lib/armv7-m\libcr_c.a(initio.o)
 .comment       0x00000000       0x71 c:/nxp/lpcxpresso_5.2.4_2122/lpcxpresso/tools/bin/../lib/gcc/arm-none-eabi/4.6.2/../../../../arm-none-eabi/lib/armv7-m\libcr_c.a(setvbuf.o)
 .comment       0x00000000       0x71 c:/nxp/lpcxpresso_5.2.4_2122/lpcxpresso/tools/bin/../lib/gcc/arm-none-eabi/4.6.2/../../../../arm-none-eabi/lib/armv7-m\libcr_c.a(stdio.o)
 .comment       0x00000000       0x71 c:/nxp/lpcxpresso_5.2.4_2122/lpcxpresso/tools/bin/../lib/gcc/arm-none-eabi/4.6.2/../../../../arm-none-eabi/lib/armv7-m\libcr_c.a(memset.o)
 .comment       0x00000000       0x71 c:/nxp/lpcxpresso_5.2.4_2122/lpcxpresso/tools/bin/../lib/gcc/arm-none-eabi/4.6.2/../../../../arm-none-eabi/lib/armv7-m\libcr_c.a(__fillbuf.o)
 .comment       0x00000000       0x71 c:/nxp/lpcxpresso_5.2.4_2122/lpcxpresso/tools/bin/../lib/gcc/arm-none-eabi/4.6.2/../../../../arm-none-eabi/lib/armv7-m\libcr_c.a(_deferredlazyseek.o)
 .comment       0x00000000       0x71 c:/nxp/lpcxpresso_5.2.4_2122/lpcxpresso/tools/bin/../lib/gcc/arm-none-eabi/4.6.2/../../../../arm-none-eabi/lib/armv7-m\libcr_c.a(_fdopen.o)
 .comment       0x00000000       0x71 c:/nxp/lpcxpresso_5.2.4_2122/lpcxpresso/tools/bin/../lib/gcc/arm-none-eabi/4.6.2/../../../../arm-none-eabi/lib/armv7-m\libcr_c.a(_fflush.o)
 .comment       0x00000000       0x71 c:/nxp/lpcxpresso_5.2.4_2122/lpcxpresso/tools/bin/../lib/gcc/arm-none-eabi/4.6.2/../../../../arm-none-eabi/lib/armv7-m\libcr_c.a(_writebuf.o)
 .comment       0x00000000       0x71 c:/nxp/lpcxpresso_5.2.4_2122/lpcxpresso/tools/bin/../lib/gcc/arm-none-eabi/4.6.2/../../../../arm-none-eabi/lib/armv7-m\libcr_c.a(alloc.o)
 .comment       0x00000000       0x71 c:/nxp/lpcxpresso_5.2.4_2122/lpcxpresso/tools/bin/../lib/gcc/arm-none-eabi/4.6.2/../../../../arm-none-eabi/lib/armv7-m\libcr_c.a(fclose.o)
 .comment       0x00000000       0x71 c:/nxp/lpcxpresso_5.2.4_2122/lpcxpresso/tools/bin/../lib/gcc/arm-none-eabi/4.6.2/../../../../arm-none-eabi/lib/armv7-m\libcr_c.a(fflush.o)
 .comment       0x00000000       0x71 c:/nxp/lpcxpresso_5.2.4_2122/lpcxpresso/tools/bin/../lib/gcc/arm-none-eabi/4.6.2/../../../../arm-none-eabi/lib/armv7-m\libcr_c.a(fseek.o)
 .comment       0x00000000       0x71 c:/nxp/lpcxpresso_5.2.4_2122/lpcxpresso/tools/bin/../lib/gcc/arm-none-eabi/4.6.2/../../../../arm-none-eabi/lib/armv7-m\libcr_c.a(ftell.o)
 .comment       0x00000000       0x71 c:/nxp/lpcxpresso_5.2.4_2122/lpcxpresso/tools/bin/../lib/gcc/arm-none-eabi/4.6.2/../../../../arm-none-eabi/lib/armv7-m\libcr_c.a(remove.o)
 .comment       0x00000000       0x71 c:/nxp/lpcxpresso_5.2.4_2122/lpcxpresso/tools/bin/../lib/gcc/arm-none-eabi/4.6.2/../../../../arm-none-eabi/lib/armv7-m\libcr_c.a(strlen.o)
 .comment       0x00000000       0x71 c:/nxp/lpcxpresso_5.2.4_2122/lpcxpresso/tools/bin/../lib/gcc/arm-none-eabi/4.6.2/../../../../arm-none-eabi/lib/armv7-m\libcr_c.a(memcpy.o)
 .comment       0x00000000       0x71 c:/nxp/lpcxpresso_5.2.4_2122/lpcxpresso/tools/bin/../lib/gcc/arm-none-eabi/4.6.2/../../../../arm-none-eabi/lib/armv7-m\libcr_c.a(__init_alloc.o)
 .comment       0x00000000       0x71 c:/nxp/lpcxpresso_5.2.4_2122/lpcxpresso/tools/bin/../lib/gcc/arm-none-eabi/4.6.2/../../../../arm-none-eabi/lib/armv7-m\libcr_c.a(_do_fflush.o)
 .comment       0x00000000       0x71 c:/nxp/lpcxpresso_5.2.4_2122/lpcxpresso/tools/bin/../lib/gcc/arm-none-eabi/4.6.2/../../../../arm-none-eabi/lib/armv7-m\libcr_c.a(errno.o)
 .comment       0x00000000       0x71 c:/nxp/lpcxpresso_5.2.4_2122/lpcxpresso/tools/bin/../lib/gcc/arm-none-eabi/4.6.2/armv7-m\libcr_eabihelpers.a(double.o)
 .comment       0x00000000       0x71 c:/nxp/lpcxpresso_5.2.4_2122/lpcxpresso/tools/bin/../lib/gcc/arm-none-eabi/4.6.2/../../../../arm-none-eabi/lib/armv7-m\libcr_semihost.a(_cr_sbrk.o)
 .comment       0x00000000       0x71 c:/nxp/lpcxpresso_5.2.4_2122/lpcxpresso/tools/bin/../lib/gcc/arm-none-eabi/4.6.2/../../../../arm-none-eabi/lib/armv7-m\libcr_semihost.a(_cr_check_heap.o)

.ARM.attributes
                0x00000000       0x31
 .ARM.attributes
                0x00000000       0x33 ./src/auxiliares.o
 .ARM.attributes
                0x00000033       0x33 ./src/cr_startup_lpc176x.o
 .ARM.attributes
                0x00000066       0x33 ./src/debug.o
 .ARM.attributes
                0x00000099       0x33 ./src/rtc.o
 .ARM.attributes
                0x000000cc       0x33 ./src/rtctest.o
 .ARM.attributes
                0x000000ff       0x33 ./src/uart.o
 .ARM.attributes
                0x00000132       0x33 ./src/xbee.o
 .ARM.attributes
                0x00000165       0x33 C:\nxp\LPCXpresso_5.2.4_2122\workspace\CMSISv2p00_LPC17xx\Debug\libCMSISv2p00_LPC17xx.a(system_LPC17xx.o)
 .ARM.attributes
                0x00000198       0x33 C:\nxp\LPCXpresso_5.2.4_2122\workspace\lib_small_printf_m3\Lib\liblib_small_printf_m3.a(small_printf_nofloat.o)
 .ARM.attributes
                0x000001cb       0x33 C:\nxp\LPCXpresso_5.2.4_2122\workspace\lib_small_printf_m3\Lib\liblib_small_printf_m3.a(small_printf_support.o)
 .ARM.attributes
                0x000001fe       0x33 C:\nxp\LPCXpresso_5.2.4_2122\workspace\lib_small_printf_m3\Lib\liblib_small_printf_m3.a(small_utils.o)
 .ARM.attributes
                0x00000231       0x21 c:/nxp/lpcxpresso_5.2.4_2122/lpcxpresso/tools/bin/../lib/gcc/arm-none-eabi/4.6.2/../../../../arm-none-eabi/lib/armv7-m\libcr_semihost.a(__sys_write.o)
 .ARM.attributes
                0x00000252       0x33 c:/nxp/lpcxpresso_5.2.4_2122/lpcxpresso/tools/bin/../lib/gcc/arm-none-eabi/4.6.2/../../../../arm-none-eabi/lib/armv7-m\libcr_semihost.a(_cr__main.o)
 .ARM.attributes
                0x00000285       0x33 c:/nxp/lpcxpresso_5.2.4_2122/lpcxpresso/tools/bin/../lib/gcc/arm-none-eabi/4.6.2/../../../../arm-none-eabi/lib/armv7-m\libcr_c.a(initio.o)
 .ARM.attributes
                0x000002b8       0x33 c:/nxp/lpcxpresso_5.2.4_2122/lpcxpresso/tools/bin/../lib/gcc/arm-none-eabi/4.6.2/../../../../arm-none-eabi/lib/armv7-m\libcr_c.a(setvbuf.o)
 .ARM.attributes
                0x000002eb       0x33 c:/nxp/lpcxpresso_5.2.4_2122/lpcxpresso/tools/bin/../lib/gcc/arm-none-eabi/4.6.2/../../../../arm-none-eabi/lib/armv7-m\libcr_c.a(stdio.o)
 .ARM.attributes
                0x0000031e       0x33 c:/nxp/lpcxpresso_5.2.4_2122/lpcxpresso/tools/bin/../lib/gcc/arm-none-eabi/4.6.2/../../../../arm-none-eabi/lib/armv7-m\libcr_c.a(memset.o)
 .ARM.attributes
                0x00000351       0x33 c:/nxp/lpcxpresso_5.2.4_2122/lpcxpresso/tools/bin/../lib/gcc/arm-none-eabi/4.6.2/../../../../arm-none-eabi/lib/armv7-m\libcr_c.a(__fillbuf.o)
 .ARM.attributes
                0x00000384       0x33 c:/nxp/lpcxpresso_5.2.4_2122/lpcxpresso/tools/bin/../lib/gcc/arm-none-eabi/4.6.2/../../../../arm-none-eabi/lib/armv7-m\libcr_c.a(_deferredlazyseek.o)
 .ARM.attributes
                0x000003b7       0x33 c:/nxp/lpcxpresso_5.2.4_2122/lpcxpresso/tools/bin/../lib/gcc/arm-none-eabi/4.6.2/../../../../arm-none-eabi/lib/armv7-m\libcr_c.a(_fdopen.o)
 .ARM.attributes
                0x000003ea       0x33 c:/nxp/lpcxpresso_5.2.4_2122/lpcxpresso/tools/bin/../lib/gcc/arm-none-eabi/4.6.2/../../../../arm-none-eabi/lib/armv7-m\libcr_c.a(_fflush.o)
 .ARM.attributes
                0x0000041d       0x33 c:/nxp/lpcxpresso_5.2.4_2122/lpcxpresso/tools/bin/../lib/gcc/arm-none-eabi/4.6.2/../../../../arm-none-eabi/lib/armv7-m\libcr_c.a(_writebuf.o)
 .ARM.attributes
                0x00000450       0x33 c:/nxp/lpcxpresso_5.2.4_2122/lpcxpresso/tools/bin/../lib/gcc/arm-none-eabi/4.6.2/../../../../arm-none-eabi/lib/armv7-m\libcr_c.a(alloc.o)
 .ARM.attributes
                0x00000483       0x33 c:/nxp/lpcxpresso_5.2.4_2122/lpcxpresso/tools/bin/../lib/gcc/arm-none-eabi/4.6.2/../../../../arm-none-eabi/lib/armv7-m\libcr_c.a(fclose.o)
 .ARM.attributes
                0x000004b6       0x33 c:/nxp/lpcxpresso_5.2.4_2122/lpcxpresso/tools/bin/../lib/gcc/arm-none-eabi/4.6.2/../../../../arm-none-eabi/lib/armv7-m\libcr_c.a(fflush.o)
 .ARM.attributes
                0x000004e9       0x33 c:/nxp/lpcxpresso_5.2.4_2122/lpcxpresso/tools/bin/../lib/gcc/arm-none-eabi/4.6.2/../../../../arm-none-eabi/lib/armv7-m\libcr_c.a(fseek.o)
 .ARM.attributes
                0x0000051c       0x33 c:/nxp/lpcxpresso_5.2.4_2122/lpcxpresso/tools/bin/../lib/gcc/arm-none-eabi/4.6.2/../../../../arm-none-eabi/lib/armv7-m\libcr_c.a(ftell.o)
 .ARM.attributes
                0x0000054f       0x33 c:/nxp/lpcxpresso_5.2.4_2122/lpcxpresso/tools/bin/../lib/gcc/arm-none-eabi/4.6.2/../../../../arm-none-eabi/lib/armv7-m\libcr_c.a(remove.o)
 .ARM.attributes
                0x00000582       0x33 c:/nxp/lpcxpresso_5.2.4_2122/lpcxpresso/tools/bin/../lib/gcc/arm-none-eabi/4.6.2/../../../../arm-none-eabi/lib/armv7-m\libcr_c.a(strlen.o)
 .ARM.attributes
                0x000005b5       0x33 c:/nxp/lpcxpresso_5.2.4_2122/lpcxpresso/tools/bin/../lib/gcc/arm-none-eabi/4.6.2/../../../../arm-none-eabi/lib/armv7-m\libcr_c.a(memcpy.o)
 .ARM.attributes
                0x000005e8       0x33 c:/nxp/lpcxpresso_5.2.4_2122/lpcxpresso/tools/bin/../lib/gcc/arm-none-eabi/4.6.2/../../../../arm-none-eabi/lib/armv7-m\libcr_c.a(__init_alloc.o)
 .ARM.attributes
                0x0000061b       0x33 c:/nxp/lpcxpresso_5.2.4_2122/lpcxpresso/tools/bin/../lib/gcc/arm-none-eabi/4.6.2/../../../../arm-none-eabi/lib/armv7-m\libcr_c.a(_do_fflush.o)
 .ARM.attributes
                0x0000064e       0x33 c:/nxp/lpcxpresso_5.2.4_2122/lpcxpresso/tools/bin/../lib/gcc/arm-none-eabi/4.6.2/../../../../arm-none-eabi/lib/armv7-m\libcr_c.a(errno.o)
 .ARM.attributes
                0x00000681       0x21 c:/nxp/lpcxpresso_5.2.4_2122/lpcxpresso/tools/bin/../lib/gcc/arm-none-eabi/4.6.2/armv7-m\libcr_eabihelpers.a(division.o)
 .ARM.attributes
                0x000006a2       0x33 c:/nxp/lpcxpresso_5.2.4_2122/lpcxpresso/tools/bin/../lib/gcc/arm-none-eabi/4.6.2/armv7-m\libcr_eabihelpers.a(double.o)
 .ARM.attributes
                0x000006d5       0x21 c:/nxp/lpcxpresso_5.2.4_2122/lpcxpresso/tools/bin/../lib/gcc/arm-none-eabi/4.6.2/armv7-m\libcr_eabihelpers.a(memcpy.o)
 .ARM.attributes
                0x000006f6       0x21 c:/nxp/lpcxpresso_5.2.4_2122/lpcxpresso/tools/bin/../lib/gcc/arm-none-eabi/4.6.2/../../../../arm-none-eabi/lib/armv7-m\libcr_semihost.a(__sys_appexit.o)
 .ARM.attributes
                0x00000717       0x21 c:/nxp/lpcxpresso_5.2.4_2122/lpcxpresso/tools/bin/../lib/gcc/arm-none-eabi/4.6.2/../../../../arm-none-eabi/lib/armv7-m\libcr_semihost.a(__sys_close.o)
 .ARM.attributes
                0x00000738       0x21 c:/nxp/lpcxpresso_5.2.4_2122/lpcxpresso/tools/bin/../lib/gcc/arm-none-eabi/4.6.2/../../../../arm-none-eabi/lib/armv7-m\libcr_semihost.a(__sys_flen.o)
 .ARM.attributes
                0x00000759       0x21 c:/nxp/lpcxpresso_5.2.4_2122/lpcxpresso/tools/bin/../lib/gcc/arm-none-eabi/4.6.2/../../../../arm-none-eabi/lib/armv7-m\libcr_semihost.a(__sys_istty.o)
 .ARM.attributes
                0x0000077a       0x21 c:/nxp/lpcxpresso_5.2.4_2122/lpcxpresso/tools/bin/../lib/gcc/arm-none-eabi/4.6.2/../../../../arm-none-eabi/lib/armv7-m\libcr_semihost.a(__sys_read.o)
 .ARM.attributes
                0x0000079b       0x21 c:/nxp/lpcxpresso_5.2.4_2122/lpcxpresso/tools/bin/../lib/gcc/arm-none-eabi/4.6.2/../../../../arm-none-eabi/lib/armv7-m\libcr_semihost.a(__sys_readc.o)
 .ARM.attributes
                0x000007bc       0x21 c:/nxp/lpcxpresso_5.2.4_2122/lpcxpresso/tools/bin/../lib/gcc/arm-none-eabi/4.6.2/../../../../arm-none-eabi/lib/armv7-m\libcr_semihost.a(__sys_remove.o)
 .ARM.attributes
                0x000007dd       0x21 c:/nxp/lpcxpresso_5.2.4_2122/lpcxpresso/tools/bin/../lib/gcc/arm-none-eabi/4.6.2/../../../../arm-none-eabi/lib/armv7-m\libcr_semihost.a(__sys_rename.o)
 .ARM.attributes
                0x000007fe       0x21 c:/nxp/lpcxpresso_5.2.4_2122/lpcxpresso/tools/bin/../lib/gcc/arm-none-eabi/4.6.2/../../../../arm-none-eabi/lib/armv7-m\libcr_semihost.a(__sys_seek.o)
 .ARM.attributes
                0x0000081f       0x21 c:/nxp/lpcxpresso_5.2.4_2122/lpcxpresso/tools/bin/../lib/gcc/arm-none-eabi/4.6.2/../../../../arm-none-eabi/lib/armv7-m\libcr_semihost.a(__sys_tmpnam.o)
 .ARM.attributes
                0x00000840       0x33 c:/nxp/lpcxpresso_5.2.4_2122/lpcxpresso/tools/bin/../lib/gcc/arm-none-eabi/4.6.2/../../../../arm-none-eabi/lib/armv7-m\libcr_semihost.a(_cr_sbrk.o)
 .ARM.attributes
                0x00000873       0x33 c:/nxp/lpcxpresso_5.2.4_2122/lpcxpresso/tools/bin/../lib/gcc/arm-none-eabi/4.6.2/../../../../arm-none-eabi/lib/armv7-m\libcr_semihost.a(_cr_check_heap.o)

.debug_frame    0x00000000      0x630
 .debug_frame   0x00000000       0x28 ./src/auxiliares.o
 .debug_frame   0x00000028       0xf4 ./src/cr_startup_lpc176x.o
 .debug_frame   0x0000011c       0xb8 ./src/debug.o
 .debug_frame   0x000001d4      0x11c ./src/rtc.o
 .debug_frame   0x000002f0       0x50 ./src/rtctest.o
 .debug_frame   0x00000340       0xc0 ./src/uart.o
 .debug_frame   0x00000400       0x5c ./src/xbee.o
 .debug_frame   0x0000045c       0x3c C:\nxp\LPCXpresso_5.2.4_2122\workspace\CMSISv2p00_LPC17xx\Debug\libCMSISv2p00_LPC17xx.a(system_LPC17xx.o)
 .debug_frame   0x00000498       0x80 C:\nxp\LPCXpresso_5.2.4_2122\workspace\lib_small_printf_m3\Lib\liblib_small_printf_m3.a(small_printf_nofloat.o)
 .debug_frame   0x00000518       0x7c C:\nxp\LPCXpresso_5.2.4_2122\workspace\lib_small_printf_m3\Lib\liblib_small_printf_m3.a(small_printf_support.o)
 .debug_frame   0x00000594       0x9c C:\nxp\LPCXpresso_5.2.4_2122\workspace\lib_small_printf_m3\Lib\liblib_small_printf_m3.a(small_utils.o)
