Archive member included because of file (symbol)

/home/fanaur/Desktop/workspace/CMSISv2p00_LPC17xx/Debug/libCMSISv2p00_LPC17xx.a(system_LPC17xx.o)
                              ./src/main.o (SystemInit)
/home/fanaur/Desktop/workspace/libDriversMcuPeripherals/Debug/libDriversMcuPeripherals.a(lpc17xx_adc.o)
                              ./src/Tasks/Adc/taskAdc.o (ADC_Init)
/home/fanaur/Desktop/workspace/libDriversMcuPeripherals/Debug/libDriversMcuPeripherals.a(lpc17xx_clkpwr.o)
                              /home/fanaur/Desktop/workspace/libDriversMcuPeripherals/Debug/libDriversMcuPeripherals.a(lpc17xx_adc.o) (CLKPWR_GetPCLK)
/home/fanaur/Desktop/workspace/libDriversMcuPeripherals/Debug/libDriversMcuPeripherals.a(lpc17xx_libcfg_default.o)
                              /home/fanaur/Desktop/workspace/libDriversMcuPeripherals/Debug/libDriversMcuPeripherals.a(lpc17xx_adc.o) (check_failed)
/home/fanaur/Desktop/workspace/libDriversMcuPeripherals/Debug/libDriversMcuPeripherals.a(lpc17xx_pinsel.o)
                              ./src/Tasks/PcCommunication/API_Uart.o (PINSEL_ConfigPin)
/home/fanaur/Desktop/workspace/libDriversMcuPeripherals/Debug/libDriversMcuPeripherals.a(lpc17xx_rtc.o)
                              ./src/main.o (RTC_Init)
/home/fanaur/Desktop/workspace/libDriversMcuPeripherals/Debug/libDriversMcuPeripherals.a(lpc17xx_uart.o)
                              ./src/Tasks/PcCommunication/API_Uart.o (UART_Init)
/usr/local/lpcxpresso_4.2.0_224/lpcxpresso/tools/bin/../lib/gcc/arm-none-eabi/4.5.1/../../../../arm-none-eabi/lib/thumb2/libcr_semihost.a(_cr__main.o)
                              ./src/cr_startup_lpc17.o (__main)
/usr/local/lpcxpresso_4.2.0_224/lpcxpresso/tools/bin/../lib/gcc/arm-none-eabi/4.5.1/../../../../arm-none-eabi/lib/thumb2/libcr_c.a(alloc.o)
                              ./src/Tasks/ezxml.o (malloc)
/usr/local/lpcxpresso_4.2.0_224/lpcxpresso/tools/bin/../lib/gcc/arm-none-eabi/4.5.1/../../../../arm-none-eabi/lib/thumb2/libcr_c.a(cos.o)
                              ./src/Tasks/Adc/taskAdc.o (cos)
/usr/local/lpcxpresso_4.2.0_224/lpcxpresso/tools/bin/../lib/gcc/arm-none-eabi/4.5.1/../../../../arm-none-eabi/lib/thumb2/libcr_c.a(ctype.o)
                              ./src/Tasks/ezxml.o (__ctype)
/usr/local/lpcxpresso_4.2.0_224/lpcxpresso/tools/bin/../lib/gcc/arm-none-eabi/4.5.1/../../../../arm-none-eabi/lib/thumb2/libcr_c.a(fpprintf.o)
                              ./src/Tasks/ezxml.o (sprintf)
/usr/local/lpcxpresso_4.2.0_224/lpcxpresso/tools/bin/../lib/gcc/arm-none-eabi/4.5.1/../../../../arm-none-eabi/lib/thumb2/libcr_c.a(initio.o)
                              /usr/local/lpcxpresso_4.2.0_224/lpcxpresso/tools/bin/../lib/gcc/arm-none-eabi/4.5.1/../../../../arm-none-eabi/lib/thumb2/libcr_semihost.a(_cr__main.o) (_initio)
/usr/local/lpcxpresso_4.2.0_224/lpcxpresso/tools/bin/../lib/gcc/arm-none-eabi/4.5.1/../../../../arm-none-eabi/lib/thumb2/libcr_c.a(memcmp.o)
                              ./src/Tasks/WebServer/tcpip.o (memcmp)
/usr/local/lpcxpresso_4.2.0_224/lpcxpresso/tools/bin/../lib/gcc/arm-none-eabi/4.5.1/../../../../arm-none-eabi/lib/thumb2/libcr_c.a(printf.o)
                              /usr/local/lpcxpresso_4.2.0_224/lpcxpresso/tools/bin/../lib/gcc/arm-none-eabi/4.5.1/../../../../arm-none-eabi/lib/thumb2/libcr_c.a(fpprintf.o) (__vfprintf)
/usr/local/lpcxpresso_4.2.0_224/lpcxpresso/tools/bin/../lib/gcc/arm-none-eabi/4.5.1/../../../../arm-none-eabi/lib/thumb2/libcr_c.a(scanf.o)
                              ./src/Tasks/ezxml.o (strtol)
/usr/local/lpcxpresso_4.2.0_224/lpcxpresso/tools/bin/../lib/gcc/arm-none-eabi/4.5.1/../../../../arm-none-eabi/lib/thumb2/libcr_c.a(setvbuf.o)
                              /usr/local/lpcxpresso_4.2.0_224/lpcxpresso/tools/bin/../lib/gcc/arm-none-eabi/4.5.1/../../../../arm-none-eabi/lib/thumb2/libcr_c.a(initio.o) (setvbuf)
/usr/local/lpcxpresso_4.2.0_224/lpcxpresso/tools/bin/../lib/gcc/arm-none-eabi/4.5.1/../../../../arm-none-eabi/lib/thumb2/libcr_c.a(stdio.o)
                              /usr/local/lpcxpresso_4.2.0_224/lpcxpresso/tools/bin/../lib/gcc/arm-none-eabi/4.5.1/../../../../arm-none-eabi/lib/thumb2/libcr_c.a(fpprintf.o) (__Ciob)
/usr/local/lpcxpresso_4.2.0_224/lpcxpresso/tools/bin/../lib/gcc/arm-none-eabi/4.5.1/../../../../arm-none-eabi/lib/thumb2/libcr_c.a(strcat.o)
                              ./src/Tasks/WebServer/taskWebServer.o (strcat)
/usr/local/lpcxpresso_4.2.0_224/lpcxpresso/tools/bin/../lib/gcc/arm-none-eabi/4.5.1/../../../../arm-none-eabi/lib/thumb2/libcr_c.a(strchr.o)
                              ./src/Tasks/ezxml.o (strchr)
/usr/local/lpcxpresso_4.2.0_224/lpcxpresso/tools/bin/../lib/gcc/arm-none-eabi/4.5.1/../../../../arm-none-eabi/lib/thumb2/libcr_c.a(strcmp.o)
                              ./src/Tasks/ezxml.o (strcmp)
/usr/local/lpcxpresso_4.2.0_224/lpcxpresso/tools/bin/../lib/gcc/arm-none-eabi/4.5.1/../../../../arm-none-eabi/lib/thumb2/libcr_c.a(strcpy.o)
                              ./src/Tasks/ezxml.o (strcpy)
[...]
Memory Configuration

Name             Origin             Length             Attributes
MFlash512        0x00000000         0x00080000         xr
RamLoc32         0x10000000         0x00008000         xrw
RamAHB32         0x2007c000         0x00008000         xrw
*default*        0x00000000         0xffffffff

Linker script and memory map

LOAD ./src/cmdPcCom.o
LOAD ./src/cr_startup_lpc17.o
LOAD ./src/main.o
LOAD ./src/Tasks/ezxml.o
LOAD ./src/Tasks/WebServer/ethmac.o
LOAD ./src/Tasks/WebServer/taskWebServer.o
LOAD ./src/Tasks/WebServer/tcpip.o
LOAD ./src/Tasks/SdCard/FatFS_support.o
LOAD ./src/Tasks/SdCard/ff.o
LOAD ./src/Tasks/SdCard/taskSdCard.o
LOAD ./src/Tasks/SdCard/option/syscall.o
LOAD ./src/Tasks/SdCard/lib_FatFS/src/option/cc932.o
LOAD ./src/Tasks/SdCard/lib_FatFS/src/option/syscall.o
LOAD ./src/Tasks/SdCard/lib_FatFS/src/lpc1xxx_spi_sd/lpc17xx_spi.o
LOAD ./src/Tasks/SdCard/lib_FatFS/src/lpc1xxx_spi_sd/sd.o
LOAD ./src/Tasks/SdCard/lib_FatFS/src/clocking.o
LOAD ./src/Tasks/PcCommunication/API_Uart.o
LOAD ./src/Tasks/PcCommunication/ProtocolPCComunicaction.o
LOAD ./src/Tasks/PcCommunication/ProtocolPCComunication.o
LOAD ./src/Tasks/PcCommunication/taskPcCommunication.o
LOAD ./src/Tasks/KeepAlive/taskKeepAlive.o
LOAD ./src/Tasks/Core/taskCore.o
LOAD ./src/Tasks/Adc/taskAdc.o
LOAD ./FreeRTOS_src/croutine.o
LOAD ./FreeRTOS_src/list.o
LOAD ./FreeRTOS_src/queue.o
LOAD ./FreeRTOS_src/tasks.o
LOAD ./FreeRTOS_src/timers.o
LOAD ./FreeRTOS_portable/port.o
LOAD ./FreeRTOS_portable/MemMang/heap_2.o
LOAD /home/fanaur/Desktop/workspace/CMSISv2p00_LPC17xx/Debug/libCMSISv2p00_LPC17xx.a
LOAD /home/fanaur/Desktop/workspace/libDriversMcuPeripherals/Debug/libDriversMcuPeripherals.a
START GROUP
LOAD /usr/local/lpcxpresso_4.2.0_224/lpcxpresso/tools/bin/../lib/gcc/arm-none-eabi/4.5.1/../../../../arm-none-eabi/lib/thumb2/libcr_semihost.a
LOAD /usr/local/lpcxpresso_4.2.0_224/lpcxpresso/tools/bin/../lib/gcc/arm-none-eabi/4.5.1/../../../../arm-none-eabi/lib/thumb2/libcr_c.a
LOAD /usr/local/lpcxpresso_4.2.0_224/lpcxpresso/tools/bin/../lib/gcc/arm-none-eabi/4.5.1/thumb2/libcr_eabihelpers.a
END GROUP
                0x00080000                __top_MFlash512 = 0x80000
                0x10008000                __top_RamLoc32 = 0x10008000
                0x20084000                __top_RamAHB32 = 0x20084000

.text           0x00000000     0xd9a0
 FILL mask 0xff
 *(.isr_vector)
 .isr_vector    0x00000000       0xcc ./src/cr_startup_lpc17.o
                0x00000000                g_pfnVectors
                0x000000cc                . = ALIGN (0x4)
                0x000000cc                __section_table_start = .
                0x000000cc                __data_section_table = .
                0x000000cc        0x4 LONG 0xd9a0 LOADADDR (.data)
                0x000000d0        0x4 LONG 0x10000000 ADDR (.data)
                0x000000d4        0x4 LONG 0x18 SIZEOF (.data)
                0x000000d8        0x4 LONG 0xd9a0 LOADADDR (.data_RAM2)
                0x000000dc        0x4 LONG 0x2007c000 ADDR (.data_RAM2)
                0x000000e0        0x4 LONG 0x0 SIZEOF (.data_RAM2)
                0x000000e4                __data_section_table_end = .
                0x000000e4                __bss_section_table = .
                0x000000e4        0x4 LONG 0x10000018 ADDR (.bss)
                0x000000e8        0x4 LONG 0x7e18 SIZEOF (.bss)
                0x000000ec        0x4 LONG 0x2007c000 ADDR (.bss_RAM2)
                0x000000f0        0x4 LONG 0x0 SIZEOF (.bss_RAM2)
                0x000000f4                __bss_section_table_end = .
                0x000000f4                __section_table_end = .
 *(.after_vectors*)
 *(.text*)
 .text.ResetISR
                0x000000f4       0x64 ./src/cr_startup_lpc17.o
                0x000000f4                ResetISR
 .text.NMI_Handler
                0x00000158        0x8 ./src/cr_startup_lpc17.o
                0x00000158                NMI_Handler
 .text.HardFault_Handler
                0x00000160        0x8 ./src/cr_startup_lpc17.o
                0x00000160                HardFault_Handler
 .text.MemManage_Handler
                0x00000168        0x8 ./src/cr_startup_lpc17.o
                0x00000168                MemManage_Handler
 .text.BusFault_Handler
                0x00000170        0x8 ./src/cr_startup_lpc17.o
                0x00000170                BusFault_Handler
 .text.UsageFault_Handler
                0x00000178        0x8 ./src/cr_startup_lpc17.o
                0x00000178                UsageFault_Handler
 .text.DebugMon_Handler
                0x00000180        0x8 ./src/cr_startup_lpc17.o
                0x00000180                DebugMon_Handler
 .text.IntDefaultHandler
                0x00000188        0x8 ./src/cr_startup_lpc17.o
                0x00000188                TIMER2_IRQHandler
                0x00000188                RIT_IRQHandler
                0x00000188                I2C0_IRQHandler
                0x00000188                USBActivity_IRQHandler
                0x00000188                PWM1_IRQHandler
                0x00000188                I2C1_IRQHandler
                0x00000188                EINT2_IRQHandler
                0x00000188                EINT3_IRQHandler
                0x00000188                CANActivity_IRQHandler
                0x00000188                TIMER3_IRQHandler
                0x00000188                IntDefaultHandler
                0x00000188                PLL0_IRQHandler
                0x00000188                CAN_IRQHandler
                0x00000188                PLL1_IRQHandler
                0x00000188                SSP0_IRQHandler
                0x00000188                I2S_IRQHandler
                0x00000188                I2C2_IRQHandler
                0x00000188                RTC_IRQHandler
                0x00000188                TIMER0_IRQHandler
                0x00000188                SPI_IRQHandler
                0x00000188                EINT1_IRQHandler
                0x00000188                TIMER1_IRQHandler
                0x00000188                SSP1_IRQHandler
                0x00000188                USB_IRQHandler
                0x00000188                BOD_IRQHandler
                0x00000188                WDT_IRQHandler
                0x00000188                QEI_IRQHandler
                0x00000188                EINT0_IRQHandler
                0x00000188                DMA_IRQHandler
                0x00000188                MCPWM_IRQHandler
                0x00000188                ENET_IRQHandler
 .text.setupHardware
                0x00000190      0x1d4 ./src/main.o
 .text.main     0x00000364       0xb4 ./src/main.o
                0x00000364                main
 .text.WriteToPHY
                0x00000418       0x58 ./src/Tasks/WebServer/ethmac.o
                0x00000418                WriteToPHY
 .text.ReadFromPHY
                0x00000470       0x70 ./src/Tasks/WebServer/ethmac.o
                0x00000470                ReadFromPHY
 .text.Init_EthMAC
                0x000004e0      0x47c ./src/Tasks/WebServer/ethmac.o
                0x000004e0                Init_EthMAC
 .text.WriteFrame_EthMAC
                0x0000095c       0x30 ./src/Tasks/WebServer/ethmac.o
                0x0000095c                WriteFrame_EthMAC
 .text.CopyToFrame_EthMAC
                0x0000098c       0x70 ./src/Tasks/WebServer/ethmac.o
                0x0000098c                CopyToFrame_EthMAC
 .text.ReadFrame_EthMAC
                0x000009fc       0x28 ./src/Tasks/WebServer/ethmac.o
                0x000009fc                ReadFrame_EthMAC
 .text.ReadFrameBE_EthMAC
                0x00000a24       0x38 ./src/Tasks/WebServer/ethmac.o
                0x00000a24                ReadFrameBE_EthMAC
 .text.CopyFromFrame_EthMAC
                0x00000a5c       0x50 ./src/Tasks/WebServer/ethmac.o
                0x00000a5c                CopyFromFrame_EthMAC
 .text.DummyReadFrame_EthMAC
                0x00000aac       0x28 ./src/Tasks/WebServer/ethmac.o
                0x00000aac                DummyReadFrame_EthMAC
 .text.RequestSend
                0x00000ad4       0x54 ./src/Tasks/WebServer/ethmac.o
                0x00000ad4                RequestSend
 .text.Rdy4Tx   0x00000b28       0x10 ./src/Tasks/WebServer/ethmac.o
                0x00000b28                Rdy4Tx
 .text.StartReadingFrame
                0x00000b38       0x60 ./src/Tasks/WebServer/ethmac.o
                0x00000b38                StartReadingFrame
 .text.StopReadingFrame
                0x00000b98       0x38 ./src/Tasks/WebServer/ethmac.o
                0x00000b98                StopReadingFrame
 .text.CheckIfFrameReceived
                0x00000bd0       0x2c ./src/Tasks/WebServer/ethmac.o
                0x00000bd0                CheckIfFrameReceived
 .text.taskWebServer
                0x00000bfc      0x950 ./src/Tasks/WebServer/taskWebServer.o
                0x00000bfc                taskWebServer
 .text.taskTcpTick
                0x0000154c       0x9c ./src/Tasks/WebServer/taskWebServer.o
                0x0000154c                taskTcpTick
 .text.TCPLowLevelInit
                0x000015e8       0x50 ./src/Tasks/WebServer/tcpip.o
                0x000015e8                TCPLowLevelInit
 .text.TCPPassiveOpen
                0x00001638       0x50 ./src/Tasks/WebServer/tcpip.o
                0x00001638                TCPPassiveOpen
 .text.TCPClose
                0x00001688       0x7c ./src/Tasks/WebServer/tcpip.o
                0x00001688                TCPClose
 .text.TCPTransmitTxBuffer
                0x00001704       0xb8 ./src/Tasks/WebServer/tcpip.o
                0x00001704                TCPTransmitTxBuffer
 .text.BroadcastMessage
                0x000017bc       0x68 ./src/Tasks/WebServer/tcpip.o
                0x000017bc                BroadcastMessage
 .text.NetworkEngine
                0x00001824      0x3dc ./src/Tasks/WebServer/tcpip.o
                0x00001824                NetworkEngine
 .text.ProcessEthBroadcastFrame
                0x00001c00       0x9c ./src/Tasks/WebServer/tcpip.o
                0x00001c00                ProcessEthBroadcastFrame
 .text.ProcessEthIAFrame
                0x00001c9c      0x154 ./src/Tasks/WebServer/tcpip.o
                0x00001c9c                ProcessEthIAFrame
 .text.ProcessICMPFrame
                0x00001df0       0x2c ./src/Tasks/WebServer/tcpip.o
                0x00001df0                ProcessICMPFrame
 .text.ProcessTCPFrame
                0x00001e1c      0x76c ./src/Tasks/WebServer/tcpip.o
                0x00001e1c                ProcessTCPFrame
 .text.PrepareARP_REQUEST
                0x00002588      0x164 ./src/Tasks/WebServer/tcpip.o
                0x00002588                PrepareARP_REQUEST
 .text.PrepareARP_ANSWER
                0x000026ec       0xfc ./src/Tasks/WebServer/tcpip.o
                0x000026ec                PrepareARP_ANSWER
 .text.PrepareICMP_ECHO_REPLY
                0x000027e8      0x180 ./src/Tasks/WebServer/tcpip.o
                0x000027e8                PrepareICMP_ECHO_REPLY
 .text.PrepareTCP_FRAME
                0x00002968      0x254 ./src/Tasks/WebServer/tcpip.o
                0x00002968                PrepareTCP_FRAME
 .text.PrepareTCP_DATA_FRAME
                0x00002bbc      0x1b8 ./src/Tasks/WebServer/tcpip.o
                0x00002bbc                PrepareTCP_DATA_FRAME
 .text.CalcChecksum
                0x00002d74       0xe4 ./src/Tasks/WebServer/tcpip.o
                0x00002d74                CalcChecksum
 .text.TCPStartRetryTimer
                0x00002e58       0x5c ./src/Tasks/WebServer/tcpip.o
                0x00002e58                TCPStartRetryTimer
 .text.TCPStartTimeWaitTimer
                0x00002eb4       0x4c ./src/Tasks/WebServer/tcpip.o
                0x00002eb4                TCPStartTimeWaitTimer
 .text.TCPRestartTimer
                0x00002f00       0x18 ./src/Tasks/WebServer/tcpip.o
                0x00002f00                TCPRestartTimer
 .text.TCPStopTimer
                0x00002f18       0x24 ./src/Tasks/WebServer/tcpip.o
                0x00002f18                TCPStopTimer
 .text.TCPHandleRetransmission
                0x00002f3c       0x70 ./src/Tasks/WebServer/tcpip.o
                0x00002f3c                TCPHandleRetransmission
 .text.TCPHandleTimeout
                0x00002fac       0x58 ./src/Tasks/WebServer/tcpip.o
                0x00002fac                TCPHandleTimeout
 .text.TCPClockHandler
                0x00003004       0x40 ./src/Tasks/WebServer/tcpip.o
                0x00003004                TCPClockHandler
 .text.SendFrame1
                0x00003044       0x20 ./src/Tasks/WebServer/tcpip.o
                0x00003044                SendFrame1
 .text.SendFrame2
                0x00003064       0x20 ./src/Tasks/WebServer/tcpip.o
                0x00003064                SendFrame2
 .text.WriteWBE
                0x00003084       0x34 ./src/Tasks/WebServer/tcpip.o
                0x00003084                WriteWBE
 .text.WriteDWBE
                0x000030b8       0x58 ./src/Tasks/WebServer/tcpip.o
                0x000030b8                WriteDWBE
 .text.SwapBytes
                0x00003110       0x30 ./src/Tasks/WebServer/tcpip.o
                0x00003110                SwapBytes
 .text.mem_cpy  0x00003140       0x50 ./src/Tasks/SdCard/ff.o
 .text.mem_set  0x00003190       0x44 ./src/Tasks/SdCard/ff.o
 .text.mem_cmp  0x000031d4       0x70 ./src/Tasks/SdCard/ff.o
 .text.chk_chr  0x00003244       0x38 ./src/Tasks/SdCard/ff.o
 .text.move_window
                0x0000327c       0xd4 ./src/Tasks/SdCard/ff.o
 .text.sync     0x00003350      0x1d0 ./src/Tasks/SdCard/ff.o
 .text.clust2sect
                0x00003520       0x44 ./src/Tasks/SdCard/ff.o
                0x00003520                clust2sect
 .text.get_fat  0x00003564      0x1a4 ./src/Tasks/SdCard/ff.o
                0x00003564                get_fat
 .text.put_fat  0x00003708      0x264 ./src/Tasks/SdCard/ff.o
                0x00003708                put_fat
 .text.remove_chain
                0x0000396c       0xb0 ./src/Tasks/SdCard/ff.o
 .text.create_chain
                0x00003a1c      0x12c ./src/Tasks/SdCard/ff.o
 .text.dir_sdi  0x00003b48      0x118 ./src/Tasks/SdCard/ff.o
 .text.dir_next
                0x00003c60      0x1dc ./src/Tasks/SdCard/ff.o
 .text.dir_find
                0x00003e3c       0xa4 ./src/Tasks/SdCard/ff.o
 .text.dir_register
                0x00003ee0       0xbc ./src/Tasks/SdCard/ff.o
 .text.create_name
                0x00003f9c      0x234 ./src/Tasks/SdCard/ff.o
 .text.follow_path
                0x000041d0      0x15c ./src/Tasks/SdCard/ff.o
 .text.check_fs
                0x0000432c      0x108 ./src/Tasks/SdCard/ff.o
 .text.chk_mounted
                0x00004434      0x67c ./src/Tasks/SdCard/ff.o
 .text.validate
                0x00004ab0       0x54 ./src/Tasks/SdCard/ff.o
 .text.f_mount  0x00004b04       0x9c ./src/Tasks/SdCard/ff.o
                0x00004b04                f_mount
 .text.f_open   0x00004ba0      0x38c ./src/Tasks/SdCard/ff.o
                0x00004ba0                f_open
 .text.f_read   0x00004f2c      0x37c ./src/Tasks/SdCard/ff.o
                0x00004f2c                f_read
 .text.f_write  0x000052a8      0x3e0 ./src/Tasks/SdCard/ff.o
                0x000052a8                f_write
 .text.f_sync   0x00005688      0x1b8 ./src/Tasks/SdCard/ff.o
                0x00005688                f_sync
 .text.f_close  0x00005840       0x64 ./src/Tasks/SdCard/ff.o
                0x00005840                f_close
 .text.f_lseek  0x000058a4      0x354 ./src/Tasks/SdCard/ff.o
                0x000058a4                f_lseek
 .text.vFATFSTimerTask
                0x00005bf8       0x24 ./src/Tasks/SdCard/taskSdCard.o
                0x00005bf8                vFATFSTimerTask
 .text.SetSPIClocks
                0x00005c1c       0xb0 ./src/Tasks/SdCard/taskSdCard.o
                0x00005c1c                SetSPIClocks
 .text.SPI_Init
                0x00005ccc      0x11c ./src/Tasks/SdCard/lib_FatFS/src/lpc1xxx_spi_sd/lpc17xx_spi.o
                0x00005ccc                SPI_Init
 .text.SPI_ConfigClockRate
                0x00005de8       0x24 ./src/Tasks/SdCard/lib_FatFS/src/lpc1xxx_spi_sd/lpc17xx_spi.o
                0x00005de8                SPI_ConfigClockRate
 .text.SPI_CS_Low
                0x00005e0c       0x24 ./src/Tasks/SdCard/lib_FatFS/src/lpc1xxx_spi_sd/lpc17xx_spi.o
                0x00005e0c                SPI_CS_Low
 .text.SPI_CS_High
                0x00005e30       0x24 ./src/Tasks/SdCard/lib_FatFS/src/lpc1xxx_spi_sd/lpc17xx_spi.o
                0x00005e30                SPI_CS_High
 .text.SPI_SendByte
                0x00005e54       0x44 ./src/Tasks/SdCard/lib_FatFS/src/lpc1xxx_spi_sd/lpc17xx_spi.o
                0x00005e54                SPI_SendByte
 .text.SPI_RecvByte
                0x00005e98       0x14 ./src/Tasks/SdCard/lib_FatFS/src/lpc1xxx_spi_sd/lpc17xx_spi.o
                0x00005e98                SPI_RecvByte
 .text.SPI_SendBlock_FIFO
                0x00005eac       0xdc ./src/Tasks/SdCard/lib_FatFS/src/lpc1xxx_spi_sd/lpc17xx_spi.o
                0x00005eac                SPI_SendBlock_FIFO
 .text.SPI_RecvBlock_FIFO
                0x00005f88       0xf4 ./src/Tasks/SdCard/lib_FatFS/src/lpc1xxx_spi_sd/lpc17xx_spi.o
                0x00005f88                SPI_RecvBlock_FIFO
 .text.disk_initialize
                0x0000607c       0x5c ./src/Tasks/SdCard/lib_FatFS/src/lpc1xxx_spi_sd/sd.o
                0x0000607c                disk_initialize
 .text.disk_ioctl
                0x000060d8      0x1f0 ./src/Tasks/SdCard/lib_FatFS/src/lpc1xxx_spi_sd/sd.o
                0x000060d8                disk_ioctl
 .text.disk_read
                0x000062c8       0x64 ./src/Tasks/SdCard/lib_FatFS/src/lpc1xxx_spi_sd/sd.o
                0x000062c8                disk_read
 .text.disk_status
                0x0000632c       0x30 ./src/Tasks/SdCard/lib_FatFS/src/lpc1xxx_spi_sd/sd.o
                0x0000632c                disk_status
 .text.disk_write
                0x0000635c       0x64 ./src/Tasks/SdCard/lib_FatFS/src/lpc1xxx_spi_sd/sd.o
                0x0000635c                disk_write
 .text.disk_timerproc
                0x000063c0       0x5c ./src/Tasks/SdCard/lib_FatFS/src/lpc1xxx_spi_sd/sd.o
                0x000063c0                disk_timerproc
 .text.SD_Init  0x0000641c      0x284 ./src/Tasks/SdCard/lib_FatFS/src/lpc1xxx_spi_sd/sd.o
                0x0000641c                SD_Init
 .text.SD_WaitForReady
                0x000066a0       0x40 ./src/Tasks/SdCard/lib_FatFS/src/lpc1xxx_spi_sd/sd.o
                0x000066a0                SD_WaitForReady
 .text.SD_SendCommand
                0x000066e0      0x100 ./src/Tasks/SdCard/lib_FatFS/src/lpc1xxx_spi_sd/sd.o
                0x000066e0                SD_SendCommand
 .text.SD_SendACommand
                0x000067e0       0x4c ./src/Tasks/SdCard/lib_FatFS/src/lpc1xxx_spi_sd/sd.o
                0x000067e0                SD_SendACommand
 .text.SD_ReadSector
                0x0000682c       0xe0 ./src/Tasks/SdCard/lib_FatFS/src/lpc1xxx_spi_sd/sd.o
                0x0000682c                SD_ReadSector
 .text.SD_WriteSector
                0x0000690c       0xdc ./src/Tasks/SdCard/lib_FatFS/src/lpc1xxx_spi_sd/sd.o
                0x0000690c                SD_WriteSector
 .text.SD_ReadConfiguration
                0x000069e8      0x30c ./src/Tasks/SdCard/lib_FatFS/src/lpc1xxx_spi_sd/sd.o
                0x000069e8                SD_ReadConfiguration
 .text.SD_RecvDataBlock
                0x00006cf4       0x64 ./src/Tasks/SdCard/lib_FatFS/src/lpc1xxx_spi_sd/sd.o
                0x00006cf4                SD_RecvDataBlock
 .text.SD_SendDataBlock
                0x00006d58       0x8c ./src/Tasks/SdCard/lib_FatFS/src/lpc1xxx_spi_sd/sd.o
                0x00006d58                SD_SendDataBlock
 .text.UART0_IRQHandler
                0x00006de4       0x20 ./src/Tasks/PcCommunication/API_Uart.o
                0x00006de4                UART0_IRQHandler
 .text.UART1_IRQHandler
                0x00006e04       0x20 ./src/Tasks/PcCommunication/API_Uart.o
                0x00006e04                UART1_IRQHandler
 .text.UART2_IRQHandler
                0x00006e24       0x20 ./src/Tasks/PcCommunication/API_Uart.o
                0x00006e24                UART2_IRQHandler
 .text.UART3_IRQHandler
                0x00006e44       0x20 ./src/Tasks/PcCommunication/API_Uart.o
                0x00006e44                UART3_IRQHandler
 .text.NVIC_EnableIRQ
                0x00006e64       0x38 ./src/Tasks/Adc/taskAdc.o
 .text.NVIC_SetPriority
                0x00006e9c       0x5c ./src/Tasks/Adc/taskAdc.o
 .text.ADC_IRQHandler
                0x00006ef8      0x448 ./src/Tasks/Adc/taskAdc.o
                0x00006ef8                ADC_IRQHandler
 .text.taskAdc  0x00007340      0x7e8 ./src/Tasks/Adc/taskAdc.o
                0x00007340                taskAdc
 .text.vListInitialise
                0x00007b28       0x48 ./FreeRTOS_src/list.o
                0x00007b28                vListInitialise
 .text.vListInitialiseItem
                0x00007b70       0x1c ./FreeRTOS_src/list.o
                0x00007b70                vListInitialiseItem
 .text.vListInsertEnd
                0x00007b8c       0x54 ./FreeRTOS_src/list.o
                0x00007b8c                vListInsertEnd
 .text.vListInsert
                0x00007be0       0x78 ./FreeRTOS_src/list.o
                0x00007be0                vListInsert
 .text.vListRemove
                0x00007c58       0x54 ./FreeRTOS_src/list.o
                0x00007c58                vListRemove
 .text.xQueueCreateMutex
                0x00007cac       0x98 ./FreeRTOS_src/queue.o
                0x00007cac                xQueueCreateMutex
 .text.xQueueGenericSend
                0x00007d44      0x124 ./FreeRTOS_src/queue.o
                0x00007d44                xQueueGenericSend
 .text.xQueueGenericSendFromISR
                0x00007e68       0x90 ./FreeRTOS_src/queue.o
                0x00007e68                xQueueGenericSendFromISR
 .text.xQueueGenericReceive
                0x00007ef8      0x188 ./FreeRTOS_src/queue.o
                0x00007ef8                xQueueGenericReceive
 .text.prvCopyDataToQueue
                0x00008080       0xc4 ./FreeRTOS_src/queue.o
 .text.prvCopyDataFromQueue
                0x00008144       0x50 ./FreeRTOS_src/queue.o
 .text.prvUnlockQueue
                0x00008194       0xa0 ./FreeRTOS_src/queue.o
 .text.prvIsQueueEmpty
                0x00008234       0x2c ./FreeRTOS_src/queue.o
 .text.prvIsQueueFull
                0x00008260       0x30 ./FreeRTOS_src/queue.o
 .text.xTaskGenericCreate
                0x00008290      0x1bc ./FreeRTOS_src/tasks.o
                0x00008290                xTaskGenericCreate
 .text.vTaskDelayUntil
                0x0000844c       0xb0 ./FreeRTOS_src/tasks.o
                0x0000844c                vTaskDelayUntil
 .text.vTaskDelay
                0x000084fc       0x5c ./FreeRTOS_src/tasks.o
                0x000084fc                vTaskDelay
 .text.vTaskStartScheduler
                0x00008558       0x74 ./FreeRTOS_src/tasks.o
                0x00008558                vTaskStartScheduler
 .text.vTaskSuspendAll
                0x000085cc       0x24 ./FreeRTOS_src/tasks.o
                0x000085cc                vTaskSuspendAll
 .text.xTaskResumeAll
                0x000085f0      0x154 ./FreeRTOS_src/tasks.o
                0x000085f0                xTaskResumeAll
 .text.xTaskGetTickCount
                0x00008744       0x28 ./FreeRTOS_src/tasks.o
                0x00008744                xTaskGetTickCount
 .text.vTaskIncrementTick
                0x0000876c      0x1b8 ./FreeRTOS_src/tasks.o
                0x0000876c                vTaskIncrementTick
 .text.vTaskSwitchContext
                0x00008924      0x198 ./FreeRTOS_src/tasks.o
                0x00008924                vTaskSwitchContext
 .text.vTaskPlaceOnEventList
                0x00008abc       0x78 ./FreeRTOS_src/tasks.o
                0x00008abc                vTaskPlaceOnEventList
 .text.xTaskRemoveFromEventList
                0x00008b34       0xc4 ./FreeRTOS_src/tasks.o
                0x00008b34                xTaskRemoveFromEventList
 .text.vTaskSetTimeOutState
                0x00008bf8       0x30 ./FreeRTOS_src/tasks.o
                0x00008bf8                vTaskSetTimeOutState
 .text.xTaskCheckForTimeOut
                0x00008c28       0xa4 ./FreeRTOS_src/tasks.o
                0x00008c28                xTaskCheckForTimeOut
 .text.vTaskMissedYield
                0x00008ccc       0x18 ./FreeRTOS_src/tasks.o
                0x00008ccc                vTaskMissedYield
 .text.prvIdleTask
                0x00008ce4       0x10 ./FreeRTOS_src/tasks.o
 .text.prvInitialiseTCBVariables
                0x00008cf4       0x7c ./FreeRTOS_src/tasks.o
 .text.prvInitialiseTaskLists
                0x00008d70       0xa4 ./FreeRTOS_src/tasks.o
 .text.prvCheckTasksWaitingTermination
                0x00008e14       0x94 ./FreeRTOS_src/tasks.o
 .text.prvAddCurrentTaskToDelayedList
                0x00008ea8       0x8c ./FreeRTOS_src/tasks.o
 .text.prvAllocateTCBAndStack
                0x00008f34       0x74 ./FreeRTOS_src/tasks.o
 .text.prvDeleteTCB
                0x00008fa8       0x20 ./FreeRTOS_src/tasks.o
 .text.xTaskGetCurrentTaskHandle
                0x00008fc8       0x20 ./FreeRTOS_src/tasks.o
                0x00008fc8                xTaskGetCurrentTaskHandle
 .text.vTaskPriorityInherit
                0x00008fe8       0xd8 ./FreeRTOS_src/tasks.o
                0x00008fe8                vTaskPriorityInherit
 .text.vTaskPriorityDisinherit
                0x000090c0       0x90 ./FreeRTOS_src/tasks.o
                0x000090c0                vTaskPriorityDisinherit
 .text.pxPortInitialiseStack
                0x00009150       0x60 ./FreeRTOS_portable/port.o
                0x00009150                pxPortInitialiseStack
 .text.vPortSVCHandler
                0x000091b0       0x20 ./FreeRTOS_portable/port.o
                0x000091b0                vPortSVCHandler
 .text.vPortStartFirstTask
                0x000091d0       0x14 ./FreeRTOS_portable/port.o
                0x000091d0                vPortStartFirstTask
 .text.xPortStartScheduler
                0x000091e4       0x54 ./FreeRTOS_portable/port.o
                0x000091e4                xPortStartScheduler
 .text.vPortYieldFromISR
                0x00009238       0x18 ./FreeRTOS_portable/port.o
                0x00009238                vPortYieldFromISR
 .text.vPortEnterCritical
                0x00009250       0x2c ./FreeRTOS_portable/port.o
                0x00009250                vPortEnterCritical
 .text.vPortExitCritical
                0x0000927c       0x38 ./FreeRTOS_portable/port.o
                0x0000927c                vPortExitCritical
 .text.xPortPendSVHandler
                0x000092b4       0x3c ./FreeRTOS_portable/port.o
                0x000092b4                xPortPendSVHandler
 .text.xPortSysTickHandler
                0x000092f0       0x38 ./FreeRTOS_portable/port.o
                0x000092f0                xPortSysTickHandler
 .text.prvSetupTimerInterrupt
                0x00009328       0x2c ./FreeRTOS_portable/port.o
 .text.pvPortMalloc
                0x00009354      0x1b0 ./FreeRTOS_portable/MemMang/heap_2.o
                0x00009354                pvPortMalloc
 .text.vPortFree
                0x00009504       0x88 ./FreeRTOS_portable/MemMang/heap_2.o
                0x00009504                vPortFree
 .text.SystemInit
                0x0000958c       0xe4 /home/fanaur/Desktop/workspace/CMSISv2p00_LPC17xx/Debug/libCMSISv2p00_LPC17xx.a(system_LPC17xx.o)
                0x0000958c                SystemInit
 .text.ADC_Init
                0x00009670       0xb4 /home/fanaur/Desktop/workspace/libDriversMcuPeripherals/Debug/libDriversMcuPeripherals.a(lpc17xx_adc.o)
                0x00009670                ADC_Init
 .text.ADC_StartCmd
                0x00009724       0x90 /home/fanaur/Desktop/workspace/libDriversMcuPeripherals/Debug/libDriversMcuPeripherals.a(lpc17xx_adc.o)
                0x00009724                ADC_StartCmd
 .text.ADC_IntConfig
                0x000097b4       0xb4 /home/fanaur/Desktop/workspace/libDriversMcuPeripherals/Debug/libDriversMcuPeripherals.a(lpc17xx_adc.o)
                0x000097b4                ADC_IntConfig
 .text.ADC_ChannelCmd
                0x00009868       0x70 /home/fanaur/Desktop/workspace/libDriversMcuPeripherals/Debug/libDriversMcuPeripherals.a(lpc17xx_adc.o)
                0x00009868                ADC_ChannelCmd
 .text.ADC_ChannelGetData
                0x000098d8       0x58 /home/fanaur/Desktop/workspace/libDriversMcuPeripherals/Debug/libDriversMcuPeripherals.a(lpc17xx_adc.o)
                0x000098d8                ADC_ChannelGetData
 .text.CLKPWR_GetPCLKSEL
                0x00009930       0x54 /home/fanaur/Desktop/workspace/libDriversMcuPeripherals/Debug/libDriversMcuPeripherals.a(lpc17xx_clkpwr.o)
                0x00009930                CLKPWR_GetPCLKSEL
 .text.CLKPWR_GetPCLK
                0x00009984       0x70 /home/fanaur/Desktop/workspace/libDriversMcuPeripherals/Debug/libDriversMcuPeripherals.a(lpc17xx_clkpwr.o)
                0x00009984                CLKPWR_GetPCLK
 .text.CLKPWR_ConfigPPWR
                0x000099f4       0x80 /home/fanaur/Desktop/workspace/libDriversMcuPeripherals/Debug/libDriversMcuPeripherals.a(lpc17xx_clkpwr.o)
                0x000099f4                CLKPWR_ConfigPPWR
 .text.check_failed
                0x00009a74        0xc /home/fanaur/Desktop/workspace/libDriversMcuPeripherals/Debug/libDriversMcuPeripherals.a(lpc17xx_libcfg_default.o)
                0x00009a74                check_failed
 .text.set_PinFunc
                0x00009a80       0xa0 /home/fanaur/Desktop/workspace/libDriversMcuPeripherals/Debug/libDriversMcuPeripherals.a(lpc17xx_pinsel.o)
 .text.set_ResistorMode
                0x00009b20       0xa0 /home/fanaur/Desktop/workspace/libDriversMcuPeripherals/Debug/libDriversMcuPeripherals.a(lpc17xx_pinsel.o)
 .text.set_OpenDrainMode
                0x00009bc0       0x80 /home/fanaur/Desktop/workspace/libDriversMcuPeripherals/Debug/libDriversMcuPeripherals.a(lpc17xx_pinsel.o)
 .text.PINSEL_ConfigPin
                0x00009c40       0x54 /home/fanaur/Desktop/workspace/libDriversMcuPeripherals/Debug/libDriversMcuPeripherals.a(lpc17xx_pinsel.o)
                0x00009c40                PINSEL_ConfigPin
 .text.RTC_Init
                0x00009c94       0x64 /home/fanaur/Desktop/workspace/libDriversMcuPeripherals/Debug/libDriversMcuPeripherals.a(lpc17xx_rtc.o)
                0x00009c94                RTC_Init
 .text.RTC_ResetClockTickCounter
                0x00009cf8       0x50 /home/fanaur/Desktop/workspace/libDriversMcuPeripherals/Debug/libDriversMcuPeripherals.a(lpc17xx_rtc.o)
                0x00009cf8                RTC_ResetClockTickCounter
 .text.RTC_Cmd  0x00009d48       0x78 /home/fanaur/Desktop/workspace/libDriversMcuPeripherals/Debug/libDriversMcuPeripherals.a(lpc17xx_rtc.o)
                0x00009d48                RTC_Cmd
 .text.RTC_SetTime
                0x00009dc0      0x1fc /home/fanaur/Desktop/workspace/libDriversMcuPeripherals/Debug/libDriversMcuPeripherals.a(lpc17xx_rtc.o)
                0x00009dc0                RTC_SetTime
 .text.RTC_GetFullTime
                0x00009fbc       0xb4 /home/fanaur/Desktop/workspace/libDriversMcuPeripherals/Debug/libDriversMcuPeripherals.a(lpc17xx_rtc.o)
                0x00009fbc                RTC_GetFullTime
 .text.RTC_SetAlarmTime
                0x0000a070      0x1c0 /home/fanaur/Desktop/workspace/libDriversMcuPeripherals/Debug/libDriversMcuPeripherals.a(lpc17xx_rtc.o)
                0x0000a070                RTC_SetAlarmTime
 .text.RTC_CalibCounterCmd
                0x0000a230       0x78 /home/fanaur/Desktop/workspace/libDriversMcuPeripherals/Debug/libDriversMcuPeripherals.a(lpc17xx_rtc.o)
                0x0000a230                RTC_CalibCounterCmd
 .text.__main   0x0000a2a8       0x14 /usr/local/lpcxpresso_4.2.0_224/lpcxpresso/tools/bin/../lib/gcc/arm-none-eabi/4.5.1/../../../../arm-none-eabi/lib/thumb2/libcr_semihost.a(_cr__main.o)
                0x0000a2a8                __main
                0x0000a2a8                __CR_SEMIHOST
 .text.malloc   0x0000a2bc       0xd0 /usr/local/lpcxpresso_4.2.0_224/lpcxpresso/tools/bin/../lib/gcc/arm-none-eabi/4.5.1/../../../../arm-none-eabi/lib/thumb2/libcr_c.a(alloc.o)
                0x0000a2bc                malloc
 .text.free     0x0000a38c        0xa /usr/local/lpcxpresso_4.2.0_224/lpcxpresso/tools/bin/../lib/gcc/arm-none-eabi/4.5.1/../../../../arm-none-eabi/lib/thumb2/libcr_c.a(alloc.o)
                0x0000a38c                free
 *fill*         0x0000a396        0x2 00
 .text._Csys_alloc
                0x0000a398       0x20 /usr/local/lpcxpresso_4.2.0_224/lpcxpresso/tools/bin/../lib/gcc/arm-none-eabi/4.5.1/../../../../arm-none-eabi/lib/thumb2/libcr_c.a(alloc.o)
                0x0000a398                _Csys_alloc
 .text.cos      0x0000a3b8       0x60 /usr/local/lpcxpresso_4.2.0_224/lpcxpresso/tools/bin/../lib/gcc/arm-none-eabi/4.5.1/../../../../arm-none-eabi/lib/thumb2/libcr_c.a(cos.o)
                0x0000a3b8                cos
 .text.fp_round
                0x0000a418       0x56 /usr/local/lpcxpresso_4.2.0_224/lpcxpresso/tools/bin/../lib/gcc/arm-none-eabi/4.5.1/../../../../arm-none-eabi/lib/thumb2/libcr_c.a(fpprintf.o)
 .text.lose_trailing_zeros
                0x0000a46e       0x1e /usr/local/lpcxpresso_4.2.0_224/lpcxpresso/tools/bin/../lib/gcc/arm-none-eabi/4.5.1/../../../../arm-none-eabi/lib/thumb2/libcr_c.a(fpprintf.o)
 .text.pr_dec.clone.0
                0x0000a48c       0x24 /usr/local/lpcxpresso_4.2.0_224/lpcxpresso/tools/bin/../lib/gcc/arm-none-eabi/4.5.1/../../../../arm-none-eabi/lib/thumb2/libcr_c.a(fpprintf.o)
 .text.sprintf  0x0000a4b0       0x70 /usr/local/lpcxpresso_4.2.0_224/lpcxpresso/tools/bin/../lib/gcc/arm-none-eabi/4.5.1/../../../../arm-none-eabi/lib/thumb2/libcr_c.a(fpprintf.o)
                0x0000a4b0                sprintf
 .text.fp_display
                0x0000a520      0x918 /usr/local/lpcxpresso_4.2.0_224/lpcxpresso/tools/bin/../lib/gcc/arm-none-eabi/4.5.1/../../../../arm-none-eabi/lib/thumb2/libcr_c.a(fpprintf.o)
 .text._initio  0x0000ae38       0x9c /usr/local/lpcxpresso_4.2.0_224/lpcxpresso/tools/bin/../lib/gcc/arm-none-eabi/4.5.1/../../../../arm-none-eabi/lib/thumb2/libcr_c.a(initio.o)
                0x0000ae38                _initio
 .text.memcmp   0x0000aed4       0x46 /usr/local/lpcxpresso_4.2.0_224/lpcxpresso/tools/bin/../lib/gcc/arm-none-eabi/4.5.1/../../../../arm-none-eabi/lib/thumb2/libcr_c.a(memcmp.o)
                0x0000aed4                memcmp
 *fill*         0x0000af1a        0x2 00
 .text.__vfprintf
                0x0000af1c      0xc3c /usr/local/lpcxpresso_4.2.0_224/lpcxpresso/tools/bin/../lib/gcc/arm-none-eabi/4.5.1/../../../../arm-none-eabi/lib/thumb2/libcr_c.a(printf.o)
                0x0000af1c                __vfprintf
 .text.setvbuf  0x0000bb58       0x48 /usr/local/lpcxpresso_4.2.0_224/lpcxpresso/tools/bin/../lib/gcc/arm-none-eabi/4.5.1/../../../../arm-none-eabi/lib/thumb2/libcr_c.a(setvbuf.o)
                0x0000bb58                setvbuf
 .text.strcat   0x0000bba0       0x1c /usr/local/lpcxpresso_4.2.0_224/lpcxpresso/tools/bin/../lib/gcc/arm-none-eabi/4.5.1/../../../../arm-none-eabi/lib/thumb2/libcr_c.a(strcat.o)
                0x0000bba0                strcat
 .text.strcmp   0x0000bbbc       0x46 /usr/local/lpcxpresso_4.2.0_224/lpcxpresso/tools/bin/../lib/gcc/arm-none-eabi/4.5.1/../../../../arm-none-eabi/lib/thumb2/libcr_c.a(strcmp.o)
                0x0000bbbc                strcmp
 .text.strcpy   0x0000bc02       0x42 /usr/local/lpcxpresso_4.2.0_224/lpcxpresso/tools/bin/../lib/gcc/arm-none-eabi/4.5.1/../../../../arm-none-eabi/lib/thumb2/libcr_c.a(strcpy.o)
                0x0000bc02                strcpy
 .text.strlen   0x0000bc44       0x4e /usr/local/lpcxpresso_4.2.0_224/lpcxpresso/tools/bin/../lib/gcc/arm-none-eabi/4.5.1/../../../../arm-none-eabi/lib/thumb2/libcr_c.a(strlen.o)
                0x0000bc44                strlen
 .text.strncpy  0x0000bc92       0x58 /usr/local/lpcxpresso_4.2.0_224/lpcxpresso/tools/bin/../lib/gcc/arm-none-eabi/4.5.1/../../../../arm-none-eabi/lib/thumb2/libcr_c.a(strncpy.o)
                0x0000bc92                strncpy
 .text.strstr   0x0000bcea       0x20 /usr/local/lpcxpresso_4.2.0_224/lpcxpresso/tools/bin/../lib/gcc/arm-none-eabi/4.5.1/../../../../arm-none-eabi/lib/thumb2/libcr_c.a(strstr.o)
                0x0000bcea                strstr
 .text.memcpy   0x0000bd0a        0x4 /usr/local/lpcxpresso_4.2.0_224/lpcxpresso/tools/bin/../lib/gcc/arm-none-eabi/4.5.1/../../../../arm-none-eabi/lib/thumb2/libcr_c.a(memcpy.o)
                0x0000bd0a                memcpy
 .text.memset   0x0000bd0e        0x4 /usr/local/lpcxpresso_4.2.0_224/lpcxpresso/tools/bin/../lib/gcc/arm-none-eabi/4.5.1/../../../../arm-none-eabi/lib/thumb2/libcr_c.a(memset.o)
                0x0000bd0e                memset
 .text._deferredlazyseek
                0x0000bd12       0x44 /usr/local/lpcxpresso_4.2.0_224/lpcxpresso/tools/bin/../lib/gcc/arm-none-eabi/4.5.1/../../../../arm-none-eabi/lib/thumb2/libcr_c.a(_deferredlazyseek.o)
                0x0000bd12                _deferredlazyseek
 .text.__flsbuf
                0x0000bd56      0x15e /usr/local/lpcxpresso_4.2.0_224/lpcxpresso/tools/bin/../lib/gcc/arm-none-eabi/4.5.1/../../../../arm-none-eabi/lib/thumb2/libcr_c.a(_deferredlazyseek.o)
                0x0000bd56                __flsbuf
 .text._fdopen  0x0000beb4       0x6e /usr/local/lpcxpresso_4.2.0_224/lpcxpresso/tools/bin/../lib/gcc/arm-none-eabi/4.5.1/../../../../arm-none-eabi/lib/thumb2/libcr_c.a(_fdopen.o)
                0x0000beb4                _fdopen
 .text._fflush  0x0000bf22       0x58 /usr/local/lpcxpresso_4.2.0_224/lpcxpresso/tools/bin/../lib/gcc/arm-none-eabi/4.5.1/../../../../arm-none-eabi/lib/thumb2/libcr_c.a(_fflush.o)
                0x0000bf22                _fflush
 .text._frexpl  0x0000bf7a       0x62 /usr/local/lpcxpresso_4.2.0_224/lpcxpresso/tools/bin/../lib/gcc/arm-none-eabi/4.5.1/../../../../arm-none-eabi/lib/thumb2/libcr_c.a(_frexpl.o)
                0x0000bf7a                _frexpl
 .text._ldexpl  0x0000bfdc       0x50 /usr/local/lpcxpresso_4.2.0_224/lpcxpresso/tools/bin/../lib/gcc/arm-none-eabi/4.5.1/../../../../arm-none-eabi/lib/thumb2/libcr_c.a(_ldexpl.o)
                0x0000bfdc                _ldexpl
 *fill*         0x0000c02c        0x4 00
 .text._sincos  0x0000c030      0x208 /usr/local/lpcxpresso_4.2.0_224/lpcxpresso/tools/bin/../lib/gcc/arm-none-eabi/4.5.1/../../../../arm-none-eabi/lib/thumb2/libcr_c.a(_sincos.o)
                0x0000c030                _sincos
 .text._Cwritebuf
                0x0000c238       0x88 /usr/local/lpcxpresso_4.2.0_224/lpcxpresso/tools/bin/../lib/gcc/arm-none-eabi/4.5.1/../../../../arm-none-eabi/lib/thumb2/libcr_c.a(_writebuf.o)
                0x0000c238                _Cwritebuf
 .text.fabs     0x0000c2c0       0x1a /usr/local/lpcxpresso_4.2.0_224/lpcxpresso/tools/bin/../lib/gcc/arm-none-eabi/4.5.1/../../../../arm-none-eabi/lib/thumb2/libcr_c.a(fabs.o)
                0x0000c2c0                fabs
 .text.fclose   0x0000c2da       0x72 /usr/local/lpcxpresso_4.2.0_224/lpcxpresso/tools/bin/../lib/gcc/arm-none-eabi/4.5.1/../../../../arm-none-eabi/lib/thumb2/libcr_c.a(fclose.o)
                0x0000c2da                fclose
 .text.fflush   0x0000c34c       0x34 /usr/local/lpcxpresso_4.2.0_224/lpcxpresso/tools/bin/../lib/gcc/arm-none-eabi/4.5.1/../../../../arm-none-eabi/lib/thumb2/libcr_c.a(fflush.o)
                0x0000c34c                fflush
 .text.fseek    0x0000c380      0x110 /usr/local/lpcxpresso_4.2.0_224/lpcxpresso/tools/bin/../lib/gcc/arm-none-eabi/4.5.1/../../../../arm-none-eabi/lib/thumb2/libcr_c.a(fseek.o)
                0x0000c380                fseek
 .text.ftell    0x0000c490       0x50 /usr/local/lpcxpresso_4.2.0_224/lpcxpresso/tools/bin/../lib/gcc/arm-none-eabi/4.5.1/../../../../arm-none-eabi/lib/thumb2/libcr_c.a(ftell.o)
                0x0000c490                ftell
 .text.remove   0x0000c4e0       0x14 /usr/local/lpcxpresso_4.2.0_224/lpcxpresso/tools/bin/../lib/gcc/arm-none-eabi/4.5.1/../../../../arm-none-eabi/lib/thumb2/libcr_c.a(remove.o)
                0x0000c4e0                remove
 .text._do_fflush
                0x0000c4f4       0x44 /usr/local/lpcxpresso_4.2.0_224/lpcxpresso/tools/bin/../lib/gcc/arm-none-eabi/4.5.1/../../../../arm-none-eabi/lib/thumb2/libcr_c.a(_do_fflush.o)
                0x0000c4f4                _do_fflush
 .text.__aeabi_dmul
                0x0000c538      0x128 /usr/local/lpcxpresso_4.2.0_224/lpcxpresso/tools/bin/../lib/gcc/arm-none-eabi/4.5.1/thumb2/libcr_eabihelpers.a(double.o)
                0x0000c538                __aeabi_dmul
 .text.__aeabi_ddiv
                0x0000c660      0x144 /usr/local/lpcxpresso_4.2.0_224/lpcxpresso/tools/bin/../lib/gcc/arm-none-eabi/4.5.1/thumb2/libcr_eabihelpers.a(double.o)
                0x0000c660                __aeabi_ddiv
 .text.__aeabi_dsub
                0x0000c7a4      0x1d8 /usr/local/lpcxpresso_4.2.0_224/lpcxpresso/tools/bin/../lib/gcc/arm-none-eabi/4.5.1/thumb2/libcr_eabihelpers.a(double.o)
                0x0000c7a4                __aeabi_dsub
 .text.__aeabi_dadd
                0x0000c97c      0x13c /usr/local/lpcxpresso_4.2.0_224/lpcxpresso/tools/bin/../lib/gcc/arm-none-eabi/4.5.1/thumb2/libcr_eabihelpers.a(double.o)
                0x0000c97c                __aeabi_dadd
 .text.__aeabi_d2f
                0x0000cab8       0x54 /usr/local/lpcxpresso_4.2.0_224/lpcxpresso/tools/bin/../lib/gcc/arm-none-eabi/4.5.1/thumb2/libcr_eabihelpers.a(double.o)
                0x0000cab8                __aeabi_d2f
 .text.__aeabi_d2iz
                0x0000cb0c       0x3e /usr/local/lpcxpresso_4.2.0_224/lpcxpresso/tools/bin/../lib/gcc/arm-none-eabi/4.5.1/thumb2/libcr_eabihelpers.a(double.o)
                0x0000cb0c                __aeabi_d2iz
 .text.__bhs_ui2d
                0x0000cb4a       0x50 /usr/local/lpcxpresso_4.2.0_224/lpcxpresso/tools/bin/../lib/gcc/arm-none-eabi/4.5.1/thumb2/libcr_eabihelpers.a(double.o)
                0x0000cb4a                __bhs_ui2d
 .text.__aeabi_i2d
                0x0000cb9a       0x10 /usr/local/lpcxpresso_4.2.0_224/lpcxpresso/tools/bin/../lib/gcc/arm-none-eabi/4.5.1/thumb2/libcr_eabihelpers.a(double.o)
                0x0000cb9a                __aeabi_i2d
 .text.__aeabi_dcmpeq
                0x0000cbaa       0x36 /usr/local/lpcxpresso_4.2.0_224/lpcxpresso/tools/bin/../lib/gcc/arm-none-eabi/4.5.1/thumb2/libcr_eabihelpers.a(double.o)
                0x0000cbaa                __aeabi_dcmpeq
 .text.__aeabi_dcmplt
                0x0000cbe0       0x5a /usr/local/lpcxpresso_4.2.0_224/lpcxpresso/tools/bin/../lib/gcc/arm-none-eabi/4.5.1/thumb2/libcr_eabihelpers.a(double.o)
                0x0000cbe0                __aeabi_dcmplt
 .text.__aeabi_dcmple
                0x0000cc3a       0x5a /usr/local/lpcxpresso_4.2.0_224/lpcxpresso/tools/bin/../lib/gcc/arm-none-eabi/4.5.1/thumb2/libcr_eabihelpers.a(double.o)
                0x0000cc3a                __aeabi_dcmple
 .text.__aeabi_dcmpge
                0x0000cc94       0x5a /usr/local/lpcxpresso_4.2.0_224/lpcxpresso/tools/bin/../lib/gcc/arm-none-eabi/4.5.1/thumb2/libcr_eabihelpers.a(double.o)
                0x0000cc94                __aeabi_dcmpge
 *fill*         0x0000ccee        0x2 00
 .text.__aeabi_fmul
                0x0000ccf0       0xbc /usr/local/lpcxpresso_4.2.0_224/lpcxpresso/tools/bin/../lib/gcc/arm-none-eabi/4.5.1/thumb2/libcr_eabihelpers.a(float.o)
                0x0000ccf0                __aeabi_fmul
 .text.__aeabi_fdiv
                0x0000cdac       0xe8 /usr/local/lpcxpresso_4.2.0_224/lpcxpresso/tools/bin/../lib/gcc/arm-none-eabi/4.5.1/thumb2/libcr_eabihelpers.a(float.o)
                0x0000cdac                __aeabi_fdiv
 .text.__aeabi_fsub
                0x0000ce94       0xe0 /usr/local/lpcxpresso_4.2.0_224/lpcxpresso/tools/bin/../lib/gcc/arm-none-eabi/4.5.1/thumb2/libcr_eabihelpers.a(float.o)
                0x0000ce94                __aeabi_fsub
 .text.__aeabi_fadd
                0x0000cf74       0xa4 /usr/local/lpcxpresso_4.2.0_224/lpcxpresso/tools/bin/../lib/gcc/arm-none-eabi/4.5.1/thumb2/libcr_eabihelpers.a(float.o)
                0x0000cf74                __aeabi_fadd
 .text.__bhs_ui2f
                0x0000d018       0x26 /usr/local/lpcxpresso_4.2.0_224/lpcxpresso/tools/bin/../lib/gcc/arm-none-eabi/4.5.1/thumb2/libcr_eabihelpers.a(float.o)
                0x0000d018                __bhs_ui2f
 .text.__aeabi_i2f
                0x0000d03e       0x10 /usr/local/lpcxpresso_4.2.0_224/lpcxpresso/tools/bin/../lib/gcc/arm-none-eabi/4.5.1/thumb2/libcr_eabihelpers.a(float.o)
                0x0000d03e                __aeabi_i2f
 .text.__aeabi_ui2f
                0x0000d04e        0x8 /usr/local/lpcxpresso_4.2.0_224/lpcxpresso/tools/bin/../lib/gcc/arm-none-eabi/4.5.1/thumb2/libcr_eabihelpers.a(float.o)
                0x0000d04e                __aeabi_ui2f
 *fill*         0x0000d056        0x2 00
 .text.__aeabi_f2d
                0x0000d058       0x38 /usr/local/lpcxpresso_4.2.0_224/lpcxpresso/tools/bin/../lib/gcc/arm-none-eabi/4.5.1/thumb2/libcr_eabihelpers.a(float.o)
                0x0000d058                __aeabi_f2d
 .text.__aeabi_fcmpeq
                0x0000d090       0x1e /usr/local/lpcxpresso_4.2.0_224/lpcxpresso/tools/bin/../lib/gcc/arm-none-eabi/4.5.1/thumb2/libcr_eabihelpers.a(float.o)
                0x0000d090                __aeabi_fcmpeq
 .text.__aeabi_fcmplt
                0x0000d0ae       0x3a /usr/local/lpcxpresso_4.2.0_224/lpcxpresso/tools/bin/../lib/gcc/arm-none-eabi/4.5.1/thumb2/libcr_eabihelpers.a(float.o)
                0x0000d0ae                __aeabi_fcmplt
 .text.__aeabi_fcmpgt
                0x0000d0e8       0x3a /usr/local/lpcxpresso_4.2.0_224/lpcxpresso/tools/bin/../lib/gcc/arm-none-eabi/4.5.1/thumb2/libcr_eabihelpers.a(float.o)
                0x0000d0e8                __aeabi_fcmpgt
 .text.__aeabi_fcmple
                0x0000d122       0x40 /usr/local/lpcxpresso_4.2.0_224/lpcxpresso/tools/bin/../lib/gcc/arm-none-eabi/4.5.1/thumb2/libcr_eabihelpers.a(float.o)
                0x0000d122                __aeabi_fcmple
 .text.__aeabi_memcpy
                0x0000d162       0x26 /usr/local/lpcxpresso_4.2.0_224/lpcxpresso/tools/bin/../lib/gcc/arm-none-eabi/4.5.1/thumb2/libcr_eabihelpers.a(memcpy.o)
                0x0000d162                __aeabi_memcpy
                0x0000d162                __aeabi_memcpy4
                0x0000d162                __aeabi_memcpy8
 .text.__aeabi_memset_lowlevel
                0x0000d188       0x24 /usr/local/lpcxpresso_4.2.0_224/lpcxpresso/tools/bin/../lib/gcc/arm-none-eabi/4.5.1/thumb2/libcr_eabihelpers.a(memcpy.o)
                0x0000d188                __aeabi_lowlevel_memset
 .text.__sys_appexit
                0x0000d1ac        0xc /usr/local/lpcxpresso_4.2.0_224/lpcxpresso/tools/bin/../lib/gcc/arm-none-eabi/4.5.1/../../../../arm-none-eabi/lib/thumb2/libcr_semihost.a(__sys_appexit.o)
                0x0000d1ac                __exit
                0x0000d1ac                __sys_appexit
 .text.__sys_close
                0x0000d1b8        0xc /usr/local/lpcxpresso_4.2.0_224/lpcxpresso/tools/bin/../lib/gcc/arm-none-eabi/4.5.1/../../../../arm-none-eabi/lib/thumb2/libcr_semihost.a(__sys_close.o)
                0x0000d1b8                __sys_close
 .text.__sys_flen
                0x0000d1c4        0xc /usr/local/lpcxpresso_4.2.0_224/lpcxpresso/tools/bin/../lib/gcc/arm-none-eabi/4.5.1/../../../../arm-none-eabi/lib/thumb2/libcr_semihost.a(__sys_flen.o)
                0x0000d1c4                __sys_flen
 .text.__sys_istty
                0x0000d1d0        0xc /usr/local/lpcxpresso_4.2.0_224/lpcxpresso/tools/bin/../lib/gcc/arm-none-eabi/4.5.1/../../../../arm-none-eabi/lib/thumb2/libcr_semihost.a(__sys_istty.o)
                0x0000d1d0                __sys_istty
 .text.__sys_remove
                0x0000d1dc        0xc /usr/local/lpcxpresso_4.2.0_224/lpcxpresso/tools/bin/../lib/gcc/arm-none-eabi/4.5.1/../../../../arm-none-eabi/lib/thumb2/libcr_semihost.a(__sys_remove.o)
                0x0000d1dc                __sys_remove
 .text.__sys_seek
                0x0000d1e8        0xc /usr/local/lpcxpresso_4.2.0_224/lpcxpresso/tools/bin/../lib/gcc/arm-none-eabi/4.5.1/../../../../arm-none-eabi/lib/thumb2/libcr_semihost.a(__sys_seek.o)
                0x0000d1e8                __sys_seek
 .text.__sys_tmpnam
                0x0000d1f4        0xc /usr/local/lpcxpresso_4.2.0_224/lpcxpresso/tools/bin/../lib/gcc/arm-none-eabi/4.5.1/../../../../arm-none-eabi/lib/thumb2/libcr_semihost.a(__sys_tmpnam.o)
                0x0000d1f4                __sys_tmpnam
 .text.__sys_write
                0x0000d200        0xc /usr/local/lpcxpresso_4.2.0_224/lpcxpresso/tools/bin/../lib/gcc/arm-none-eabi/4.5.1/../../../../arm-none-eabi/lib/thumb2/libcr_semihost.a(__sys_write.o)
                0x0000d200                __write
                0x0000d200                __sys_write
 .text._sbrk    0x0000d20c       0x40 /usr/local/lpcxpresso_4.2.0_224/lpcxpresso/tools/bin/../lib/gcc/arm-none-eabi/4.5.1/../../../../arm-none-eabi/lib/thumb2/libcr_semihost.a(_cr_sbrk.o)
                0x0000d20c                _sbrk
 .text.__check_heap_overflow
                0x0000d24c       0x2c /usr/local/lpcxpresso_4.2.0_224/lpcxpresso/tools/bin/../lib/gcc/arm-none-eabi/4.5.1/../../../../arm-none-eabi/lib/thumb2/libcr_semihost.a(_cr_check_heap.o)
                0x0000d24c                __check_heap_overflow
 *(.rodata .rodata.*)
 .rodata        0x0000d278       0x20 ./src/main.o
 .rodata.MyIP   0x0000d298        0x4 ./src/Tasks/WebServer/taskWebServer.o
                0x0000d298                MyIP
 .rodata.SubnetMask
                0x0000d29c        0x4 ./src/Tasks/WebServer/taskWebServer.o
                0x0000d29c                SubnetMask
 .rodata.GatewayIP
                0x0000d2a0        0x4 ./src/Tasks/WebServer/taskWebServer.o
                0x0000d2a0                GatewayIP
 .rodata        0x0000d2a4      0x360 ./src/Tasks/WebServer/taskWebServer.o
 .rodata.MyMAC  0x0000d604        0x8 ./src/Tasks/WebServer/tcpip.o
                0x0000d604                MyMAC
 .rodata        0x0000d60c       0x10 ./src/Tasks/SdCard/ff.o
 .rodata.excvt.1429
                0x0000d61c       0x80 ./src/Tasks/SdCard/ff.o
 .rodata        0x0000d69c       0x88 ./src/Tasks/Adc/taskAdc.o
 .rodata        0x0000d724       0x20 ./FreeRTOS_src/tasks.o
 .rodata.heapSTRUCT_SIZE
                0x0000d744        0x2 ./FreeRTOS_portable/MemMang/heap_2.o
 *fill*         0x0000d746        0x2 00
 .rodata        0x0000d748       0x20 /home/fanaur/Desktop/workspace/libDriversMcuPeripherals/Debug/libDriversMcuPeripherals.a(lpc17xx_adc.o)
 .rodata        0x0000d768       0x20 /home/fanaur/Desktop/workspace/libDriversMcuPeripherals/Debug/libDriversMcuPeripherals.a(lpc17xx_rtc.o)
 .rodata.str1.1
                0x0000d788       0x18 /usr/local/lpcxpresso_4.2.0_224/lpcxpresso/tools/bin/../lib/gcc/arm-none-eabi/4.5.1/../../../../arm-none-eabi/lib/thumb2/libcr_c.a(alloc.o)
 .rodata.__ctype
                0x0000d7a0      0x180 /usr/local/lpcxpresso_4.2.0_224/lpcxpresso/tools/bin/../lib/gcc/arm-none-eabi/4.5.1/../../../../arm-none-eabi/lib/thumb2/libcr_c.a(ctype.o)
                0x0000d7a0                __ctype
 .rodata.str1.1
                0x0000d920       0x34 /usr/local/lpcxpresso_4.2.0_224/lpcxpresso/tools/bin/../lib/gcc/arm-none-eabi/4.5.1/../../../../arm-none-eabi/lib/thumb2/libcr_c.a(fpprintf.o)
                                 0x35 (size before relaxing)
 .rodata.str1.1
                0x0000d954        0x4 /usr/local/lpcxpresso_4.2.0_224/lpcxpresso/tools/bin/../lib/gcc/arm-none-eabi/4.5.1/../../../../arm-none-eabi/lib/thumb2/libcr_c.a(initio.o)
 .rodata.str1.1
                0x0000d958       0x31 /usr/local/lpcxpresso_4.2.0_224/lpcxpresso/tools/bin/../lib/gcc/arm-none-eabi/4.5.1/../../../../arm-none-eabi/lib/thumb2/libcr_c.a(printf.o)
                                 0x38 (size before relaxing)
 *fill*         0x0000d989        0x7 00
 .rodata.__huge_val
                0x0000d990        0x8 /usr/local/lpcxpresso_4.2.0_224/lpcxpresso/tools/bin/../lib/gcc/arm-none-eabi/4.5.1/../../../../arm-none-eabi/lib/thumb2/libcr_c.a(_hugeval.o)
                0x0000d990                __huge_val
 .rodata.__huge_vall
                0x0000d998        0x8 /usr/local/lpcxpresso_4.2.0_224/lpcxpresso/tools/bin/../lib/gcc/arm-none-eabi/4.5.1/../../../../arm-none-eabi/lib/thumb2/libcr_c.a(_hugeval.o)
                0x0000d998                __huge_vall
                0x0000d9a0                . = ALIGN (0x4)

.glue_7         0x0000d9a0        0x0
 .glue_7        0x00000000        0x0 linker stubs

.glue_7t        0x0000d9a0        0x0
 .glue_7t       0x00000000        0x0 linker stubs

.vfp11_veneer   0x0000d9a0        0x0
 .vfp11_veneer  0x00000000        0x0 linker stubs

.v4_bx          0x0000d9a0        0x0
 .v4_bx         0x00000000        0x0 linker stubs

.ARM.extab
 *(.ARM.extab* .gnu.linkonce.armextab.*)
                0x0000d9a0                __exidx_start = .

.ARM.exidx
 *(.ARM.exidx* .gnu.linkonce.armexidx.*)
                0x0000d9a0                __exidx_end = .
                0x0000d9a0                _etext = .

.data_RAM2      0x2007c000        0x0 load address 0x0000d9a0
 FILL mask 0xff
 *(.data.$RAM2*)
 *(.data.$RamAHB32*)
                0x2007c000                . = ALIGN (0x4)

.uninit_RESERVED
 *(.bss.$RESERVED*)

.data           0x10000000       0x18 load address 0x0000d9a0
 FILL mask 0xff
                0x10000000                _data = .
 *(vtable)
 *(.data*)
 .data.spi_div_low
                0x10000000        0x1 ./src/Tasks/SdCard/taskSdCard.o
                0x10000000                spi_div_low
 .data.spi_div_high
                0x10000001        0x1 ./src/Tasks/SdCard/taskSdCard.o
                0x10000001                spi_div_high
 .data.Stat     0x10000002        0x1 ./src/Tasks/SdCard/lib_FatFS/src/lpc1xxx_spi_sd/sd.o
 *fill*         0x10000003        0x1 00
 .data.xNextTaskUnblockTime
                0x10000004        0x4 ./FreeRTOS_src/tasks.o
 .data.uxPreviousTask
                0x10000008        0x4 ./FreeRTOS_src/tasks.o
 .data.uxCriticalNesting
                0x1000000c        0x4 ./FreeRTOS_portable/port.o
 .data.xFreeBytesRemaining
                0x10000010        0x4 ./FreeRTOS_portable/MemMang/heap_2.o
 .data.SystemCoreClock
                0x10000014        0x4 /home/fanaur/Desktop/workspace/CMSISv2p00_LPC17xx/Debug/libCMSISv2p00_LPC17xx.a(system_LPC17xx.o)
                0x10000014                SystemCoreClock
                0x10000018                . = ALIGN (0x4)
                0x10000018                _edata = .

.bss_RAM2       0x2007c000        0x0
 *(.bss.$RAM2*)
 *(.bss.$RamAHB32*)
                0x2007c000                . = ALIGN (0x4)

.bss            0x10000018     0x7e18
                0x10000018                _bss = .
 *(.bss*)
 .bss.rxptr     0x10000018        0x4 ./src/Tasks/WebServer/ethmac.o
 .bss.txptr     0x1000001c        0x4 ./src/Tasks/WebServer/ethmac.o
 .bss.TimeTick  0x10000020        0x4 ./src/Tasks/WebServer/taskWebServer.o
                0x10000020                TimeTick
 .bss.TimeTick2
                0x10000024        0x4 ./src/Tasks/WebServer/taskWebServer.o
                0x10000024                TimeTick2
 .bss.FatFs     0x10000028        0x4 ./src/Tasks/SdCard/ff.o
 .bss.Fsid      0x1000002c        0x2 ./src/Tasks/SdCard/ff.o
 .bss.CurrVol   0x1000002e        0x1 ./src/Tasks/SdCard/ff.o
 *fill*         0x1000002f        0x1 00
 .bss.Timer1    0x10000030        0x2 ./src/Tasks/SdCard/lib_FatFS/src/lpc1xxx_spi_sd/sd.o
 .bss.Timer2    0x10000032        0x2 ./src/Tasks/SdCard/lib_FatFS/src/lpc1xxx_spi_sd/sd.o
 .bss.pxCurrentTCB
                0x10000034        0x4 ./FreeRTOS_src/tasks.o
                0x10000034                pxCurrentTCB
 .bss.pxReadyTasksLists
                0x10000038       0x64 ./FreeRTOS_src/tasks.o
 .bss.xDelayedTaskList1
                0x1000009c       0x14 ./FreeRTOS_src/tasks.o
 .bss.xDelayedTaskList2
                0x100000b0       0x14 ./FreeRTOS_src/tasks.o
 .bss.pxDelayedTaskList
                0x100000c4        0x4 ./FreeRTOS_src/tasks.o
 .bss.pxOverflowDelayedTaskList
                0x100000c8        0x4 ./FreeRTOS_src/tasks.o
 .bss.xPendingReadyList
                0x100000cc       0x14 ./FreeRTOS_src/tasks.o
 .bss.xTasksWaitingTermination
                0x100000e0       0x14 ./FreeRTOS_src/tasks.o
 .bss.uxTasksDeleted
                0x100000f4        0x4 ./FreeRTOS_src/tasks.o
 .bss.xSuspendedTaskList
                0x100000f8       0x14 ./FreeRTOS_src/tasks.o
 .bss.uxCurrentNumberOfTasks
                0x1000010c        0x4 ./FreeRTOS_src/tasks.o
 .bss.xTickCount
                0x10000110        0x4 ./FreeRTOS_src/tasks.o
 .bss.uxTopUsedPriority
                0x10000114        0x4 ./FreeRTOS_src/tasks.o
 .bss.uxTopReadyPriority
                0x10000118        0x4 ./FreeRTOS_src/tasks.o
 .bss.xSchedulerRunning
                0x1000011c        0x4 ./FreeRTOS_src/tasks.o
 .bss.uxSchedulerSuspended
                0x10000120        0x4 ./FreeRTOS_src/tasks.o
 .bss.uxMissedTicks
                0x10000124        0x4 ./FreeRTOS_src/tasks.o
 .bss.xMissedYield
                0x10000128        0x4 ./FreeRTOS_src/tasks.o
 .bss.xNumOfOverflows
                0x1000012c        0x4 ./FreeRTOS_src/tasks.o
 .bss.uxTaskNumber
                0x10000130        0x4 ./FreeRTOS_src/tasks.o
 .bss.pcTraceBuffer
                0x10000134        0x4 ./FreeRTOS_src/tasks.o
 .bss.pcTraceBufferEnd
                0x10000138        0x4 ./FreeRTOS_src/tasks.o
 .bss.xTracing  0x1000013c        0x4 ./FreeRTOS_src/tasks.o
 .bss.xHeap     0x10000140     0x4c00 ./FreeRTOS_portable/MemMang/heap_2.o
 .bss.xStart    0x10004d40        0x8 ./FreeRTOS_portable/MemMang/heap_2.o
 .bss.xEnd      0x10004d48        0x8 ./FreeRTOS_portable/MemMang/heap_2.o
 .bss.xHeapHasBeenInitialised.1281
                0x10004d50        0x4 ./FreeRTOS_portable/MemMang/heap_2.o
 .bss.errno     0x10004d54        0x4 /usr/local/lpcxpresso_4.2.0_224/lpcxpresso/tools/bin/../lib/gcc/arm-none-eabi/4.5.1/../../../../arm-none-eabi/lib/thumb2/libcr_c.a(errno.o)
                0x10004d54                errno
 *(COMMON)
 COMMON         0x10004d58      0x244 ./src/main.o
                0x10004d58                semSdCardAccess
                0x10004d5c                HTTPBytesToSend
                0x10004d60                fs
                0x10004f94                HTTPStatus
                0x10004f98                PWebSide
 COMMON         0x10004f9c      0xd06 ./src/Tasks/WebServer/taskWebServer.o
                0x10004f9c                TCPTimer
                0x10004f9e                TCPRxDataCount
                0x10004fa0                queueSdCardWrite
                0x10004fa4                TCPTxDataCount
                0x10004fa8                RecdFrameIP
                0x10004fac                RemoteMAC
                0x10004fb2                TCPStateMachine
                0x10004fb4                TCPUNASeqNr
                0x10004fb8                semSdCardReadAction
                0x10004fbc                TCPLocalPort
                0x10004fc0                _RxTCPBuffer
                0x100053c0                bufferReadSdCard
                0x100053f2                TCPFlags
                0x100053f4                RecdFrameMAC
                0x100053fa                RecdIPFrameLength
                0x100053fc                RemoteIP
                0x10005400                LastFrameSent
                0x10005402                TCPRemotePort
                0x10005404                TxFrame2Size
                0x10005408                TCPAckNr
                0x1000540c                TransmitControl
                0x1000540e                TxFrame1Size
                0x10005410                ISNGenHigh
                0x10005414                _TxFrame2
                0x1000545e                RecdFrameLength
                0x10005460                _TxFrame1
                0x10005c98                TCPSeqNr
                0x10005c9c                queueSdCardRead
                0x10005ca0                RetryCounter
                0x10005ca1                SocketStatus
 *fill*         0x10005ca2        0x2 00
 COMMON         0x10005ca4       0x74 ./src/Tasks/SdCard/lib_FatFS/src/lpc1xxx_spi_sd/sd.o
                0x10005ca4                CardType
                0x10005ca8                CardConfig
 COMMON         0x10005d18       0x70 ./src/Tasks/PcCommunication/API_Uart.o
                0x10005d18                control_uarts
 COMMON         0x10005d88     0x1f5c ./src/Tasks/Adc/taskAdc.o
                0x10005d88                adcValues_buffer_B
                0x10006d28                adcCurrentBufferWorking
                0x10006d2c                adcValues_buffer_A
                0x10007ccc                adcState
                0x10007cce                adcSecondSincronizeValue
                0x10007cd0                adcValueCount
                0x10007cd4                adcCurrentBufferProcesing
                0x10007cd8                strbuf
                0x10007cde                adcFirtSincronizeValue
                0x10007ce0                mutexAdcReady
 COMMON         0x10007ce4        0x4 /usr/local/lpcxpresso_4.2.0_224/lpcxpresso/tools/bin/../lib/gcc/arm-none-eabi/4.5.1/../../../../arm-none-eabi/lib/thumb2/libcr_c.a(initio.o)
                0x10007ce4                _extra
 COMMON         0x10007ce8      0x140 /usr/local/lpcxpresso_4.2.0_224/lpcxpresso/tools/bin/../lib/gcc/arm-none-eabi/4.5.1/../../../../arm-none-eabi/lib/thumb2/libcr_c.a(stdio.o)
                0x10007ce8                __Ciob
 COMMON         0x10007e28        0x8 /usr/local/lpcxpresso_4.2.0_224/lpcxpresso/tools/bin/../lib/gcc/arm-none-eabi/4.5.1/../../../../arm-none-eabi/lib/thumb2/libcr_c.a(__init_alloc.o)
                0x10007e28                __heaps
                0x10007e2c                __end_of_heap
                0x10007e30                . = ALIGN (0x4)
                0x10007e30                _ebss = .
                0x10007e30                PROVIDE (end, .)
                0x10007e30                PROVIDE (_pvHeapStart, .)
                0x10008000                PROVIDE (_vStackTop, (__top_RamLoc32 - 0x0))
OUTPUT(SMCED.axf elf32-littlearm)

.debug_abbrev   0x00000000     0x2b95
 .debug_abbrev  0x00000000       0x16 ./src/cmdPcCom.o
 .debug_abbrev  0x00000016       0xa9 ./src/cr_startup_lpc17.o
 .debug_abbrev  0x000000bf      0x1c9 ./src/main.o
 .debug_abbrev  0x00000288      0x1bc ./src/Tasks/ezxml.o
 .debug_abbrev  0x00000444      0x1b7 ./src/Tasks/WebServer/ethmac.o
 .debug_abbrev  0x000005fb      0x1d2 ./src/Tasks/WebServer/taskWebServer.o
 .debug_abbrev  0x000007cd      0x1f9 ./src/Tasks/WebServer/tcpip.o
 .debug_abbrev  0x000009c6       0xcc ./src/Tasks/SdCard/FatFS_support.o
 .debug_abbrev  0x00000a92      0x175 ./src/Tasks/SdCard/ff.o
 .debug_abbrev  0x00000c07       0xf2 ./src/Tasks/SdCard/taskSdCard.o
 .debug_abbrev  0x00000cf9       0x2c ./src/Tasks/SdCard/option/syscall.o
 .debug_abbrev  0x00000d25       0xbb ./src/Tasks/SdCard/lib_FatFS/src/option/cc932.o
 .debug_abbrev  0x00000de0       0x2c ./src/Tasks/SdCard/lib_FatFS/src/option/syscall.o
 .debug_abbrev  0x00000e0c      0x1fc ./src/Tasks/SdCard/lib_FatFS/src/lpc1xxx_spi_sd/lpc17xx_spi.o
 .debug_abbrev  0x00001008      0x1d3 ./src/Tasks/SdCard/lib_FatFS/src/lpc1xxx_spi_sd/sd.o
 .debug_abbrev  0x000011db       0x16 ./src/Tasks/SdCard/lib_FatFS/src/clocking.o
 .debug_abbrev  0x000011f1      0x233 ./src/Tasks/PcCommunication/API_Uart.o
 .debug_abbrev  0x00001424       0x51 ./src/Tasks/PcCommunication/ProtocolPCComunicaction.o
 .debug_abbrev  0x00001475      0x155 ./src/Tasks/PcCommunication/ProtocolPCComunication.o
 .debug_abbrev  0x000015ca      0x163 ./src/Tasks/PcCommunication/taskPcCommunication.o
 .debug_abbrev  0x0000172d      0x104 ./src/Tasks/KeepAlive/taskKeepAlive.o
 .debug_abbrev  0x00001831      0x11b ./src/Tasks/Core/taskCore.o
 .debug_abbrev  0x0000194c      0x1e4 ./src/Tasks/Adc/taskAdc.o
 .debug_abbrev  0x00001b30      0x18a ./FreeRTOS_src/croutine.o
 .debug_abbrev  0x00001cba       0xba ./FreeRTOS_src/list.o
 .debug_abbrev  0x00001d74      0x170 ./FreeRTOS_src/queue.o
 .debug_abbrev  0x00001ee4      0x184 ./FreeRTOS_src/tasks.o
 .debug_abbrev  0x00002068       0x2c ./FreeRTOS_src/timers.o
 .debug_abbrev  0x00002094      0x124 ./FreeRTOS_portable/port.o
 .debug_abbrev  0x000021b8      0x160 ./FreeRTOS_portable/MemMang/heap_2.o
 .debug_abbrev  0x00002318       0xe3 /home/fanaur/Desktop/workspace/CMSISv2p00_LPC17xx/Debug/libCMSISv2p00_LPC17xx.a(system_LPC17xx.o)
 .debug_abbrev  0x000023fb      0x13f /home/fanaur/Desktop/workspace/libDriversMcuPeripherals/Debug/libDriversMcuPeripherals.a(lpc17xx_adc.o)
 .debug_abbrev  0x0000253a      0x197 /home/fanaur/Desktop/workspace/libDriversMcuPeripherals/Debug/libDriversMcuPeripherals.a(lpc17xx_clkpwr.o)
 .debug_abbrev  0x000026d1       0x6a /home/fanaur/Desktop/workspace/libDriversMcuPeripherals/Debug/libDriversMcuPeripherals.a(lpc17xx_libcfg_default.o)
 .debug_abbrev  0x0000273b      0x11f /home/fanaur/Desktop/workspace/libDriversMcuPeripherals/Debug/libDriversMcuPeripherals.a(lpc17xx_pinsel.o)
 .debug_abbrev  0x0000285a      0x16b /home/fanaur/Desktop/workspace/libDriversMcuPeripherals/Debug/libDriversMcuPeripherals.a(lpc17xx_rtc.o)
 .debug_abbrev  0x000029c5      0x1d0 /home/fanaur/Desktop/workspace/libDriversMcuPeripherals/Debug/libDriversMcuPeripherals.a(lpc17xx_uart.o)

.debug_info     0x00000000    0x1008a
 .debug_info    0x00000000       0x29 ./src/cmdPcCom.o
 .debug_info    0x00000029      0x18f ./src/cr_startup_lpc17.o
 .debug_info    0x000001b8      0xc53 ./src/main.o
 .debug_info    0x00000e0b      0xee4 ./src/Tasks/ezxml.o
 .debug_info    0x00001cef      0xbdd ./src/Tasks/WebServer/ethmac.o
 .debug_info    0x000028cc      0xcb6 ./src/Tasks/WebServer/taskWebServer.o
 .debug_info    0x00003582      0xd70 ./src/Tasks/WebServer/tcpip.o
 .debug_info    0x000042f2      0x46a ./src/Tasks/SdCard/FatFS_support.o
 .debug_info    0x0000475c     0x1865 ./src/Tasks/SdCard/ff.o
 .debug_info    0x00005fc1      0x1d4 ./src/Tasks/SdCard/taskSdCard.o
 .debug_info    0x00006195       0x70 ./src/Tasks/SdCard/option/syscall.o
 .debug_info    0x00006205      0x1cb ./src/Tasks/SdCard/lib_FatFS/src/option/cc932.o
 .debug_info    0x000063d0       0x70 ./src/Tasks/SdCard/lib_FatFS/src/option/syscall.o
 .debug_info    0x00006440      0xa44 ./src/Tasks/SdCard/lib_FatFS/src/lpc1xxx_spi_sd/lpc17xx_spi.o
 .debug_info    0x00006e84      0x781 ./src/Tasks/SdCard/lib_FatFS/src/lpc1xxx_spi_sd/sd.o
 .debug_info    0x00007605       0x29 ./src/Tasks/SdCard/lib_FatFS/src/clocking.o
 .debug_info    0x0000762e      0xd13 ./src/Tasks/PcCommunication/API_Uart.o
 .debug_info    0x00008341       0xa3 ./src/Tasks/PcCommunication/ProtocolPCComunicaction.o
 .debug_info    0x000083e4      0x2ac ./src/Tasks/PcCommunication/ProtocolPCComunication.o
 .debug_info    0x00008690      0x386 ./src/Tasks/PcCommunication/taskPcCommunication.o
 .debug_info    0x00008a16      0x44d ./src/Tasks/KeepAlive/taskKeepAlive.o
 .debug_info    0x00008e63      0x528 ./src/Tasks/Core/taskCore.o
 .debug_info    0x0000938b     0x149e ./src/Tasks/Adc/taskAdc.o
 .debug_info    0x0000a829      0x4c5 ./FreeRTOS_src/croutine.o
 .debug_info    0x0000acee      0x299 ./FreeRTOS_src/list.o
 .debug_info    0x0000af87      0x8c4 ./FreeRTOS_src/queue.o
 .debug_info    0x0000b84b     0x1000 ./FreeRTOS_src/tasks.o
 .debug_info    0x0000c84b       0x62 ./FreeRTOS_src/timers.o
 .debug_info    0x0000c8ad      0x1ed ./FreeRTOS_portable/port.o
 .debug_info    0x0000ca9a      0x2a6 ./FreeRTOS_portable/MemMang/heap_2.o
 .debug_info    0x0000cd40      0x38f /home/fanaur/Desktop/workspace/CMSISv2p00_LPC17xx/Debug/libCMSISv2p00_LPC17xx.a(system_LPC17xx.o)
 .debug_info    0x0000d0cf      0x626 /home/fanaur/Desktop/workspace/libDriversMcuPeripherals/Debug/libDriversMcuPeripherals.a(lpc17xx_adc.o)
 .debug_info    0x0000d6f5      0x6d7 /home/fanaur/Desktop/workspace/libDriversMcuPeripherals/Debug/libDriversMcuPeripherals.a(lpc17xx_clkpwr.o)
 .debug_info    0x0000ddcc       0xcd /home/fanaur/Desktop/workspace/libDriversMcuPeripherals/Debug/libDriversMcuPeripherals.a(lpc17xx_libcfg_default.o)
 .debug_info    0x0000de99      0x4b9 /home/fanaur/Desktop/workspace/libDriversMcuPeripherals/Debug/libDriversMcuPeripherals.a(lpc17xx_pinsel.o)
 .debug_info    0x0000e352      0xa1e /home/fanaur/Desktop/workspace/libDriversMcuPeripherals/Debug/libDriversMcuPeripherals.a(lpc17xx_rtc.o)
 .debug_info    0x0000ed70     0x131a /home/fanaur/Desktop/workspace/libDriversMcuPeripherals/Debug/libDriversMcuPeripherals.a(lpc17xx_uart.o)

.debug_line     0x00000000     0xdf2a
 .debug_line    0x00000000       0x32 ./src/cmdPcCom.o
 .debug_line    0x00000032       0xf2 ./src/cr_startup_lpc17.o
 .debug_line    0x00000124      0x85a ./src/main.o
 .debug_line    0x0000097e     0x1148 ./src/Tasks/ezxml.o
 .debug_line    0x00001ac6      0x5ae ./src/Tasks/WebServer/ethmac.o
 .debug_line    0x00002074      0x8d1 ./src/Tasks/WebServer/taskWebServer.o
 .debug_line    0x00002945      0x811 ./src/Tasks/WebServer/tcpip.o
 .debug_line    0x00003156      0x51a ./src/Tasks/SdCard/FatFS_support.o
 .debug_line    0x00003670     0x10c9 ./src/Tasks/SdCard/ff.o
 .debug_line    0x00004739      0x59a ./src/Tasks/SdCard/taskSdCard.o
 .debug_line    0x00004cd3      0x482 ./src/Tasks/SdCard/option/syscall.o
 .debug_line    0x00005155      0x124 ./src/Tasks/SdCard/lib_FatFS/src/option/cc932.o
 .debug_line    0x00005279      0x32a ./src/Tasks/SdCard/lib_FatFS/src/option/syscall.o
 .debug_line    0x000055a3      0x4c7 ./src/Tasks/SdCard/lib_FatFS/src/lpc1xxx_spi_sd/lpc17xx_spi.o
 .debug_line    0x00005a6a      0x7ac ./src/Tasks/SdCard/lib_FatFS/src/lpc1xxx_spi_sd/sd.o
 .debug_line    0x00006216       0x4d ./src/Tasks/SdCard/lib_FatFS/src/clocking.o
 .debug_line    0x00006263      0x5bd ./src/Tasks/PcCommunication/API_Uart.o
 .debug_line    0x00006820      0x429 ./src/Tasks/PcCommunication/ProtocolPCComunicaction.o
 .debug_line    0x00006c49      0x381 ./src/Tasks/PcCommunication/ProtocolPCComunication.o
 .debug_line    0x00006fca      0x674 ./src/Tasks/PcCommunication/taskPcCommunication.o
 .debug_line    0x0000763e      0x556 ./src/Tasks/KeepAlive/taskKeepAlive.o
 .debug_line    0x00007b94      0x680 ./src/Tasks/Core/taskCore.o
 .debug_line    0x00008214      0x7cd ./src/Tasks/Adc/taskAdc.o
 .debug_line    0x000089e1      0x56c ./FreeRTOS_src/croutine.o
 .debug_line    0x00008f4d      0x4ac ./FreeRTOS_src/list.o
 .debug_line    0x000093f9      0x70b ./FreeRTOS_src/queue.o
 .debug_line    0x00009b04      0xa9a ./FreeRTOS_src/tasks.o
 .debug_line    0x0000a59e      0x433 ./FreeRTOS_src/timers.o
 .debug_line    0x0000a9d1      0x4f9 ./FreeRTOS_portable/port.o
 .debug_line    0x0000aeca      0x4e9 ./FreeRTOS_portable/MemMang/heap_2.o
 .debug_line    0x0000b3b3      0x3e7 /home/fanaur/Desktop/workspace/CMSISv2p00_LPC17xx/Debug/libCMSISv2p00_LPC17xx.a(system_LPC17xx.o)
 .debug_line    0x0000b79a      0x62c /home/fanaur/Desktop/workspace/libDriversMcuPeripherals/Debug/libDriversMcuPeripherals.a(lpc17xx_adc.o)
 .debug_line    0x0000bdc6      0x4fd /home/fanaur/Desktop/workspace/libDriversMcuPeripherals/Debug/libDriversMcuPeripherals.a(lpc17xx_clkpwr.o)
 .debug_line    0x0000c2c3      0x3a5 /home/fanaur/Desktop/workspace/libDriversMcuPeripherals/Debug/libDriversMcuPeripherals.a(lpc17xx_libcfg_default.o)
 .debug_line    0x0000c668      0x495 /home/fanaur/Desktop/workspace/libDriversMcuPeripherals/Debug/libDriversMcuPeripherals.a(lpc17xx_pinsel.o)
 .debug_line    0x0000cafd      0x8be /home/fanaur/Desktop/workspace/libDriversMcuPeripherals/Debug/libDriversMcuPeripherals.a(lpc17xx_rtc.o)
 .debug_line    0x0000d3bb      0xb6f /home/fanaur/Desktop/workspace/libDriversMcuPeripherals/Debug/libDriversMcuPeripherals.a(lpc17xx_uart.o)

.debug_macinfo  0x00000000   0x104764
 .debug_macinfo
                0x00000000     0x16b9 ./src/cmdPcCom.o
 .debug_macinfo
                0x000016b9     0x1705 ./src/cr_startup_lpc17.o
 .debug_macinfo
                0x00002dbe     0xfbfd ./src/main.o
 .debug_macinfo
                0x000129bb     0x2615 ./src/Tasks/ezxml.o
 .debug_macinfo
                0x00014fd0     0x9a25 ./src/Tasks/WebServer/ethmac.o
 .debug_macinfo
                0x0001e9f5     0xf316 ./src/Tasks/WebServer/taskWebServer.o
 .debug_macinfo
                0x0002dd0b     0x99f6 ./src/Tasks/WebServer/tcpip.o
 .debug_macinfo
                0x00037701     0xa049 ./src/Tasks/SdCard/FatFS_support.o
 .debug_macinfo
                0x0004174a     0x4fbf ./src/Tasks/SdCard/ff.o
 .debug_macinfo
                0x00046709     0xa0a3 ./src/Tasks/SdCard/taskSdCard.o
 .debug_macinfo
                0x000507ac     0x45b7 ./src/Tasks/SdCard/option/syscall.o
 .debug_macinfo
                0x00054d63     0x1c86 ./src/Tasks/SdCard/lib_FatFS/src/option/cc932.o
 .debug_macinfo
                0x000569e9     0x2345 ./src/Tasks/SdCard/lib_FatFS/src/option/syscall.o
 .debug_macinfo
                0x00058d2e     0x780b ./src/Tasks/SdCard/lib_FatFS/src/lpc1xxx_spi_sd/lpc17xx_spi.o
 .debug_macinfo
                0x00060539     0x7ba9 ./src/Tasks/SdCard/lib_FatFS/src/lpc1xxx_spi_sd/sd.o
 .debug_macinfo
                0x000680e2     0x16b9 ./src/Tasks/SdCard/lib_FatFS/src/clocking.o
 .debug_macinfo
                0x0006979b     0xa956 ./src/Tasks/PcCommunication/API_Uart.o
 .debug_macinfo
                0x000740f1     0x7850 ./src/Tasks/PcCommunication/ProtocolPCComunicaction.o
 .debug_macinfo
                0x0007b941     0x1f9b ./src/Tasks/PcCommunication/ProtocolPCComunication.o
 .debug_macinfo
                0x0007d8dc     0xd940 ./src/Tasks/PcCommunication/taskPcCommunication.o
 .debug_macinfo
                0x0008b21c     0x952f ./src/Tasks/KeepAlive/taskKeepAlive.o
 .debug_macinfo
                0x0009474b     0xea76 ./src/Tasks/Core/taskCore.o
 .debug_macinfo
                0x000a31c1     0xc932 ./src/Tasks/Adc/taskAdc.o
 .debug_macinfo
                0x000afaf3     0x40ff ./FreeRTOS_src/croutine.o
 .debug_macinfo
                0x000b3bf2     0x3719 ./FreeRTOS_src/list.o
 .debug_macinfo
                0x000b730b     0x43a5 ./FreeRTOS_src/queue.o
 .debug_macinfo
                0x000bb6b0     0x4a6e ./FreeRTOS_src/tasks.o
 .debug_macinfo
                0x000c011e     0x46f0 ./FreeRTOS_src/timers.o
 .debug_macinfo
                0x000c480e     0x3c32 ./FreeRTOS_portable/port.o
 .debug_macinfo
                0x000c8440     0x3dc8 ./FreeRTOS_portable/MemMang/heap_2.o
 .debug_macinfo
                0x000cc208     0x792b /home/fanaur/Desktop/workspace/CMSISv2p00_LPC17xx/Debug/libCMSISv2p00_LPC17xx.a(system_LPC17xx.o)
 .debug_macinfo
                0x000d3b33     0x947b /home/fanaur/Desktop/workspace/libDriversMcuPeripherals/Debug/libDriversMcuPeripherals.a(lpc17xx_adc.o)
 .debug_macinfo
                0x000dcfae     0x8b35 /home/fanaur/Desktop/workspace/libDriversMcuPeripherals/Debug/libDriversMcuPeripherals.a(lpc17xx_clkpwr.o)
 .debug_macinfo
                0x000e5ae3     0x3424 /home/fanaur/Desktop/workspace/libDriversMcuPeripherals/Debug/libDriversMcuPeripherals.a(lpc17xx_libcfg_default.o)
 .debug_macinfo
                0x000e8f07     0x7d10 /home/fanaur/Desktop/workspace/libDriversMcuPeripherals/Debug/libDriversMcuPeripherals.a(lpc17xx_pinsel.o)
 .debug_macinfo
                0x000f0c17     0x958e /home/fanaur/Desktop/workspace/libDriversMcuPeripherals/Debug/libDriversMcuPeripherals.a(lpc17xx_rtc.o)
 .debug_macinfo
                0x000fa1a5     0xa5bf /home/fanaur/Desktop/workspace/libDriversMcuPeripherals/Debug/libDriversMcuPeripherals.a(lpc17xx_uart.o)

.debug_str      0x00000000     0x4991
 .debug_str     0x00000000       0x49 ./src/cmdPcCom.o
 .debug_str     0x00000049       0xca ./src/cr_startup_lpc17.o
                                0x120 (size before relaxing)
 .debug_str     0x00000113      0x5fe ./src/main.o
                                0x690 (size before relaxing)
 .debug_str     0x00000711      0x23e ./src/Tasks/ezxml.o
                                0x315 (size before relaxing)
 .debug_str     0x0000094f      0x419 ./src/Tasks/WebServer/ethmac.o
                                0x677 (size before relaxing)
 .debug_str     0x00000d68      0x41b ./src/Tasks/WebServer/taskWebServer.o
                                0x7c6 (size before relaxing)
 .debug_str     0x00001183      0x2ce ./src/Tasks/WebServer/tcpip.o
                                0x742 (size before relaxing)
 .debug_str     0x00001451       0x43 ./src/Tasks/SdCard/FatFS_support.o
                                0x2d4 (size before relaxing)
 .debug_str     0x00001494      0x2ac ./src/Tasks/SdCard/ff.o
                                0x5a0 (size before relaxing)
 .debug_str     0x00001740       0xb3 ./src/Tasks/SdCard/taskSdCard.o
                                0x1b2 (size before relaxing)
 .debug_str     0x000017f3       0x25 ./src/Tasks/SdCard/option/syscall.o
                                 0xc9 (size before relaxing)
 .debug_str     0x00001818       0x74 ./src/Tasks/SdCard/lib_FatFS/src/option/cc932.o
                                0x108 (size before relaxing)
 .debug_str     0x0000188c       0x33 ./src/Tasks/SdCard/lib_FatFS/src/option/syscall.o
                                 0xd7 (size before relaxing)
 .debug_str     0x000018bf       0xef ./src/Tasks/SdCard/lib_FatFS/src/lpc1xxx_spi_sd/lpc17xx_spi.o
                                0x560 (size before relaxing)
 .debug_str     0x000019ae      0x1b1 ./src/Tasks/SdCard/lib_FatFS/src/lpc1xxx_spi_sd/sd.o
                                0x33b (size before relaxing)
 .debug_str     0x00001b5f       0x2d ./src/Tasks/SdCard/lib_FatFS/src/clocking.o
                                 0x64 (size before relaxing)
 .debug_str     0x00001b8c      0x5be ./src/Tasks/PcCommunication/API_Uart.o
                                0x722 (size before relaxing)
 .debug_str     0x0000214a       0x37 ./src/Tasks/PcCommunication/ProtocolPCComunicaction.o
                                0x101 (size before relaxing)
 .debug_str     0x00002181      0x16d ./src/Tasks/PcCommunication/ProtocolPCComunication.o
                                0x1f9 (size before relaxing)
 .debug_str     0x000022ee      0x111 ./src/Tasks/PcCommunication/taskPcCommunication.o
                                0x33e (size before relaxing)
 .debug_str     0x000023ff       0x4a ./src/Tasks/KeepAlive/taskKeepAlive.o
                                0x29f (size before relaxing)
 .debug_str     0x00002449       0x41 ./src/Tasks/Core/taskCore.o
                                0x2c9 (size before relaxing)
 .debug_str     0x0000248a      0x565 ./src/Tasks/Adc/taskAdc.o
                                0xdd2 (size before relaxing)
 .debug_str     0x000029ef      0x33e ./FreeRTOS_src/croutine.o
                                0x3ec (size before relaxing)
 .debug_str     0x00002d2d       0xaa ./FreeRTOS_src/list.o
                                0x1dd (size before relaxing)
 .debug_str     0x00002dd7      0x3a1 ./FreeRTOS_src/queue.o
                                0x533 (size before relaxing)
 .debug_str     0x00003178      0x75e ./FreeRTOS_src/tasks.o
                                0x9b4 (size before relaxing)
 .debug_str     0x000038d6       0x19 ./FreeRTOS_src/timers.o
                                 0xac (size before relaxing)
 .debug_str     0x000038ef      0x123 ./FreeRTOS_portable/port.o
                                0x1e9 (size before relaxing)
 .debug_str     0x00003a12      0x151 ./FreeRTOS_portable/MemMang/heap_2.o
                                0x209 (size before relaxing)
 .debug_str     0x00003b63       0x71 /home/fanaur/Desktop/workspace/CMSISv2p00_LPC17xx/Debug/libCMSISv2p00_LPC17xx.a(system_LPC17xx.o)
                                0x26e (size before relaxing)
 .debug_str     0x00003bd4      0x1f3 /home/fanaur/Desktop/workspace/libDriversMcuPeripherals/Debug/libDriversMcuPeripherals.a(lpc17xx_adc.o)
                                0x4ac (size before relaxing)
 .debug_str     0x00003dc7       0xd3 /home/fanaur/Desktop/workspace/libDriversMcuPeripherals/Debug/libDriversMcuPeripherals.a(lpc17xx_clkpwr.o)
                                0x391 (size before relaxing)
 .debug_str     0x00003e9a       0x35 /home/fanaur/Desktop/workspace/libDriversMcuPeripherals/Debug/libDriversMcuPeripherals.a(lpc17xx_libcfg_default.o)
                                0x118 (size before relaxing)
 .debug_str     0x00003ecf       0xfe /home/fanaur/Desktop/workspace/libDriversMcuPeripherals/Debug/libDriversMcuPeripherals.a(lpc17xx_pinsel.o)
                                0x36a (size before relaxing)
 .debug_str     0x00003fcd      0x1ed /home/fanaur/Desktop/workspace/libDriversMcuPeripherals/Debug/libDriversMcuPeripherals.a(lpc17xx_rtc.o)
                                0x580 (size before relaxing)
 .debug_str     0x000041ba      0x7d7 /home/fanaur/Desktop/workspace/libDriversMcuPeripherals/Debug/libDriversMcuPeripherals.a(lpc17xx_uart.o)
                                0xb26 (size before relaxing)

.comment        0x00000000       0x2a
 .comment       0x00000000       0x2a ./src/cmdPcCom.o
                                 0x2b (size before relaxing)
 .comment       0x00000000       0x2b ./src/cr_startup_lpc17.o
 .comment       0x00000000       0x2b ./src/main.o
 .comment       0x00000000       0x2b ./src/Tasks/ezxml.o
 .comment       0x00000000       0x2b ./src/Tasks/WebServer/ethmac.o
 .comment       0x00000000       0x2b ./src/Tasks/WebServer/taskWebServer.o
 .comment       0x00000000       0x2b ./src/Tasks/WebServer/tcpip.o
 .comment       0x00000000       0x2b ./src/Tasks/SdCard/FatFS_support.o
 .comment       0x00000000       0x2b ./src/Tasks/SdCard/ff.o
 .comment       0x00000000       0x2b ./src/Tasks/SdCard/taskSdCard.o
 .comment       0x00000000       0x2b ./src/Tasks/SdCard/option/syscall.o
 .comment       0x00000000       0x2b ./src/Tasks/SdCard/lib_FatFS/src/option/cc932.o
 .comment       0x00000000       0x2b ./src/Tasks/SdCard/lib_FatFS/src/option/syscall.o
 .comment       0x00000000       0x2b ./src/Tasks/SdCard/lib_FatFS/src/lpc1xxx_spi_sd/lpc17xx_spi.o
 .comment       0x00000000       0x2b ./src/Tasks/SdCard/lib_FatFS/src/lpc1xxx_spi_sd/sd.o
 .comment       0x00000000       0x2b ./src/Tasks/SdCard/lib_FatFS/src/clocking.o
 .comment       0x00000000       0x2b ./src/Tasks/PcCommunication/API_Uart.o
 .comment       0x00000000       0x2b ./src/Tasks/PcCommunication/ProtocolPCComunicaction.o
 .comment       0x00000000       0x2b ./src/Tasks/PcCommunication/ProtocolPCComunication.o
 .comment       0x00000000       0x2b ./src/Tasks/PcCommunication/taskPcCommunication.o
 .comment       0x00000000       0x2b ./src/Tasks/KeepAlive/taskKeepAlive.o
 .comment       0x00000000       0x2b ./src/Tasks/Core/taskCore.o
 .comment       0x00000000       0x2b ./src/Tasks/Adc/taskAdc.o
 .comment       0x00000000       0x2b ./FreeRTOS_src/croutine.o
 .comment       0x00000000       0x2b ./FreeRTOS_src/list.o
 .comment       0x00000000       0x2b ./FreeRTOS_src/queue.o
 .comment       0x00000000       0x2b ./FreeRTOS_src/tasks.o
 .comment       0x00000000       0x2b ./FreeRTOS_src/timers.o
 .comment       0x00000000       0x2b ./FreeRTOS_portable/port.o
 .comment       0x00000000       0x2b ./FreeRTOS_portable/MemMang/heap_2.o
 .comment       0x00000000       0x2b /home/fanaur/Desktop/workspace/CMSISv2p00_LPC17xx/Debug/libCMSISv2p00_LPC17xx.a(system_LPC17xx.o)
 .comment       0x00000000       0x2b /home/fanaur/Desktop/workspace/libDriversMcuPeripherals/Debug/libDriversMcuPeripherals.a(lpc17xx_adc.o)
 .comment       0x00000000       0x2b /home/fanaur/Desktop/workspace/libDriversMcuPeripherals/Debug/libDriversMcuPeripherals.a(lpc17xx_clkpwr.o)
 .comment       0x00000000       0x2b /home/fanaur/Desktop/workspace/libDriversMcuPeripherals/Debug/libDriversMcuPeripherals.a(lpc17xx_libcfg_default.o)
 .comment       0x00000000       0x2b /home/fanaur/Desktop/workspace/libDriversMcuPeripherals/Debug/libDriversMcuPeripherals.a(lpc17xx_pinsel.o)
 .comment       0x00000000       0x2b /home/fanaur/Desktop/workspace/libDriversMcuPeripherals/Debug/libDriversMcuPeripherals.a(lpc17xx_rtc.o)
 .comment       0x00000000       0x2b /home/fanaur/Desktop/workspace/libDriversMcuPeripherals/Debug/libDriversMcuPeripherals.a(lpc17xx_uart.o)
 .comment       0x00000000       0x2b /usr/local/lpcxpresso_4.2.0_224/lpcxpresso/tools/bin/../lib/gcc/arm-none-eabi/4.5.1/../../../../arm-none-eabi/lib/thumb2/libcr_semihost.a(_cr__main.o)
 .comment       0x00000000       0x2b /usr/local/lpcxpresso_4.2.0_224/lpcxpresso/tools/bin/../lib/gcc/arm-none-eabi/4.5.1/../../../../arm-none-eabi/lib/thumb2/libcr_c.a(alloc.o)
 .comment       0x00000000       0x2b /usr/local/lpcxpresso_4.2.0_224/lpcxpresso/tools/bin/../lib/gcc/arm-none-eabi/4.5.1/../../../../arm-none-eabi/lib/thumb2/libcr_c.a(cos.o)
 .comment       0x00000000       0x2b /usr/local/lpcxpresso_4.2.0_224/lpcxpresso/tools/bin/../lib/gcc/arm-none-eabi/4.5.1/../../../../arm-none-eabi/lib/thumb2/libcr_c.a(ctype.o)
 .comment       0x00000000       0x2b /usr/local/lpcxpresso_4.2.0_224/lpcxpresso/tools/bin/../lib/gcc/arm-none-eabi/4.5.1/../../../../arm-none-eabi/lib/thumb2/libcr_c.a(fpprintf.o)
 .comment       0x00000000       0x2b /usr/local/lpcxpresso_4.2.0_224/lpcxpresso/tools/bin/../lib/gcc/arm-none-eabi/4.5.1/../../../../arm-none-eabi/lib/thumb2/libcr_c.a(initio.o)
 .comment       0x00000000       0x2b /usr/local/lpcxpresso_4.2.0_224/lpcxpresso/tools/bin/../lib/gcc/arm-none-eabi/4.5.1/../../../../arm-none-eabi/lib/thumb2/libcr_c.a(memcmp.o)
 .comment       0x00000000       0x2b /usr/local/lpcxpresso_4.2.0_224/lpcxpresso/tools/bin/../lib/gcc/arm-none-eabi/4.5.1/../../../../arm-none-eabi/lib/thumb2/libcr_c.a(printf.o)
 .comment       0x00000000       0x2b /usr/local/lpcxpresso_4.2.0_224/lpcxpresso/tools/bin/../lib/gcc/arm-none-eabi/4.5.1/../../../../arm-none-eabi/lib/thumb2/libcr_c.a(scanf.o)
 .comment       0x00000000       0x2b /usr/local/lpcxpresso_4.2.0_224/lpcxpresso/tools/bin/../lib/gcc/arm-none-eabi/4.5.1/../../../../arm-none-eabi/lib/thumb2/libcr_c.a(setvbuf.o)
 .comment       0x00000000       0x2b /usr/local/lpcxpresso_4.2.0_224/lpcxpresso/tools/bin/../lib/gcc/arm-none-eabi/4.5.1/../../../../arm-none-eabi/lib/thumb2/libcr_c.a(stdio.o)
 .comment       0x00000000       0x2b /usr/local/lpcxpresso_4.2.0_224/lpcxpresso/tools/bin/../lib/gcc/arm-none-eabi/4.5.1/../../../../arm-none-eabi/lib/thumb2/libcr_c.a(strcat.o)
 .comment       0x00000000       0x2b /usr/local/lpcxpresso_4.2.0_224/lpcxpresso/tools/bin/../lib/gcc/arm-none-eabi/4.5.1/../../../../arm-none-eabi/lib/thumb2/libcr_c.a(strchr.o)
 .comment       0x00000000       0x2b /usr/local/lpcxpresso_4.2.0_224/lpcxpresso/tools/bin/../lib/gcc/arm-none-eabi/4.5.1/../../../../arm-none-eabi/lib/thumb2/libcr_c.a(strcmp.o)
 .comment       0x00000000       0x2b /usr/local/lpcxpresso_4.2.0_224/lpcxpresso/tools/bin/../lib/gcc/arm-none-eabi/4.5.1/../../../../arm-none-eabi/lib/thumb2/libcr_c.a(strcpy.o)
 .comment       0x00000000       0x2b /usr/local/lpcxpresso_4.2.0_224/lpcxpresso/tools/bin/../lib/gcc/arm-none-eabi/4.5.1/../../../../arm-none-eabi/lib/thumb2/libcr_c.a(strcspn.o)
 .comment       0x00000000       0x2b /usr/local/lpcxpresso_4.2.0_224/lpcxpresso/tools/bin/../lib/gcc/arm-none-eabi/4.5.1/../../../../arm-none-eabi/lib/thumb2/libcr_c.a(strlen.o)
 .comment       0x00000000       0x2b /usr/local/lpcxpresso_4.2.0_224/lpcxpresso/tools/bin/../lib/gcc/arm-none-eabi/4.5.1/../../../../arm-none-eabi/lib/thumb2/libcr_c.a(strncmp.o)
 .comment       0x00000000       0x2b /usr/local/lpcxpresso_4.2.0_224/lpcxpresso/tools/bin/../lib/gcc/arm-none-eabi/4.5.1/../../../../arm-none-eabi/lib/thumb2/libcr_c.a(strncpy.o)
 .comment       0x00000000       0x2b /usr/local/lpcxpresso_4.2.0_224/lpcxpresso/tools/bin/../lib/gcc/arm-none-eabi/4.5.1/../../../../arm-none-eabi/lib/thumb2/libcr_c.a(strspn.o)
 .comment       0x00000000       0x2b /usr/local/lpcxpresso_4.2.0_224/lpcxpresso/tools/bin/../lib/gcc/arm-none-eabi/4.5.1/../../../../arm-none-eabi/lib/thumb2/libcr_c.a(strstr.o)
 .comment       0x00000000       0x2b /usr/local/lpcxpresso_4.2.0_224/lpcxpresso/tools/bin/../lib/gcc/arm-none-eabi/4.5.1/../../../../arm-none-eabi/lib/thumb2/libcr_c.a(ungetc.o)
 .comment       0x00000000       0x2b /usr/local/lpcxpresso_4.2.0_224/lpcxpresso/tools/bin/../lib/gcc/arm-none-eabi/4.5.1/../../../../arm-none-eabi/lib/thumb2/libcr_c.a(memcpy.o)
 .comment       0x00000000       0x2b /usr/local/lpcxpresso_4.2.0_224/lpcxpresso/tools/bin/../lib/gcc/arm-none-eabi/4.5.1/../../../../arm-none-eabi/lib/thumb2/libcr_c.a(memmove.o)
 .comment       0x00000000       0x2b /usr/local/lpcxpresso_4.2.0_224/lpcxpresso/tools/bin/../lib/gcc/arm-none-eabi/4.5.1/../../../../arm-none-eabi/lib/thumb2/libcr_c.a(memset.o)
 .comment       0x00000000       0x2b /usr/local/lpcxpresso_4.2.0_224/lpcxpresso/tools/bin/../lib/gcc/arm-none-eabi/4.5.1/../../../../arm-none-eabi/lib/thumb2/libcr_c.a(__fillbuf.o)
 .comment       0x00000000       0x2b /usr/local/lpcxpresso_4.2.0_224/lpcxpresso/tools/bin/../lib/gcc/arm-none-eabi/4.5.1/../../../../arm-none-eabi/lib/thumb2/libcr_c.a(__init_alloc.o)
 .comment       0x00000000       0x2b /usr/local/lpcxpresso_4.2.0_224/lpcxpresso/tools/bin/../lib/gcc/arm-none-eabi/4.5.1/../../../../arm-none-eabi/lib/thumb2/libcr_c.a(_deferredlazyseek.o)
 .comment       0x00000000       0x2b /usr/local/lpcxpresso_4.2.0_224/lpcxpresso/tools/bin/../lib/gcc/arm-none-eabi/4.5.1/../../../../arm-none-eabi/lib/thumb2/libcr_c.a(_fdopen.o)
 .comment       0x00000000       0x2b /usr/local/lpcxpresso_4.2.0_224/lpcxpresso/tools/bin/../lib/gcc/arm-none-eabi/4.5.1/../../../../arm-none-eabi/lib/thumb2/libcr_c.a(_fflush.o)
 .comment       0x00000000       0x2b /usr/local/lpcxpresso_4.2.0_224/lpcxpresso/tools/bin/../lib/gcc/arm-none-eabi/4.5.1/../../../../arm-none-eabi/lib/thumb2/libcr_c.a(_frexpl.o)
 .comment       0x00000000       0x2b /usr/local/lpcxpresso_4.2.0_224/lpcxpresso/tools/bin/../lib/gcc/arm-none-eabi/4.5.1/../../../../arm-none-eabi/lib/thumb2/libcr_c.a(_hugeval.o)
 .comment       0x00000000       0x2b /usr/local/lpcxpresso_4.2.0_224/lpcxpresso/tools/bin/../lib/gcc/arm-none-eabi/4.5.1/../../../../arm-none-eabi/lib/thumb2/libcr_c.a(_ldexpl.o)
 .comment       0x00000000       0x2b /usr/local/lpcxpresso_4.2.0_224/lpcxpresso/tools/bin/../lib/gcc/arm-none-eabi/4.5.1/../../../../arm-none-eabi/lib/thumb2/libcr_c.a(_sincos.o)
 .comment       0x00000000       0x2b /usr/local/lpcxpresso_4.2.0_224/lpcxpresso/tools/bin/../lib/gcc/arm-none-eabi/4.5.1/../../../../arm-none-eabi/lib/thumb2/libcr_c.a(_writebuf.o)
 .comment       0x00000000       0x2b /usr/local/lpcxpresso_4.2.0_224/lpcxpresso/tools/bin/../lib/gcc/arm-none-eabi/4.5.1/../../../../arm-none-eabi/lib/thumb2/libcr_c.a(errno.o)
 .comment       0x00000000       0x2b /usr/local/lpcxpresso_4.2.0_224/lpcxpresso/tools/bin/../lib/gcc/arm-none-eabi/4.5.1/../../../../arm-none-eabi/lib/thumb2/libcr_c.a(fabs.o)
 .comment       0x00000000       0x2b /usr/local/lpcxpresso_4.2.0_224/lpcxpresso/tools/bin/../lib/gcc/arm-none-eabi/4.5.1/../../../../arm-none-eabi/lib/thumb2/libcr_c.a(fclose.o)
 .comment       0x00000000       0x2b /usr/local/lpcxpresso_4.2.0_224/lpcxpresso/tools/bin/../lib/gcc/arm-none-eabi/4.5.1/../../../../arm-none-eabi/lib/thumb2/libcr_c.a(fflush.o)
 .comment       0x00000000       0x2b /usr/local/lpcxpresso_4.2.0_224/lpcxpresso/tools/bin/../lib/gcc/arm-none-eabi/4.5.1/../../../../arm-none-eabi/lib/thumb2/libcr_c.a(fseek.o)
 .comment       0x00000000       0x2b /usr/local/lpcxpresso_4.2.0_224/lpcxpresso/tools/bin/../lib/gcc/arm-none-eabi/4.5.1/../../../../arm-none-eabi/lib/thumb2/libcr_c.a(ftell.o)
 .comment       0x00000000       0x2b /usr/local/lpcxpresso_4.2.0_224/lpcxpresso/tools/bin/../lib/gcc/arm-none-eabi/4.5.1/../../../../arm-none-eabi/lib/thumb2/libcr_c.a(remove.o)
 .comment       0x00000000       0x2b /usr/local/lpcxpresso_4.2.0_224/lpcxpresso/tools/bin/../lib/gcc/arm-none-eabi/4.5.1/../../../../arm-none-eabi/lib/thumb2/libcr_c.a(_do_fflush.o)
 .comment       0x00000000       0x2b /usr/local/lpcxpresso_4.2.0_224/lpcxpresso/tools/bin/../lib/gcc/arm-none-eabi/4.5.1/thumb2/libcr_eabihelpers.a(double.o)
 .comment       0x00000000       0x2b /usr/local/lpcxpresso_4.2.0_224/lpcxpresso/tools/bin/../lib/gcc/arm-none-eabi/4.5.1/thumb2/libcr_eabihelpers.a(float.o)
 .comment       0x00000000       0x2b /usr/local/lpcxpresso_4.2.0_224/lpcxpresso/tools/bin/../lib/gcc/arm-none-eabi/4.5.1/../../../../arm-none-eabi/lib/thumb2/libcr_semihost.a(_cr_sbrk.o)
 .comment       0x00000000       0x2b /usr/local/lpcxpresso_4.2.0_224/lpcxpresso/tools/bin/../lib/gcc/arm-none-eabi/4.5.1/../../../../arm-none-eabi/lib/thumb2/libcr_semihost.a(_cr_check_heap.o)

.ARM.attributes
                0x00000000       0x2f
 .ARM.attributes
                0x00000000       0x31 ./src/cmdPcCom.o
 .ARM.attributes
                0x00000031       0x31 ./src/cr_startup_lpc17.o
 .ARM.attributes
                0x00000062       0x31 ./src/main.o
 .ARM.attributes
                0x00000093       0x31 ./src/Tasks/ezxml.o
 .ARM.attributes
                0x000000c4       0x31 ./src/Tasks/WebServer/ethmac.o
 .ARM.attributes
                0x000000f5       0x31 ./src/Tasks/WebServer/taskWebServer.o
 .ARM.attributes
                0x00000126       0x31 ./src/Tasks/WebServer/tcpip.o
 .ARM.attributes
                0x00000157       0x31 ./src/Tasks/SdCard/FatFS_support.o
 .ARM.attributes
                0x00000188       0x31 ./src/Tasks/SdCard/ff.o
 .ARM.attributes
                0x000001b9       0x31 ./src/Tasks/SdCard/taskSdCard.o
 .ARM.attributes
                0x000001ea       0x31 ./src/Tasks/SdCard/option/syscall.o
 .ARM.attributes
                0x0000021b       0x31 ./src/Tasks/SdCard/lib_FatFS/src/option/cc932.o
 .ARM.attributes
                0x0000024c       0x31 ./src/Tasks/SdCard/lib_FatFS/src/option/syscall.o
 .ARM.attributes
                0x0000027d       0x31 ./src/Tasks/SdCard/lib_FatFS/src/lpc1xxx_spi_sd/lpc17xx_spi.o
 .ARM.attributes
                0x000002ae       0x31 ./src/Tasks/SdCard/lib_FatFS/src/lpc1xxx_spi_sd/sd.o
 .ARM.attributes