Archive member included because of file (symbol)

/home/fanaur/RepositoriosMercurial/trabajofinalsisemb/Codigo/workspaceLpc/CMSISv2p00_LPC17xx/Debug/libCMSISv2p00_LPC17xx.a(system_LPC17xx.o)
                              ./src/main.o (SystemInit)
/home/fanaur/RepositoriosMercurial/trabajofinalsisemb/Codigo/workspaceLpc/libDriversMcuPeripherals/Debug/libDriversMcuPeripherals.a(lpc17xx_adc.o)
                              ./src/Tasks/Adc/taskAdc.o (ADC_Init)
/home/fanaur/RepositoriosMercurial/trabajofinalsisemb/Codigo/workspaceLpc/libDriversMcuPeripherals/Debug/libDriversMcuPeripherals.a(lpc17xx_clkpwr.o)
                              /home/fanaur/RepositoriosMercurial/trabajofinalsisemb/Codigo/workspaceLpc/libDriversMcuPeripherals/Debug/libDriversMcuPeripherals.a(lpc17xx_adc.o) (CLKPWR_GetPCLK)
/home/fanaur/RepositoriosMercurial/trabajofinalsisemb/Codigo/workspaceLpc/libDriversMcuPeripherals/Debug/libDriversMcuPeripherals.a(lpc17xx_i2c.o)
                              ./src/Tasks/SerialMemory/taskSerialMemory.o (I2C_Init)
/home/fanaur/RepositoriosMercurial/trabajofinalsisemb/Codigo/workspaceLpc/libDriversMcuPeripherals/Debug/libDriversMcuPeripherals.a(lpc17xx_libcfg_default.o)
                              /home/fanaur/RepositoriosMercurial/trabajofinalsisemb/Codigo/workspaceLpc/libDriversMcuPeripherals/Debug/libDriversMcuPeripherals.a(lpc17xx_adc.o) (check_failed)
/home/fanaur/RepositoriosMercurial/trabajofinalsisemb/Codigo/workspaceLpc/libDriversMcuPeripherals/Debug/libDriversMcuPeripherals.a(lpc17xx_pinsel.o)
                              ./src/Tasks/SerialMemory/taskSerialMemory.o (PINSEL_ConfigPin)
/home/fanaur/RepositoriosMercurial/trabajofinalsisemb/Codigo/workspaceLpc/libDriversMcuPeripherals/Debug/libDriversMcuPeripherals.a(lpc17xx_rtc.o)
                              ./src/main.o (RTC_Init)
/home/fanaur/RepositoriosMercurial/trabajofinalsisemb/Codigo/workspaceLpc/libDriversMcuPeripherals/Debug/libDriversMcuPeripherals.a(lpc17xx_uart.o)
                              ./src/Tasks/PcCommunication/API_Uart.o (UART_Init)
/usr/local/lpcxpresso_4.2.0_224/lpcxpresso/tools/bin/../lib/gcc/arm-none-eabi/4.5.1/../../../../arm-none-eabi/lib/thumb2/libcr_semihost.a(_cr__main.o)
                              ./src/cr_startup_lpc17.o (__main)
/usr/local/lpcxpresso_4.2.0_224/lpcxpresso/tools/bin/../lib/gcc/arm-none-eabi/4.5.1/../../../../arm-none-eabi/lib/thumb2/libcr_c.a(alloc.o)
                              ./src/Tasks/ezxml.o (malloc)
/usr/local/lpcxpresso_4.2.0_224/lpcxpresso/tools/bin/../lib/gcc/arm-none-eabi/4.5.1/../../../../arm-none-eabi/lib/thumb2/libcr_c.a(cos.o)
                              ./src/Tasks/Adc/taskAdc.o (cos)
/usr/local/lpcxpresso_4.2.0_224/lpcxpresso/tools/bin/../lib/gcc/arm-none-eabi/4.5.1/../../../../arm-none-eabi/lib/thumb2/libcr_c.a(ctype.o)
                              ./src/Tasks/ezxml.o (__ctype)
/usr/local/lpcxpresso_4.2.0_224/lpcxpresso/tools/bin/../lib/gcc/arm-none-eabi/4.5.1/../../../../arm-none-eabi/lib/thumb2/libcr_c.a(fpprintf.o)
                              ./src/Tasks/ezxml.o (sprintf)
/usr/local/lpcxpresso_4.2.0_224/lpcxpresso/tools/bin/../lib/gcc/arm-none-eabi/4.5.1/../../../../arm-none-eabi/lib/thumb2/libcr_c.a(initio.o)
                              /usr/local/lpcxpresso_4.2.0_224/lpcxpresso/tools/bin/../lib/gcc/arm-none-eabi/4.5.1/../../../../arm-none-eabi/lib/thumb2/libcr_semihost.a(_cr__main.o) (_initio)
/usr/local/lpcxpresso_4.2.0_224/lpcxpresso/tools/bin/../lib/gcc/arm-none-eabi/4.5.1/../../../../arm-none-eabi/lib/thumb2/libcr_c.a(memcmp.o)
                              ./src/Tasks/WebServer/tcpip.o (memcmp)
/usr/local/lpcxpresso_4.2.0_224/lpcxpresso/tools/bin/../lib/gcc/arm-none-eabi/4.5.1/../../../../arm-none-eabi/lib/thumb2/libcr_c.a(printf.o)
                              /usr/local/lpcxpresso_4.2.0_224/lpcxpresso/tools/bin/../lib/gcc/arm-none-eabi/4.5.1/../../../../arm-none-eabi/lib/thumb2/libcr_c.a(fpprintf.o) (__vfprintf)
/usr/local/lpcxpresso_4.2.0_224/lpcxpresso/tools/bin/../lib/gcc/arm-none-eabi/4.5.1/../../../../arm-none-eabi/lib/thumb2/libcr_c.a(scanf.o)
                              ./src/Tasks/ezxml.o (strtol)
/usr/local/lpcxpresso_4.2.0_224/lpcxpresso/tools/bin/../lib/gcc/arm-none-eabi/4.5.1/../../../../arm-none-eabi/lib/thumb2/libcr_c.a(setvbuf.o)
                              /usr/local/lpcxpresso_4.2.0_224/lpcxpresso/tools/bin/../lib/gcc/arm-none-eabi/4.5.1/../../../../arm-none-eabi/lib/thumb2/libcr_c.a(initio.o) (setvbuf)
/usr/local/lpcxpresso_4.2.0_224/lpcxpresso/tools/bin/../lib/gcc/arm-none-eabi/4.5.1/../../../../arm-none-eabi/lib/thumb2/libcr_c.a(stdio.o)
                              /usr/local/lpcxpresso_4.2.0_224/lpcxpresso/tools/bin/../lib/gcc/arm-none-eabi/4.5.1/../../../../arm-none-eabi/lib/thumb2/libcr_c.a(fpprintf.o) (__Ciob)
/usr/local/lpcxpresso_4.2.0_224/lpcxpresso/tools/bin/../lib/gcc/arm-none-eabi/4.5.1/../../../../arm-none-eabi/lib/thumb2/libcr_c.a(strcat.o)
[...]
Memory Configuration

Name             Origin             Length             Attributes
MFlash512        0x00000000         0x00080000         xr
RamLoc32         0x10000000         0x00008000         xrw
RamAHB32         0x2007c000         0x00008000         xrw
*default*        0x00000000         0xffffffff

Linker script and memory map

LOAD ./src/cmdPcCom.o
LOAD ./src/cr_startup_lpc17.o
LOAD ./src/main.o
LOAD ./src/Tasks/ezxml.o
LOAD ./src/Tasks/WebServer/ethmac.o
LOAD ./src/Tasks/WebServer/taskWebServer.o
LOAD ./src/Tasks/WebServer/tcpip.o
LOAD ./src/Tasks/SerialMemory/taskSerialMemory.o
LOAD ./src/Tasks/SdCard/FatFS_support.o
LOAD ./src/Tasks/SdCard/ff.o
LOAD ./src/Tasks/SdCard/taskSdCard.o
LOAD ./src/Tasks/SdCard/option/syscall.o
LOAD ./src/Tasks/SdCard/lib_FatFS/src/option/cc932.o
LOAD ./src/Tasks/SdCard/lib_FatFS/src/option/syscall.o
LOAD ./src/Tasks/SdCard/lib_FatFS/src/lpc1xxx_spi_sd/lpc17xx_spi.o
LOAD ./src/Tasks/SdCard/lib_FatFS/src/lpc1xxx_spi_sd/sd.o
LOAD ./src/Tasks/SdCard/lib_FatFS/src/clocking.o
LOAD ./src/Tasks/PcCommunication/API_Uart.o
LOAD ./src/Tasks/PcCommunication/ProtocolPCComunicaction.o
LOAD ./src/Tasks/PcCommunication/ProtocolPCComunication.o
LOAD ./src/Tasks/PcCommunication/taskPcCommunication.o
LOAD ./src/Tasks/KeepAlive/taskKeepAlive.o
LOAD ./src/Tasks/Core/taskCore.o
LOAD ./src/Tasks/Adc/taskAdc.o
LOAD ./FreeRTOS_src/croutine.o
LOAD ./FreeRTOS_src/list.o
LOAD ./FreeRTOS_src/queue.o
LOAD ./FreeRTOS_src/tasks.o
LOAD ./FreeRTOS_src/timers.o
LOAD ./FreeRTOS_portable/port.o
LOAD ./FreeRTOS_portable/MemMang/heap_2.o
LOAD /home/fanaur/RepositoriosMercurial/trabajofinalsisemb/Codigo/workspaceLpc/CMSISv2p00_LPC17xx/Debug/libCMSISv2p00_LPC17xx.a
LOAD /home/fanaur/RepositoriosMercurial/trabajofinalsisemb/Codigo/workspaceLpc/libDriversMcuPeripherals/Debug/libDriversMcuPeripherals.a
START GROUP
LOAD /usr/local/lpcxpresso_4.2.0_224/lpcxpresso/tools/bin/../lib/gcc/arm-none-eabi/4.5.1/../../../../arm-none-eabi/lib/thumb2/libcr_semihost.a
LOAD /usr/local/lpcxpresso_4.2.0_224/lpcxpresso/tools/bin/../lib/gcc/arm-none-eabi/4.5.1/../../../../arm-none-eabi/lib/thumb2/libcr_c.a
LOAD /usr/local/lpcxpresso_4.2.0_224/lpcxpresso/tools/bin/../lib/gcc/arm-none-eabi/4.5.1/thumb2/libcr_eabihelpers.a
END GROUP
                0x00080000                __top_MFlash512 = 0x80000
                0x10008000                __top_RamLoc32 = 0x10008000
                0x20084000                __top_RamAHB32 = 0x20084000

.text           0x00000000     0xdab8
 FILL mask 0xff
 *(.isr_vector)
 .isr_vector    0x00000000       0xcc ./src/cr_startup_lpc17.o
                0x00000000                g_pfnVectors
                0x000000cc                . = ALIGN (0x4)
                0x000000cc                __section_table_start = .
                0x000000cc                __data_section_table = .
                0x000000cc        0x4 LONG 0xdab8 LOADADDR (.data)
                0x000000d0        0x4 LONG 0x10000000 ADDR (.data)
                0x000000d4        0x4 LONG 0x18 SIZEOF (.data)
                0x000000d8        0x4 LONG 0xdab8 LOADADDR (.data_RAM2)
                0x000000dc        0x4 LONG 0x2007c000 ADDR (.data_RAM2)
                0x000000e0        0x4 LONG 0x0 SIZEOF (.data_RAM2)
                0x000000e4                __data_section_table_end = .
                0x000000e4                __bss_section_table = .
                0x000000e4        0x4 LONG 0x10000018 ADDR (.bss)
                0x000000e8        0x4 LONG 0x7e18 SIZEOF (.bss)
                0x000000ec        0x4 LONG 0x2007c000 ADDR (.bss_RAM2)
                0x000000f0        0x4 LONG 0x0 SIZEOF (.bss_RAM2)
                0x000000f4                __bss_section_table_end = .
                0x000000f4                __section_table_end = .
 *(.after_vectors*)
                0x000002fc                . = 0x2fc
 *fill*         0x000000f4      0x208 ff
                0x000002fc                PROVIDE (__CRP_WORD_START__, .)
 *(.crp)
 .crp           0x000002fc        0x4 ./src/Tasks/WebServer/taskWebServer.o
                0x000002fc                CRP_WORD
                0x00000300                PROVIDE (__CRP_WORD_END__, .)
                0x00000001                ASSERT (! ((__CRP_WORD_START__ == __CRP_WORD_END__)), Linker CRP Enabled, but no CRP_WORD provided within application)
 *(.text*)
 .text.ResetISR
                0x00000300       0x64 ./src/cr_startup_lpc17.o
                0x00000300                ResetISR
 .text.NMI_Handler
                0x00000364        0x8 ./src/cr_startup_lpc17.o
                0x00000364                NMI_Handler
 .text.HardFault_Handler
                0x0000036c        0x8 ./src/cr_startup_lpc17.o
                0x0000036c                HardFault_Handler
 .text.MemManage_Handler
                0x00000374        0x8 ./src/cr_startup_lpc17.o
                0x00000374                MemManage_Handler
 .text.BusFault_Handler
                0x0000037c        0x8 ./src/cr_startup_lpc17.o
                0x0000037c                BusFault_Handler
 .text.UsageFault_Handler
                0x00000384        0x8 ./src/cr_startup_lpc17.o
                0x00000384                UsageFault_Handler
 .text.DebugMon_Handler
                0x0000038c        0x8 ./src/cr_startup_lpc17.o
                0x0000038c                DebugMon_Handler
 .text.IntDefaultHandler
                0x00000394        0x8 ./src/cr_startup_lpc17.o
                0x00000394                TIMER2_IRQHandler
                0x00000394                RIT_IRQHandler
                0x00000394                I2C0_IRQHandler
                0x00000394                USBActivity_IRQHandler
                0x00000394                PWM1_IRQHandler
                0x00000394                I2C1_IRQHandler
                0x00000394                EINT2_IRQHandler
                0x00000394                EINT3_IRQHandler
                0x00000394                CANActivity_IRQHandler
                0x00000394                TIMER3_IRQHandler
                0x00000394                IntDefaultHandler
                0x00000394                PLL0_IRQHandler
                0x00000394                CAN_IRQHandler
                0x00000394                PLL1_IRQHandler
                0x00000394                SSP0_IRQHandler
                0x00000394                I2S_IRQHandler
                0x00000394                I2C2_IRQHandler
                0x00000394                RTC_IRQHandler
                0x00000394                TIMER0_IRQHandler
                0x00000394                SPI_IRQHandler
                0x00000394                EINT1_IRQHandler
                0x00000394                TIMER1_IRQHandler
                0x00000394                SSP1_IRQHandler
                0x00000394                USB_IRQHandler
                0x00000394                BOD_IRQHandler
                0x00000394                WDT_IRQHandler
                0x00000394                QEI_IRQHandler
                0x00000394                EINT0_IRQHandler
                0x00000394                DMA_IRQHandler
                0x00000394                MCPWM_IRQHandler
                0x00000394                ENET_IRQHandler
 .text.setupHardware
                0x0000039c      0x1d4 ./src/main.o
 .text.main     0x00000570       0xb4 ./src/main.o
                0x00000570                main
 .text.WriteToPHY
                0x00000624       0x58 ./src/Tasks/WebServer/ethmac.o
                0x00000624                WriteToPHY
 .text.ReadFromPHY
                0x0000067c       0x70 ./src/Tasks/WebServer/ethmac.o
                0x0000067c                ReadFromPHY
 .text.Init_EthMAC
                0x000006ec      0x47c ./src/Tasks/WebServer/ethmac.o
                0x000006ec                Init_EthMAC
 .text.WriteFrame_EthMAC
                0x00000b68       0x30 ./src/Tasks/WebServer/ethmac.o
                0x00000b68                WriteFrame_EthMAC
 .text.CopyToFrame_EthMAC
                0x00000b98       0x70 ./src/Tasks/WebServer/ethmac.o
                0x00000b98                CopyToFrame_EthMAC
 .text.ReadFrame_EthMAC
                0x00000c08       0x28 ./src/Tasks/WebServer/ethmac.o
                0x00000c08                ReadFrame_EthMAC
 .text.ReadFrameBE_EthMAC
                0x00000c30       0x38 ./src/Tasks/WebServer/ethmac.o
                0x00000c30                ReadFrameBE_EthMAC
 .text.CopyFromFrame_EthMAC
                0x00000c68       0x50 ./src/Tasks/WebServer/ethmac.o
                0x00000c68                CopyFromFrame_EthMAC
 .text.DummyReadFrame_EthMAC
                0x00000cb8       0x28 ./src/Tasks/WebServer/ethmac.o
                0x00000cb8                DummyReadFrame_EthMAC
 .text.RequestSend
                0x00000ce0       0x54 ./src/Tasks/WebServer/ethmac.o
                0x00000ce0                RequestSend
 .text.Rdy4Tx   0x00000d34       0x10 ./src/Tasks/WebServer/ethmac.o
                0x00000d34                Rdy4Tx
 .text.StartReadingFrame
                0x00000d44       0x60 ./src/Tasks/WebServer/ethmac.o
                0x00000d44                StartReadingFrame
 .text.StopReadingFrame
                0x00000da4       0x38 ./src/Tasks/WebServer/ethmac.o
                0x00000da4                StopReadingFrame
 .text.CheckIfFrameReceived
                0x00000ddc       0x2c ./src/Tasks/WebServer/ethmac.o
                0x00000ddc                CheckIfFrameReceived
 .text.taskWebServer
                0x00000e08      0x954 ./src/Tasks/WebServer/taskWebServer.o
                0x00000e08                taskWebServer
 .text.taskTcpTick
                0x0000175c       0x9c ./src/Tasks/WebServer/taskWebServer.o
                0x0000175c                taskTcpTick
 .text.TCPLowLevelInit
                0x000017f8       0x50 ./src/Tasks/WebServer/tcpip.o
                0x000017f8                TCPLowLevelInit
 .text.TCPPassiveOpen
                0x00001848       0x50 ./src/Tasks/WebServer/tcpip.o
                0x00001848                TCPPassiveOpen
 .text.TCPClose
                0x00001898       0x7c ./src/Tasks/WebServer/tcpip.o
                0x00001898                TCPClose
 .text.TCPTransmitTxBuffer
                0x00001914       0xb8 ./src/Tasks/WebServer/tcpip.o
                0x00001914                TCPTransmitTxBuffer
 .text.BroadcastMessage
                0x000019cc       0x68 ./src/Tasks/WebServer/tcpip.o
                0x000019cc                BroadcastMessage
 .text.NetworkEngine
                0x00001a34      0x3dc ./src/Tasks/WebServer/tcpip.o
                0x00001a34                NetworkEngine
 .text.ProcessEthBroadcastFrame
                0x00001e10       0x9c ./src/Tasks/WebServer/tcpip.o
                0x00001e10                ProcessEthBroadcastFrame
 .text.ProcessEthIAFrame
                0x00001eac      0x154 ./src/Tasks/WebServer/tcpip.o
                0x00001eac                ProcessEthIAFrame
 .text.ProcessICMPFrame
                0x00002000       0x2c ./src/Tasks/WebServer/tcpip.o
                0x00002000                ProcessICMPFrame
 .text.ProcessTCPFrame
                0x0000202c      0x76c ./src/Tasks/WebServer/tcpip.o
                0x0000202c                ProcessTCPFrame
 .text.PrepareARP_REQUEST
                0x00002798      0x164 ./src/Tasks/WebServer/tcpip.o
                0x00002798                PrepareARP_REQUEST
 .text.PrepareARP_ANSWER
                0x000028fc       0xfc ./src/Tasks/WebServer/tcpip.o
                0x000028fc                PrepareARP_ANSWER
 .text.PrepareICMP_ECHO_REPLY
                0x000029f8      0x180 ./src/Tasks/WebServer/tcpip.o
                0x000029f8                PrepareICMP_ECHO_REPLY
 .text.PrepareTCP_FRAME
                0x00002b78      0x254 ./src/Tasks/WebServer/tcpip.o
                0x00002b78                PrepareTCP_FRAME
 .text.PrepareTCP_DATA_FRAME
                0x00002dcc      0x1b8 ./src/Tasks/WebServer/tcpip.o
                0x00002dcc                PrepareTCP_DATA_FRAME
 .text.CalcChecksum
                0x00002f84       0xe4 ./src/Tasks/WebServer/tcpip.o
                0x00002f84                CalcChecksum
 .text.TCPStartRetryTimer
                0x00003068       0x5c ./src/Tasks/WebServer/tcpip.o
                0x00003068                TCPStartRetryTimer
 .text.TCPStartTimeWaitTimer
                0x000030c4       0x4c ./src/Tasks/WebServer/tcpip.o
                0x000030c4                TCPStartTimeWaitTimer
 .text.TCPRestartTimer
                0x00003110       0x18 ./src/Tasks/WebServer/tcpip.o
                0x00003110                TCPRestartTimer
 .text.TCPStopTimer
                0x00003128       0x24 ./src/Tasks/WebServer/tcpip.o
                0x00003128                TCPStopTimer
 .text.TCPHandleRetransmission
                0x0000314c       0x70 ./src/Tasks/WebServer/tcpip.o
                0x0000314c                TCPHandleRetransmission
 .text.TCPHandleTimeout
                0x000031bc       0x58 ./src/Tasks/WebServer/tcpip.o
                0x000031bc                TCPHandleTimeout
 .text.TCPClockHandler
                0x00003214       0x40 ./src/Tasks/WebServer/tcpip.o
                0x00003214                TCPClockHandler
 .text.SendFrame1
                0x00003254       0x20 ./src/Tasks/WebServer/tcpip.o
                0x00003254                SendFrame1
 .text.SendFrame2
                0x00003274       0x20 ./src/Tasks/WebServer/tcpip.o
                0x00003274                SendFrame2
 .text.WriteWBE
                0x00003294       0x34 ./src/Tasks/WebServer/tcpip.o
                0x00003294                WriteWBE
 .text.WriteDWBE
                0x000032c8       0x58 ./src/Tasks/WebServer/tcpip.o
                0x000032c8                WriteDWBE
 .text.SwapBytes
                0x00003320       0x30 ./src/Tasks/WebServer/tcpip.o
                0x00003320                SwapBytes
 .text.mem_cpy  0x00003350       0x50 ./src/Tasks/SdCard/ff.o
 .text.mem_set  0x000033a0       0x44 ./src/Tasks/SdCard/ff.o
 .text.mem_cmp  0x000033e4       0x70 ./src/Tasks/SdCard/ff.o
 .text.chk_chr  0x00003454       0x38 ./src/Tasks/SdCard/ff.o
 .text.move_window
                0x0000348c       0xd4 ./src/Tasks/SdCard/ff.o
 .text.sync     0x00003560      0x1d0 ./src/Tasks/SdCard/ff.o
 .text.clust2sect
                0x00003730       0x44 ./src/Tasks/SdCard/ff.o
                0x00003730                clust2sect
 .text.get_fat  0x00003774      0x1a4 ./src/Tasks/SdCard/ff.o
                0x00003774                get_fat
 .text.put_fat  0x00003918      0x264 ./src/Tasks/SdCard/ff.o
                0x00003918                put_fat
 .text.remove_chain
                0x00003b7c       0xb0 ./src/Tasks/SdCard/ff.o
 .text.create_chain
                0x00003c2c      0x12c ./src/Tasks/SdCard/ff.o
 .text.dir_sdi  0x00003d58      0x118 ./src/Tasks/SdCard/ff.o
 .text.dir_next
                0x00003e70      0x1dc ./src/Tasks/SdCard/ff.o
 .text.dir_find
                0x0000404c       0xa4 ./src/Tasks/SdCard/ff.o
 .text.dir_register
                0x000040f0       0xbc ./src/Tasks/SdCard/ff.o
 .text.create_name
                0x000041ac      0x234 ./src/Tasks/SdCard/ff.o
 .text.follow_path
                0x000043e0      0x15c ./src/Tasks/SdCard/ff.o
 .text.check_fs
                0x0000453c      0x108 ./src/Tasks/SdCard/ff.o
 .text.chk_mounted
                0x00004644      0x67c ./src/Tasks/SdCard/ff.o
 .text.validate
                0x00004cc0       0x54 ./src/Tasks/SdCard/ff.o
 .text.f_mount  0x00004d14       0x9c ./src/Tasks/SdCard/ff.o
                0x00004d14                f_mount
 .text.f_open   0x00004db0      0x38c ./src/Tasks/SdCard/ff.o
                0x00004db0                f_open
 .text.f_read   0x0000513c      0x37c ./src/Tasks/SdCard/ff.o
                0x0000513c                f_read
 .text.f_write  0x000054b8      0x3e0 ./src/Tasks/SdCard/ff.o
                0x000054b8                f_write
 .text.f_sync   0x00005898      0x1b8 ./src/Tasks/SdCard/ff.o
                0x00005898                f_sync
 .text.f_close  0x00005a50       0x64 ./src/Tasks/SdCard/ff.o
                0x00005a50                f_close
 .text.f_lseek  0x00005ab4      0x354 ./src/Tasks/SdCard/ff.o
                0x00005ab4                f_lseek
 .text.vFATFSTimerTask
                0x00005e08       0x24 ./src/Tasks/SdCard/taskSdCard.o
                0x00005e08                vFATFSTimerTask
 .text.SetSPIClocks
                0x00005e2c       0xb0 ./src/Tasks/SdCard/taskSdCard.o
                0x00005e2c                SetSPIClocks
 .text.SPI_Init
                0x00005edc      0x11c ./src/Tasks/SdCard/lib_FatFS/src/lpc1xxx_spi_sd/lpc17xx_spi.o
                0x00005edc                SPI_Init
 .text.SPI_ConfigClockRate
                0x00005ff8       0x24 ./src/Tasks/SdCard/lib_FatFS/src/lpc1xxx_spi_sd/lpc17xx_spi.o
                0x00005ff8                SPI_ConfigClockRate
 .text.SPI_CS_Low
                0x0000601c       0x24 ./src/Tasks/SdCard/lib_FatFS/src/lpc1xxx_spi_sd/lpc17xx_spi.o
                0x0000601c                SPI_CS_Low
 .text.SPI_CS_High
                0x00006040       0x24 ./src/Tasks/SdCard/lib_FatFS/src/lpc1xxx_spi_sd/lpc17xx_spi.o
                0x00006040                SPI_CS_High
 .text.SPI_SendByte
                0x00006064       0x44 ./src/Tasks/SdCard/lib_FatFS/src/lpc1xxx_spi_sd/lpc17xx_spi.o
                0x00006064                SPI_SendByte
 .text.SPI_RecvByte
                0x000060a8       0x14 ./src/Tasks/SdCard/lib_FatFS/src/lpc1xxx_spi_sd/lpc17xx_spi.o
                0x000060a8                SPI_RecvByte
 .text.SPI_SendBlock_FIFO
                0x000060bc       0xdc ./src/Tasks/SdCard/lib_FatFS/src/lpc1xxx_spi_sd/lpc17xx_spi.o
                0x000060bc                SPI_SendBlock_FIFO
 .text.SPI_RecvBlock_FIFO
                0x00006198       0xf4 ./src/Tasks/SdCard/lib_FatFS/src/lpc1xxx_spi_sd/lpc17xx_spi.o
                0x00006198                SPI_RecvBlock_FIFO
 .text.disk_initialize
                0x0000628c       0x5c ./src/Tasks/SdCard/lib_FatFS/src/lpc1xxx_spi_sd/sd.o
                0x0000628c                disk_initialize
 .text.disk_ioctl
                0x000062e8      0x1f0 ./src/Tasks/SdCard/lib_FatFS/src/lpc1xxx_spi_sd/sd.o
                0x000062e8                disk_ioctl
 .text.disk_read
                0x000064d8       0x64 ./src/Tasks/SdCard/lib_FatFS/src/lpc1xxx_spi_sd/sd.o
                0x000064d8                disk_read
 .text.disk_status
                0x0000653c       0x30 ./src/Tasks/SdCard/lib_FatFS/src/lpc1xxx_spi_sd/sd.o
                0x0000653c                disk_status
 .text.disk_write
                0x0000656c       0x64 ./src/Tasks/SdCard/lib_FatFS/src/lpc1xxx_spi_sd/sd.o
                0x0000656c                disk_write
 .text.disk_timerproc
                0x000065d0       0x5c ./src/Tasks/SdCard/lib_FatFS/src/lpc1xxx_spi_sd/sd.o
                0x000065d0                disk_timerproc
 .text.SD_Init  0x0000662c      0x284 ./src/Tasks/SdCard/lib_FatFS/src/lpc1xxx_spi_sd/sd.o
                0x0000662c                SD_Init
 .text.SD_WaitForReady
                0x000068b0       0x40 ./src/Tasks/SdCard/lib_FatFS/src/lpc1xxx_spi_sd/sd.o
                0x000068b0                SD_WaitForReady
 .text.SD_SendCommand
                0x000068f0      0x100 ./src/Tasks/SdCard/lib_FatFS/src/lpc1xxx_spi_sd/sd.o
                0x000068f0                SD_SendCommand
 .text.SD_SendACommand
                0x000069f0       0x4c ./src/Tasks/SdCard/lib_FatFS/src/lpc1xxx_spi_sd/sd.o
                0x000069f0                SD_SendACommand
 .text.SD_ReadSector
                0x00006a3c       0xe0 ./src/Tasks/SdCard/lib_FatFS/src/lpc1xxx_spi_sd/sd.o
                0x00006a3c                SD_ReadSector
 .text.SD_WriteSector
                0x00006b1c       0xdc ./src/Tasks/SdCard/lib_FatFS/src/lpc1xxx_spi_sd/sd.o
                0x00006b1c                SD_WriteSector
 .text.SD_ReadConfiguration
                0x00006bf8      0x30c ./src/Tasks/SdCard/lib_FatFS/src/lpc1xxx_spi_sd/sd.o
                0x00006bf8                SD_ReadConfiguration
 .text.SD_RecvDataBlock
                0x00006f04       0x64 ./src/Tasks/SdCard/lib_FatFS/src/lpc1xxx_spi_sd/sd.o
                0x00006f04                SD_RecvDataBlock
 .text.SD_SendDataBlock
                0x00006f68       0x8c ./src/Tasks/SdCard/lib_FatFS/src/lpc1xxx_spi_sd/sd.o
                0x00006f68                SD_SendDataBlock
 .text.UART0_IRQHandler
                0x00006ff4       0x20 ./src/Tasks/PcCommunication/API_Uart.o
                0x00006ff4                UART0_IRQHandler
 .text.UART1_IRQHandler
                0x00007014       0x20 ./src/Tasks/PcCommunication/API_Uart.o
                0x00007014                UART1_IRQHandler
 .text.UART2_IRQHandler
                0x00007034       0x20 ./src/Tasks/PcCommunication/API_Uart.o
                0x00007034                UART2_IRQHandler
 .text.UART3_IRQHandler
                0x00007054       0x20 ./src/Tasks/PcCommunication/API_Uart.o
                0x00007054                UART3_IRQHandler
 .text.NVIC_EnableIRQ
                0x00007074       0x38 ./src/Tasks/Adc/taskAdc.o
 .text.NVIC_SetPriority
                0x000070ac       0x5c ./src/Tasks/Adc/taskAdc.o
 .text.ADC_IRQHandler
                0x00007108      0x448 ./src/Tasks/Adc/taskAdc.o
                0x00007108                ADC_IRQHandler
 .text.taskAdc  0x00007550      0x79c ./src/Tasks/Adc/taskAdc.o
                0x00007550                taskAdc
 .text.vListInitialise
                0x00007cec       0x48 ./FreeRTOS_src/list.o
                0x00007cec                vListInitialise
 .text.vListInitialiseItem
                0x00007d34       0x1c ./FreeRTOS_src/list.o
                0x00007d34                vListInitialiseItem
 .text.vListInsertEnd
                0x00007d50       0x54 ./FreeRTOS_src/list.o
                0x00007d50                vListInsertEnd
 .text.vListInsert
                0x00007da4       0x78 ./FreeRTOS_src/list.o
                0x00007da4                vListInsert
 .text.vListRemove
                0x00007e1c       0x54 ./FreeRTOS_src/list.o
                0x00007e1c                vListRemove
 .text.xQueueCreateMutex
                0x00007e70       0x98 ./FreeRTOS_src/queue.o
                0x00007e70                xQueueCreateMutex
 .text.xQueueGenericSend
                0x00007f08      0x124 ./FreeRTOS_src/queue.o
                0x00007f08                xQueueGenericSend
 .text.xQueueGenericSendFromISR
                0x0000802c       0x90 ./FreeRTOS_src/queue.o
                0x0000802c                xQueueGenericSendFromISR
 .text.xQueueGenericReceive
                0x000080bc      0x188 ./FreeRTOS_src/queue.o
                0x000080bc                xQueueGenericReceive
 .text.prvCopyDataToQueue
                0x00008244       0xc4 ./FreeRTOS_src/queue.o
 .text.prvCopyDataFromQueue
                0x00008308       0x50 ./FreeRTOS_src/queue.o
 .text.prvUnlockQueue
                0x00008358       0xa0 ./FreeRTOS_src/queue.o
 .text.prvIsQueueEmpty
                0x000083f8       0x2c ./FreeRTOS_src/queue.o
 .text.prvIsQueueFull
                0x00008424       0x30 ./FreeRTOS_src/queue.o
 .text.xTaskGenericCreate
                0x00008454      0x1bc ./FreeRTOS_src/tasks.o
                0x00008454                xTaskGenericCreate
 .text.vTaskDelayUntil
                0x00008610       0xb0 ./FreeRTOS_src/tasks.o
                0x00008610                vTaskDelayUntil
 .text.vTaskDelay
                0x000086c0       0x5c ./FreeRTOS_src/tasks.o
                0x000086c0                vTaskDelay
 .text.vTaskStartScheduler
                0x0000871c       0x74 ./FreeRTOS_src/tasks.o
                0x0000871c                vTaskStartScheduler
 .text.vTaskSuspendAll
                0x00008790       0x24 ./FreeRTOS_src/tasks.o
                0x00008790                vTaskSuspendAll
 .text.xTaskResumeAll
                0x000087b4      0x154 ./FreeRTOS_src/tasks.o
                0x000087b4                xTaskResumeAll
 .text.xTaskGetTickCount
                0x00008908       0x28 ./FreeRTOS_src/tasks.o
                0x00008908                xTaskGetTickCount
 .text.vTaskIncrementTick
                0x00008930      0x1b8 ./FreeRTOS_src/tasks.o
                0x00008930                vTaskIncrementTick
 .text.vTaskSwitchContext
                0x00008ae8      0x198 ./FreeRTOS_src/tasks.o
                0x00008ae8                vTaskSwitchContext
 .text.vTaskPlaceOnEventList
                0x00008c80       0x78 ./FreeRTOS_src/tasks.o
                0x00008c80                vTaskPlaceOnEventList
 .text.xTaskRemoveFromEventList
                0x00008cf8       0xc4 ./FreeRTOS_src/tasks.o
                0x00008cf8                xTaskRemoveFromEventList
 .text.vTaskSetTimeOutState
                0x00008dbc       0x30 ./FreeRTOS_src/tasks.o
                0x00008dbc                vTaskSetTimeOutState
 .text.xTaskCheckForTimeOut
                0x00008dec       0xa4 ./FreeRTOS_src/tasks.o
                0x00008dec                xTaskCheckForTimeOut
 .text.vTaskMissedYield
                0x00008e90       0x18 ./FreeRTOS_src/tasks.o
                0x00008e90                vTaskMissedYield
 .text.prvIdleTask
                0x00008ea8       0x10 ./FreeRTOS_src/tasks.o
 .text.prvInitialiseTCBVariables
                0x00008eb8       0x7c ./FreeRTOS_src/tasks.o
 .text.prvInitialiseTaskLists
                0x00008f34       0xa4 ./FreeRTOS_src/tasks.o
 .text.prvCheckTasksWaitingTermination
                0x00008fd8       0x94 ./FreeRTOS_src/tasks.o
 .text.prvAddCurrentTaskToDelayedList
                0x0000906c       0x8c ./FreeRTOS_src/tasks.o
 .text.prvAllocateTCBAndStack
                0x000090f8       0x74 ./FreeRTOS_src/tasks.o
 .text.prvDeleteTCB
                0x0000916c       0x20 ./FreeRTOS_src/tasks.o
 .text.xTaskGetCurrentTaskHandle
                0x0000918c       0x20 ./FreeRTOS_src/tasks.o
                0x0000918c                xTaskGetCurrentTaskHandle
 .text.vTaskPriorityInherit
                0x000091ac       0xd8 ./FreeRTOS_src/tasks.o
                0x000091ac                vTaskPriorityInherit
 .text.vTaskPriorityDisinherit
                0x00009284       0x90 ./FreeRTOS_src/tasks.o
                0x00009284                vTaskPriorityDisinherit
 .text.pxPortInitialiseStack
                0x00009314       0x60 ./FreeRTOS_portable/port.o
                0x00009314                pxPortInitialiseStack
 .text.vPortSVCHandler
                0x00009374       0x20 ./FreeRTOS_portable/port.o
                0x00009374                vPortSVCHandler
 .text.vPortStartFirstTask
                0x00009394       0x14 ./FreeRTOS_portable/port.o
                0x00009394                vPortStartFirstTask
 .text.xPortStartScheduler
                0x000093a8       0x54 ./FreeRTOS_portable/port.o
                0x000093a8                xPortStartScheduler
 .text.vPortYieldFromISR
                0x000093fc       0x18 ./FreeRTOS_portable/port.o
                0x000093fc                vPortYieldFromISR
 .text.vPortEnterCritical
                0x00009414       0x2c ./FreeRTOS_portable/port.o
                0x00009414                vPortEnterCritical
 .text.vPortExitCritical
                0x00009440       0x38 ./FreeRTOS_portable/port.o
                0x00009440                vPortExitCritical
 .text.xPortPendSVHandler
                0x00009478       0x3c ./FreeRTOS_portable/port.o
                0x00009478                xPortPendSVHandler
 .text.xPortSysTickHandler
                0x000094b4       0x38 ./FreeRTOS_portable/port.o
                0x000094b4                xPortSysTickHandler
 .text.prvSetupTimerInterrupt
                0x000094ec       0x2c ./FreeRTOS_portable/port.o
 .text.pvPortMalloc
                0x00009518      0x1b0 ./FreeRTOS_portable/MemMang/heap_2.o
                0x00009518                pvPortMalloc
 .text.vPortFree
                0x000096c8       0x88 ./FreeRTOS_portable/MemMang/heap_2.o
                0x000096c8                vPortFree
 .text.SystemInit
                0x00009750       0xe4 /home/fanaur/RepositoriosMercurial/trabajofinalsisemb/Codigo/workspaceLpc/CMSISv2p00_LPC17xx/Debug/libCMSISv2p00_LPC17xx.a(system_LPC17xx.o)
                0x00009750                SystemInit
 .text.ADC_Init
                0x00009834       0xb4 /home/fanaur/RepositoriosMercurial/trabajofinalsisemb/Codigo/workspaceLpc/libDriversMcuPeripherals/Debug/libDriversMcuPeripherals.a(lpc17xx_adc.o)
                0x00009834                ADC_Init
 .text.ADC_StartCmd
                0x000098e8       0x90 /home/fanaur/RepositoriosMercurial/trabajofinalsisemb/Codigo/workspaceLpc/libDriversMcuPeripherals/Debug/libDriversMcuPeripherals.a(lpc17xx_adc.o)
                0x000098e8                ADC_StartCmd
 .text.ADC_IntConfig
                0x00009978       0xb4 /home/fanaur/RepositoriosMercurial/trabajofinalsisemb/Codigo/workspaceLpc/libDriversMcuPeripherals/Debug/libDriversMcuPeripherals.a(lpc17xx_adc.o)
                0x00009978                ADC_IntConfig
 .text.ADC_ChannelCmd
                0x00009a2c       0x70 /home/fanaur/RepositoriosMercurial/trabajofinalsisemb/Codigo/workspaceLpc/libDriversMcuPeripherals/Debug/libDriversMcuPeripherals.a(lpc17xx_adc.o)
                0x00009a2c                ADC_ChannelCmd
 .text.ADC_ChannelGetData
                0x00009a9c       0x58 /home/fanaur/RepositoriosMercurial/trabajofinalsisemb/Codigo/workspaceLpc/libDriversMcuPeripherals/Debug/libDriversMcuPeripherals.a(lpc17xx_adc.o)
                0x00009a9c                ADC_ChannelGetData
 .text.CLKPWR_GetPCLKSEL
                0x00009af4       0x54 /home/fanaur/RepositoriosMercurial/trabajofinalsisemb/Codigo/workspaceLpc/libDriversMcuPeripherals/Debug/libDriversMcuPeripherals.a(lpc17xx_clkpwr.o)
                0x00009af4                CLKPWR_GetPCLKSEL
 .text.CLKPWR_GetPCLK
                0x00009b48       0x70 /home/fanaur/RepositoriosMercurial/trabajofinalsisemb/Codigo/workspaceLpc/libDriversMcuPeripherals/Debug/libDriversMcuPeripherals.a(lpc17xx_clkpwr.o)
                0x00009b48                CLKPWR_GetPCLK
 .text.CLKPWR_ConfigPPWR
                0x00009bb8       0x80 /home/fanaur/RepositoriosMercurial/trabajofinalsisemb/Codigo/workspaceLpc/libDriversMcuPeripherals/Debug/libDriversMcuPeripherals.a(lpc17xx_clkpwr.o)
                0x00009bb8                CLKPWR_ConfigPPWR
 .text.check_failed
                0x00009c38        0xc /home/fanaur/RepositoriosMercurial/trabajofinalsisemb/Codigo/workspaceLpc/libDriversMcuPeripherals/Debug/libDriversMcuPeripherals.a(lpc17xx_libcfg_default.o)
                0x00009c38                check_failed
 .text.set_PinFunc
                0x00009c44       0xa0 /home/fanaur/RepositoriosMercurial/trabajofinalsisemb/Codigo/workspaceLpc/libDriversMcuPeripherals/Debug/libDriversMcuPeripherals.a(lpc17xx_pinsel.o)
 .text.set_ResistorMode
                0x00009ce4       0xa0 /home/fanaur/RepositoriosMercurial/trabajofinalsisemb/Codigo/workspaceLpc/libDriversMcuPeripherals/Debug/libDriversMcuPeripherals.a(lpc17xx_pinsel.o)
 .text.set_OpenDrainMode
                0x00009d84       0x80 /home/fanaur/RepositoriosMercurial/trabajofinalsisemb/Codigo/workspaceLpc/libDriversMcuPeripherals/Debug/libDriversMcuPeripherals.a(lpc17xx_pinsel.o)
 .text.PINSEL_ConfigPin
                0x00009e04       0x54 /home/fanaur/RepositoriosMercurial/trabajofinalsisemb/Codigo/workspaceLpc/libDriversMcuPeripherals/Debug/libDriversMcuPeripherals.a(lpc17xx_pinsel.o)
                0x00009e04                PINSEL_ConfigPin
 .text.RTC_Init
                0x00009e58       0x64 /home/fanaur/RepositoriosMercurial/trabajofinalsisemb/Codigo/workspaceLpc/libDriversMcuPeripherals/Debug/libDriversMcuPeripherals.a(lpc17xx_rtc.o)
                0x00009e58                RTC_Init
 .text.RTC_ResetClockTickCounter
                0x00009ebc       0x50 /home/fanaur/RepositoriosMercurial/trabajofinalsisemb/Codigo/workspaceLpc/libDriversMcuPeripherals/Debug/libDriversMcuPeripherals.a(lpc17xx_rtc.o)
                0x00009ebc                RTC_ResetClockTickCounter
 .text.RTC_Cmd  0x00009f0c       0x78 /home/fanaur/RepositoriosMercurial/trabajofinalsisemb/Codigo/workspaceLpc/libDriversMcuPeripherals/Debug/libDriversMcuPeripherals.a(lpc17xx_rtc.o)
                0x00009f0c                RTC_Cmd
 .text.RTC_SetTime
                0x00009f84      0x1fc /home/fanaur/RepositoriosMercurial/trabajofinalsisemb/Codigo/workspaceLpc/libDriversMcuPeripherals/Debug/libDriversMcuPeripherals.a(lpc17xx_rtc.o)
                0x00009f84                RTC_SetTime
 .text.RTC_GetFullTime
                0x0000a180       0xb4 /home/fanaur/RepositoriosMercurial/trabajofinalsisemb/Codigo/workspaceLpc/libDriversMcuPeripherals/Debug/libDriversMcuPeripherals.a(lpc17xx_rtc.o)
                0x0000a180                RTC_GetFullTime
 .text.RTC_SetAlarmTime
                0x0000a234      0x1c0 /home/fanaur/RepositoriosMercurial/trabajofinalsisemb/Codigo/workspaceLpc/libDriversMcuPeripherals/Debug/libDriversMcuPeripherals.a(lpc17xx_rtc.o)
                0x0000a234                RTC_SetAlarmTime
 .text.RTC_CalibCounterCmd
                0x0000a3f4       0x78 /home/fanaur/RepositoriosMercurial/trabajofinalsisemb/Codigo/workspaceLpc/libDriversMcuPeripherals/Debug/libDriversMcuPeripherals.a(lpc17xx_rtc.o)
                0x0000a3f4                RTC_CalibCounterCmd
 .text.__main   0x0000a46c       0x14 /usr/local/lpcxpresso_4.2.0_224/lpcxpresso/tools/bin/../lib/gcc/arm-none-eabi/4.5.1/../../../../arm-none-eabi/lib/thumb2/libcr_semihost.a(_cr__main.o)
                0x0000a46c                __main
                0x0000a46c                __CR_SEMIHOST
 .text.malloc   0x0000a480       0xd0 /usr/local/lpcxpresso_4.2.0_224/lpcxpresso/tools/bin/../lib/gcc/arm-none-eabi/4.5.1/../../../../arm-none-eabi/lib/thumb2/libcr_c.a(alloc.o)
                0x0000a480                malloc
 .text.free     0x0000a550        0xa /usr/local/lpcxpresso_4.2.0_224/lpcxpresso/tools/bin/../lib/gcc/arm-none-eabi/4.5.1/../../../../arm-none-eabi/lib/thumb2/libcr_c.a(alloc.o)
                0x0000a550                free
 *fill*         0x0000a55a        0x2 00
 .text._Csys_alloc
                0x0000a55c       0x20 /usr/local/lpcxpresso_4.2.0_224/lpcxpresso/tools/bin/../lib/gcc/arm-none-eabi/4.5.1/../../../../arm-none-eabi/lib/thumb2/libcr_c.a(alloc.o)
                0x0000a55c                _Csys_alloc
 *fill*         0x0000a57c        0x4 00
 .text.cos      0x0000a580       0x60 /usr/local/lpcxpresso_4.2.0_224/lpcxpresso/tools/bin/../lib/gcc/arm-none-eabi/4.5.1/../../../../arm-none-eabi/lib/thumb2/libcr_c.a(cos.o)
                0x0000a580                cos
 .text.fp_round
                0x0000a5e0       0x56 /usr/local/lpcxpresso_4.2.0_224/lpcxpresso/tools/bin/../lib/gcc/arm-none-eabi/4.5.1/../../../../arm-none-eabi/lib/thumb2/libcr_c.a(fpprintf.o)
 .text.lose_trailing_zeros
                0x0000a636       0x1e /usr/local/lpcxpresso_4.2.0_224/lpcxpresso/tools/bin/../lib/gcc/arm-none-eabi/4.5.1/../../../../arm-none-eabi/lib/thumb2/libcr_c.a(fpprintf.o)
 .text.pr_dec.clone.0
                0x0000a654       0x24 /usr/local/lpcxpresso_4.2.0_224/lpcxpresso/tools/bin/../lib/gcc/arm-none-eabi/4.5.1/../../../../arm-none-eabi/lib/thumb2/libcr_c.a(fpprintf.o)
 .text.sprintf  0x0000a678       0x70 /usr/local/lpcxpresso_4.2.0_224/lpcxpresso/tools/bin/../lib/gcc/arm-none-eabi/4.5.1/../../../../arm-none-eabi/lib/thumb2/libcr_c.a(fpprintf.o)
                0x0000a678                sprintf
 .text.fp_display
                0x0000a6e8      0x918 /usr/local/lpcxpresso_4.2.0_224/lpcxpresso/tools/bin/../lib/gcc/arm-none-eabi/4.5.1/../../../../arm-none-eabi/lib/thumb2/libcr_c.a(fpprintf.o)
 .text._initio  0x0000b000       0x9c /usr/local/lpcxpresso_4.2.0_224/lpcxpresso/tools/bin/../lib/gcc/arm-none-eabi/4.5.1/../../../../arm-none-eabi/lib/thumb2/libcr_c.a(initio.o)
                0x0000b000                _initio
 .text.memcmp   0x0000b09c       0x46 /usr/local/lpcxpresso_4.2.0_224/lpcxpresso/tools/bin/../lib/gcc/arm-none-eabi/4.5.1/../../../../arm-none-eabi/lib/thumb2/libcr_c.a(memcmp.o)
                0x0000b09c                memcmp
 *fill*         0x0000b0e2        0x2 00
 .text.__vfprintf
                0x0000b0e4      0xc3c /usr/local/lpcxpresso_4.2.0_224/lpcxpresso/tools/bin/../lib/gcc/arm-none-eabi/4.5.1/../../../../arm-none-eabi/lib/thumb2/libcr_c.a(printf.o)
                0x0000b0e4                __vfprintf
 .text.setvbuf  0x0000bd20       0x48 /usr/local/lpcxpresso_4.2.0_224/lpcxpresso/tools/bin/../lib/gcc/arm-none-eabi/4.5.1/../../../../arm-none-eabi/lib/thumb2/libcr_c.a(setvbuf.o)
                0x0000bd20                setvbuf
 .text.strcat   0x0000bd68       0x1c /usr/local/lpcxpresso_4.2.0_224/lpcxpresso/tools/bin/../lib/gcc/arm-none-eabi/4.5.1/../../../../arm-none-eabi/lib/thumb2/libcr_c.a(strcat.o)
                0x0000bd68                strcat
 .text.strcmp   0x0000bd84       0x46 /usr/local/lpcxpresso_4.2.0_224/lpcxpresso/tools/bin/../lib/gcc/arm-none-eabi/4.5.1/../../../../arm-none-eabi/lib/thumb2/libcr_c.a(strcmp.o)
                0x0000bd84                strcmp
 .text.strcpy   0x0000bdca       0x42 /usr/local/lpcxpresso_4.2.0_224/lpcxpresso/tools/bin/../lib/gcc/arm-none-eabi/4.5.1/../../../../arm-none-eabi/lib/thumb2/libcr_c.a(strcpy.o)
                0x0000bdca                strcpy
 .text.strlen   0x0000be0c       0x4e /usr/local/lpcxpresso_4.2.0_224/lpcxpresso/tools/bin/../lib/gcc/arm-none-eabi/4.5.1/../../../../arm-none-eabi/lib/thumb2/libcr_c.a(strlen.o)
                0x0000be0c                strlen
 .text.strncpy  0x0000be5a       0x58 /usr/local/lpcxpresso_4.2.0_224/lpcxpresso/tools/bin/../lib/gcc/arm-none-eabi/4.5.1/../../../../arm-none-eabi/lib/thumb2/libcr_c.a(strncpy.o)
                0x0000be5a                strncpy
 .text.strstr   0x0000beb2       0x20 /usr/local/lpcxpresso_4.2.0_224/lpcxpresso/tools/bin/../lib/gcc/arm-none-eabi/4.5.1/../../../../arm-none-eabi/lib/thumb2/libcr_c.a(strstr.o)
                0x0000beb2                strstr
 .text.memcpy   0x0000bed2        0x4 /usr/local/lpcxpresso_4.2.0_224/lpcxpresso/tools/bin/../lib/gcc/arm-none-eabi/4.5.1/../../../../arm-none-eabi/lib/thumb2/libcr_c.a(memcpy.o)
                0x0000bed2                memcpy
 .text.memset   0x0000bed6        0x4 /usr/local/lpcxpresso_4.2.0_224/lpcxpresso/tools/bin/../lib/gcc/arm-none-eabi/4.5.1/../../../../arm-none-eabi/lib/thumb2/libcr_c.a(memset.o)
                0x0000bed6                memset
 .text._deferredlazyseek
                0x0000beda       0x44 /usr/local/lpcxpresso_4.2.0_224/lpcxpresso/tools/bin/../lib/gcc/arm-none-eabi/4.5.1/../../../../arm-none-eabi/lib/thumb2/libcr_c.a(_deferredlazyseek.o)
                0x0000beda                _deferredlazyseek
 .text.__flsbuf
                0x0000bf1e      0x15e /usr/local/lpcxpresso_4.2.0_224/lpcxpresso/tools/bin/../lib/gcc/arm-none-eabi/4.5.1/../../../../arm-none-eabi/lib/thumb2/libcr_c.a(_deferredlazyseek.o)
                0x0000bf1e                __flsbuf
 .text._fdopen  0x0000c07c       0x6e /usr/local/lpcxpresso_4.2.0_224/lpcxpresso/tools/bin/../lib/gcc/arm-none-eabi/4.5.1/../../../../arm-none-eabi/lib/thumb2/libcr_c.a(_fdopen.o)
                0x0000c07c                _fdopen
 .text._fflush  0x0000c0ea       0x58 /usr/local/lpcxpresso_4.2.0_224/lpcxpresso/tools/bin/../lib/gcc/arm-none-eabi/4.5.1/../../../../arm-none-eabi/lib/thumb2/libcr_c.a(_fflush.o)
                0x0000c0ea                _fflush
 .text._frexpl  0x0000c142       0x62 /usr/local/lpcxpresso_4.2.0_224/lpcxpresso/tools/bin/../lib/gcc/arm-none-eabi/4.5.1/../../../../arm-none-eabi/lib/thumb2/libcr_c.a(_frexpl.o)
                0x0000c142                _frexpl
 .text._ldexpl  0x0000c1a4       0x50 /usr/local/lpcxpresso_4.2.0_224/lpcxpresso/tools/bin/../lib/gcc/arm-none-eabi/4.5.1/../../../../arm-none-eabi/lib/thumb2/libcr_c.a(_ldexpl.o)
                0x0000c1a4                _ldexpl
 *fill*         0x0000c1f4        0x4 00
 .text._sincos  0x0000c1f8      0x208 /usr/local/lpcxpresso_4.2.0_224/lpcxpresso/tools/bin/../lib/gcc/arm-none-eabi/4.5.1/../../../../arm-none-eabi/lib/thumb2/libcr_c.a(_sincos.o)
                0x0000c1f8                _sincos
 .text._Cwritebuf
                0x0000c400       0x88 /usr/local/lpcxpresso_4.2.0_224/lpcxpresso/tools/bin/../lib/gcc/arm-none-eabi/4.5.1/../../../../arm-none-eabi/lib/thumb2/libcr_c.a(_writebuf.o)
                0x0000c400                _Cwritebuf
 .text.fabs     0x0000c488       0x1a /usr/local/lpcxpresso_4.2.0_224/lpcxpresso/tools/bin/../lib/gcc/arm-none-eabi/4.5.1/../../../../arm-none-eabi/lib/thumb2/libcr_c.a(fabs.o)
                0x0000c488                fabs
 .text.fclose   0x0000c4a2       0x72 /usr/local/lpcxpresso_4.2.0_224/lpcxpresso/tools/bin/../lib/gcc/arm-none-eabi/4.5.1/../../../../arm-none-eabi/lib/thumb2/libcr_c.a(fclose.o)
                0x0000c4a2                fclose
 .text.fflush   0x0000c514       0x34 /usr/local/lpcxpresso_4.2.0_224/lpcxpresso/tools/bin/../lib/gcc/arm-none-eabi/4.5.1/../../../../arm-none-eabi/lib/thumb2/libcr_c.a(fflush.o)
                0x0000c514                fflush
 .text.fseek    0x0000c548      0x110 /usr/local/lpcxpresso_4.2.0_224/lpcxpresso/tools/bin/../lib/gcc/arm-none-eabi/4.5.1/../../../../arm-none-eabi/lib/thumb2/libcr_c.a(fseek.o)
                0x0000c548                fseek
 .text.ftell    0x0000c658       0x50 /usr/local/lpcxpresso_4.2.0_224/lpcxpresso/tools/bin/../lib/gcc/arm-none-eabi/4.5.1/../../../../arm-none-eabi/lib/thumb2/libcr_c.a(ftell.o)
                0x0000c658                ftell
 .text.remove   0x0000c6a8       0x14 /usr/local/lpcxpresso_4.2.0_224/lpcxpresso/tools/bin/../lib/gcc/arm-none-eabi/4.5.1/../../../../arm-none-eabi/lib/thumb2/libcr_c.a(remove.o)
                0x0000c6a8                remove
 .text._do_fflush
                0x0000c6bc       0x44 /usr/local/lpcxpresso_4.2.0_224/lpcxpresso/tools/bin/../lib/gcc/arm-none-eabi/4.5.1/../../../../arm-none-eabi/lib/thumb2/libcr_c.a(_do_fflush.o)
                0x0000c6bc                _do_fflush
 .text.__aeabi_dmul
                0x0000c700      0x128 /usr/local/lpcxpresso_4.2.0_224/lpcxpresso/tools/bin/../lib/gcc/arm-none-eabi/4.5.1/thumb2/libcr_eabihelpers.a(double.o)
                0x0000c700                __aeabi_dmul
 .text.__aeabi_ddiv
                0x0000c828      0x144 /usr/local/lpcxpresso_4.2.0_224/lpcxpresso/tools/bin/../lib/gcc/arm-none-eabi/4.5.1/thumb2/libcr_eabihelpers.a(double.o)
                0x0000c828                __aeabi_ddiv
 .text.__aeabi_dsub
                0x0000c96c      0x1d8 /usr/local/lpcxpresso_4.2.0_224/lpcxpresso/tools/bin/../lib/gcc/arm-none-eabi/4.5.1/thumb2/libcr_eabihelpers.a(double.o)
                0x0000c96c                __aeabi_dsub
 .text.__aeabi_dadd
                0x0000cb44      0x13c /usr/local/lpcxpresso_4.2.0_224/lpcxpresso/tools/bin/../lib/gcc/arm-none-eabi/4.5.1/thumb2/libcr_eabihelpers.a(double.o)
                0x0000cb44                __aeabi_dadd
 .text.__aeabi_d2f
                0x0000cc80       0x54 /usr/local/lpcxpresso_4.2.0_224/lpcxpresso/tools/bin/../lib/gcc/arm-none-eabi/4.5.1/thumb2/libcr_eabihelpers.a(double.o)
                0x0000cc80                __aeabi_d2f
 .text.__aeabi_d2iz
                0x0000ccd4       0x3e /usr/local/lpcxpresso_4.2.0_224/lpcxpresso/tools/bin/../lib/gcc/arm-none-eabi/4.5.1/thumb2/libcr_eabihelpers.a(double.o)
                0x0000ccd4                __aeabi_d2iz
 .text.__bhs_ui2d
                0x0000cd12       0x50 /usr/local/lpcxpresso_4.2.0_224/lpcxpresso/tools/bin/../lib/gcc/arm-none-eabi/4.5.1/thumb2/libcr_eabihelpers.a(double.o)
                0x0000cd12                __bhs_ui2d
 .text.__aeabi_i2d
                0x0000cd62       0x10 /usr/local/lpcxpresso_4.2.0_224/lpcxpresso/tools/bin/../lib/gcc/arm-none-eabi/4.5.1/thumb2/libcr_eabihelpers.a(double.o)
                0x0000cd62                __aeabi_i2d
 .text.__aeabi_dcmpeq
                0x0000cd72       0x36 /usr/local/lpcxpresso_4.2.0_224/lpcxpresso/tools/bin/../lib/gcc/arm-none-eabi/4.5.1/thumb2/libcr_eabihelpers.a(double.o)
                0x0000cd72                __aeabi_dcmpeq
 .text.__aeabi_dcmplt
                0x0000cda8       0x5a /usr/local/lpcxpresso_4.2.0_224/lpcxpresso/tools/bin/../lib/gcc/arm-none-eabi/4.5.1/thumb2/libcr_eabihelpers.a(double.o)
                0x0000cda8                __aeabi_dcmplt
 .text.__aeabi_dcmple
                0x0000ce02       0x5a /usr/local/lpcxpresso_4.2.0_224/lpcxpresso/tools/bin/../lib/gcc/arm-none-eabi/4.5.1/thumb2/libcr_eabihelpers.a(double.o)
                0x0000ce02                __aeabi_dcmple
 .text.__aeabi_dcmpge
                0x0000ce5c       0x5a /usr/local/lpcxpresso_4.2.0_224/lpcxpresso/tools/bin/../lib/gcc/arm-none-eabi/4.5.1/thumb2/libcr_eabihelpers.a(double.o)
                0x0000ce5c                __aeabi_dcmpge
 *fill*         0x0000ceb6        0x2 00
 .text.__aeabi_fmul
                0x0000ceb8       0xbc /usr/local/lpcxpresso_4.2.0_224/lpcxpresso/tools/bin/../lib/gcc/arm-none-eabi/4.5.1/thumb2/libcr_eabihelpers.a(float.o)
                0x0000ceb8                __aeabi_fmul
 .text.__aeabi_fdiv
                0x0000cf74       0xe8 /usr/local/lpcxpresso_4.2.0_224/lpcxpresso/tools/bin/../lib/gcc/arm-none-eabi/4.5.1/thumb2/libcr_eabihelpers.a(float.o)
                0x0000cf74                __aeabi_fdiv
 .text.__aeabi_fsub
                0x0000d05c       0xe0 /usr/local/lpcxpresso_4.2.0_224/lpcxpresso/tools/bin/../lib/gcc/arm-none-eabi/4.5.1/thumb2/libcr_eabihelpers.a(float.o)
                0x0000d05c                __aeabi_fsub
 .text.__aeabi_fadd
                0x0000d13c       0xa4 /usr/local/lpcxpresso_4.2.0_224/lpcxpresso/tools/bin/../lib/gcc/arm-none-eabi/4.5.1/thumb2/libcr_eabihelpers.a(float.o)
                0x0000d13c                __aeabi_fadd
 .text.__bhs_ui2f
                0x0000d1e0       0x26 /usr/local/lpcxpresso_4.2.0_224/lpcxpresso/tools/bin/../lib/gcc/arm-none-eabi/4.5.1/thumb2/libcr_eabihelpers.a(float.o)
                0x0000d1e0                __bhs_ui2f
 .text.__aeabi_i2f
                0x0000d206       0x10 /usr/local/lpcxpresso_4.2.0_224/lpcxpresso/tools/bin/../lib/gcc/arm-none-eabi/4.5.1/thumb2/libcr_eabihelpers.a(float.o)
                0x0000d206                __aeabi_i2f
 .text.__aeabi_ui2f
                0x0000d216        0x8 /usr/local/lpcxpresso_4.2.0_224/lpcxpresso/tools/bin/../lib/gcc/arm-none-eabi/4.5.1/thumb2/libcr_eabihelpers.a(float.o)
                0x0000d216                __aeabi_ui2f
 *fill*         0x0000d21e        0x2 00
 .text.__aeabi_f2d
                0x0000d220       0x38 /usr/local/lpcxpresso_4.2.0_224/lpcxpresso/tools/bin/../lib/gcc/arm-none-eabi/4.5.1/thumb2/libcr_eabihelpers.a(float.o)
                0x0000d220                __aeabi_f2d
 .text.__aeabi_fcmpeq
                0x0000d258       0x1e /usr/local/lpcxpresso_4.2.0_224/lpcxpresso/tools/bin/../lib/gcc/arm-none-eabi/4.5.1/thumb2/libcr_eabihelpers.a(float.o)
                0x0000d258                __aeabi_fcmpeq
 .text.__aeabi_fcmplt
                0x0000d276       0x3a /usr/local/lpcxpresso_4.2.0_224/lpcxpresso/tools/bin/../lib/gcc/arm-none-eabi/4.5.1/thumb2/libcr_eabihelpers.a(float.o)
                0x0000d276                __aeabi_fcmplt
 .text.__aeabi_fcmple
                0x0000d2b0       0x40 /usr/local/lpcxpresso_4.2.0_224/lpcxpresso/tools/bin/../lib/gcc/arm-none-eabi/4.5.1/thumb2/libcr_eabihelpers.a(float.o)
                0x0000d2b0                __aeabi_fcmple
 .text.__aeabi_memcpy
                0x0000d2f0       0x26 /usr/local/lpcxpresso_4.2.0_224/lpcxpresso/tools/bin/../lib/gcc/arm-none-eabi/4.5.1/thumb2/libcr_eabihelpers.a(memcpy.o)
                0x0000d2f0                __aeabi_memcpy
                0x0000d2f0                __aeabi_memcpy4
                0x0000d2f0                __aeabi_memcpy8
 .text.__aeabi_memset_lowlevel
                0x0000d316       0x24 /usr/local/lpcxpresso_4.2.0_224/lpcxpresso/tools/bin/../lib/gcc/arm-none-eabi/4.5.1/thumb2/libcr_eabihelpers.a(memcpy.o)
                0x0000d316                __aeabi_lowlevel_memset
 *fill*         0x0000d33a        0x2 00
 .text.__sys_appexit
                0x0000d33c        0xc /usr/local/lpcxpresso_4.2.0_224/lpcxpresso/tools/bin/../lib/gcc/arm-none-eabi/4.5.1/../../../../arm-none-eabi/lib/thumb2/libcr_semihost.a(__sys_appexit.o)
                0x0000d33c                __exit
                0x0000d33c                __sys_appexit
 .text.__sys_close
                0x0000d348        0xc /usr/local/lpcxpresso_4.2.0_224/lpcxpresso/tools/bin/../lib/gcc/arm-none-eabi/4.5.1/../../../../arm-none-eabi/lib/thumb2/libcr_semihost.a(__sys_close.o)
                0x0000d348                __sys_close
 .text.__sys_flen
                0x0000d354        0xc /usr/local/lpcxpresso_4.2.0_224/lpcxpresso/tools/bin/../lib/gcc/arm-none-eabi/4.5.1/../../../../arm-none-eabi/lib/thumb2/libcr_semihost.a(__sys_flen.o)
                0x0000d354                __sys_flen
 .text.__sys_istty
                0x0000d360        0xc /usr/local/lpcxpresso_4.2.0_224/lpcxpresso/tools/bin/../lib/gcc/arm-none-eabi/4.5.1/../../../../arm-none-eabi/lib/thumb2/libcr_semihost.a(__sys_istty.o)
                0x0000d360                __sys_istty
 .text.__sys_remove
                0x0000d36c        0xc /usr/local/lpcxpresso_4.2.0_224/lpcxpresso/tools/bin/../lib/gcc/arm-none-eabi/4.5.1/../../../../arm-none-eabi/lib/thumb2/libcr_semihost.a(__sys_remove.o)
                0x0000d36c                __sys_remove
 .text.__sys_seek
                0x0000d378        0xc /usr/local/lpcxpresso_4.2.0_224/lpcxpresso/tools/bin/../lib/gcc/arm-none-eabi/4.5.1/../../../../arm-none-eabi/lib/thumb2/libcr_semihost.a(__sys_seek.o)
                0x0000d378                __sys_seek
 .text.__sys_tmpnam
                0x0000d384        0xc /usr/local/lpcxpresso_4.2.0_224/lpcxpresso/tools/bin/../lib/gcc/arm-none-eabi/4.5.1/../../../../arm-none-eabi/lib/thumb2/libcr_semihost.a(__sys_tmpnam.o)
                0x0000d384                __sys_tmpnam
 .text.__sys_write
                0x0000d390        0xc /usr/local/lpcxpresso_4.2.0_224/lpcxpresso/tools/bin/../lib/gcc/arm-none-eabi/4.5.1/../../../../arm-none-eabi/lib/thumb2/libcr_semihost.a(__sys_write.o)
                0x0000d390                __write
                0x0000d390                __sys_write
 .text._sbrk    0x0000d39c       0x40 /usr/local/lpcxpresso_4.2.0_224/lpcxpresso/tools/bin/../lib/gcc/arm-none-eabi/4.5.1/../../../../arm-none-eabi/lib/thumb2/libcr_semihost.a(_cr_sbrk.o)
                0x0000d39c                _sbrk
 .text.__check_heap_overflow
                0x0000d3dc       0x2c /usr/local/lpcxpresso_4.2.0_224/lpcxpresso/tools/bin/../lib/gcc/arm-none-eabi/4.5.1/../../../../arm-none-eabi/lib/thumb2/libcr_semihost.a(_cr_check_heap.o)
                0x0000d3dc                __check_heap_overflow
 *(.rodata .rodata.*)
 .rodata        0x0000d408       0x20 ./src/main.o
 .rodata.MyIP   0x0000d428        0x4 ./src/Tasks/WebServer/taskWebServer.o
                0x0000d428                MyIP
 .rodata.SubnetMask
                0x0000d42c        0x4 ./src/Tasks/WebServer/taskWebServer.o
                0x0000d42c                SubnetMask
 .rodata.GatewayIP
                0x0000d430        0x4 ./src/Tasks/WebServer/taskWebServer.o
                0x0000d430                GatewayIP
 .rodata        0x0000d434      0x2e0 ./src/Tasks/WebServer/taskWebServer.o
 .rodata.MyMAC  0x0000d714        0x8 ./src/Tasks/WebServer/tcpip.o
                0x0000d714                MyMAC
 .rodata        0x0000d71c       0x10 ./src/Tasks/SdCard/ff.o
 .rodata.excvt.1429
                0x0000d72c       0x80 ./src/Tasks/SdCard/ff.o
 .rodata        0x0000d7ac       0x94 ./src/Tasks/Adc/taskAdc.o
 .rodata        0x0000d840       0x20 ./FreeRTOS_src/tasks.o
 .rodata.heapSTRUCT_SIZE
                0x0000d860        0x2 ./FreeRTOS_portable/MemMang/heap_2.o
 *fill*         0x0000d862        0x2 00
 .rodata        0x0000d864       0x20 /home/fanaur/RepositoriosMercurial/trabajofinalsisemb/Codigo/workspaceLpc/libDriversMcuPeripherals/Debug/libDriversMcuPeripherals.a(lpc17xx_adc.o)
 .rodata        0x0000d884       0x20 /home/fanaur/RepositoriosMercurial/trabajofinalsisemb/Codigo/workspaceLpc/libDriversMcuPeripherals/Debug/libDriversMcuPeripherals.a(lpc17xx_rtc.o)
 .rodata.str1.1
                0x0000d8a4       0x18 /usr/local/lpcxpresso_4.2.0_224/lpcxpresso/tools/bin/../lib/gcc/arm-none-eabi/4.5.1/../../../../arm-none-eabi/lib/thumb2/libcr_c.a(alloc.o)
 .rodata.__ctype
                0x0000d8bc      0x180 /usr/local/lpcxpresso_4.2.0_224/lpcxpresso/tools/bin/../lib/gcc/arm-none-eabi/4.5.1/../../../../arm-none-eabi/lib/thumb2/libcr_c.a(ctype.o)
                0x0000d8bc                __ctype
 .rodata.str1.1
                0x0000da3c       0x34 /usr/local/lpcxpresso_4.2.0_224/lpcxpresso/tools/bin/../lib/gcc/arm-none-eabi/4.5.1/../../../../arm-none-eabi/lib/thumb2/libcr_c.a(fpprintf.o)
                                 0x35 (size before relaxing)
 .rodata.str1.1
                0x0000da70        0x4 /usr/local/lpcxpresso_4.2.0_224/lpcxpresso/tools/bin/../lib/gcc/arm-none-eabi/4.5.1/../../../../arm-none-eabi/lib/thumb2/libcr_c.a(initio.o)
 .rodata.str1.1
                0x0000da74       0x31 /usr/local/lpcxpresso_4.2.0_224/lpcxpresso/tools/bin/../lib/gcc/arm-none-eabi/4.5.1/../../../../arm-none-eabi/lib/thumb2/libcr_c.a(printf.o)
                                 0x38 (size before relaxing)
 *fill*         0x0000daa5        0x3 00
 .rodata.__huge_val
                0x0000daa8        0x8 /usr/local/lpcxpresso_4.2.0_224/lpcxpresso/tools/bin/../lib/gcc/arm-none-eabi/4.5.1/../../../../arm-none-eabi/lib/thumb2/libcr_c.a(_hugeval.o)
                0x0000daa8                __huge_val
 .rodata.__huge_vall
                0x0000dab0        0x8 /usr/local/lpcxpresso_4.2.0_224/lpcxpresso/tools/bin/../lib/gcc/arm-none-eabi/4.5.1/../../../../arm-none-eabi/lib/thumb2/libcr_c.a(_hugeval.o)
                0x0000dab0                __huge_vall
                0x0000dab8                . = ALIGN (0x4)

.glue_7         0x0000dab8        0x0
 .glue_7        0x00000000        0x0 linker stubs

.glue_7t        0x0000dab8        0x0
 .glue_7t       0x00000000        0x0 linker stubs

.vfp11_veneer   0x0000dab8        0x0
 .vfp11_veneer  0x00000000        0x0 linker stubs

.v4_bx          0x0000dab8        0x0
 .v4_bx         0x00000000        0x0 linker stubs

.ARM.extab
 *(.ARM.extab* .gnu.linkonce.armextab.*)
                0x0000dab8                __exidx_start = .

.ARM.exidx
 *(.ARM.exidx* .gnu.linkonce.armexidx.*)
                0x0000dab8                __exidx_end = .
                0x0000dab8                _etext = .

.data_RAM2      0x2007c000        0x0 load address 0x0000dab8
 FILL mask 0xff
 *(.data.$RAM2*)
 *(.data.$RamAHB32*)
                0x2007c000                . = ALIGN (0x4)

.uninit_RESERVED
 *(.bss.$RESERVED*)

.data           0x10000000       0x18 load address 0x0000dab8
 FILL mask 0xff
                0x10000000                _data = .
 *(vtable)
 *(.data*)
 .data.spi_div_low
                0x10000000        0x1 ./src/Tasks/SdCard/taskSdCard.o
                0x10000000                spi_div_low
 .data.spi_div_high
                0x10000001        0x1 ./src/Tasks/SdCard/taskSdCard.o
                0x10000001                spi_div_high
 .data.Stat     0x10000002        0x1 ./src/Tasks/SdCard/lib_FatFS/src/lpc1xxx_spi_sd/sd.o
 *fill*         0x10000003        0x1 00
 .data.xNextTaskUnblockTime
                0x10000004        0x4 ./FreeRTOS_src/tasks.o
 .data.uxPreviousTask
                0x10000008        0x4 ./FreeRTOS_src/tasks.o
 .data.uxCriticalNesting
                0x1000000c        0x4 ./FreeRTOS_portable/port.o
 .data.xFreeBytesRemaining
                0x10000010        0x4 ./FreeRTOS_portable/MemMang/heap_2.o
 .data.SystemCoreClock
                0x10000014        0x4 /home/fanaur/RepositoriosMercurial/trabajofinalsisemb/Codigo/workspaceLpc/CMSISv2p00_LPC17xx/Debug/libCMSISv2p00_LPC17xx.a(system_LPC17xx.o)
                0x10000014                SystemCoreClock
                0x10000018                . = ALIGN (0x4)
                0x10000018                _edata = .

.bss_RAM2       0x2007c000        0x0
 *(.bss.$RAM2*)
 *(.bss.$RamAHB32*)
                0x2007c000                . = ALIGN (0x4)

.bss            0x10000018     0x7e18
                0x10000018                _bss = .
 *(.bss*)
 .bss.rxptr     0x10000018        0x4 ./src/Tasks/WebServer/ethmac.o
 .bss.txptr     0x1000001c        0x4 ./src/Tasks/WebServer/ethmac.o
 .bss.TimeTick  0x10000020        0x4 ./src/Tasks/WebServer/taskWebServer.o
                0x10000020                TimeTick
 .bss.TimeTick2
                0x10000024        0x4 ./src/Tasks/WebServer/taskWebServer.o
                0x10000024                TimeTick2
 .bss.FatFs     0x10000028        0x4 ./src/Tasks/SdCard/ff.o
 .bss.Fsid      0x1000002c        0x2 ./src/Tasks/SdCard/ff.o
 .bss.CurrVol   0x1000002e        0x1 ./src/Tasks/SdCard/ff.o
 *fill*         0x1000002f        0x1 00
 .bss.Timer1    0x10000030        0x2 ./src/Tasks/SdCard/lib_FatFS/src/lpc1xxx_spi_sd/sd.o
 .bss.Timer2    0x10000032        0x2 ./src/Tasks/SdCard/lib_FatFS/src/lpc1xxx_spi_sd/sd.o
 .bss.pxCurrentTCB
                0x10000034        0x4 ./FreeRTOS_src/tasks.o
                0x10000034                pxCurrentTCB
 .bss.pxReadyTasksLists
                0x10000038       0x64 ./FreeRTOS_src/tasks.o
 .bss.xDelayedTaskList1
                0x1000009c       0x14 ./FreeRTOS_src/tasks.o
 .bss.xDelayedTaskList2
                0x100000b0       0x14 ./FreeRTOS_src/tasks.o
 .bss.pxDelayedTaskList
                0x100000c4        0x4 ./FreeRTOS_src/tasks.o
 .bss.pxOverflowDelayedTaskList
                0x100000c8        0x4 ./FreeRTOS_src/tasks.o
 .bss.xPendingReadyList
                0x100000cc       0x14 ./FreeRTOS_src/tasks.o
 .bss.xTasksWaitingTermination
                0x100000e0       0x14 ./FreeRTOS_src/tasks.o
 .bss.uxTasksDeleted
                0x100000f4        0x4 ./FreeRTOS_src/tasks.o
 .bss.xSuspendedTaskList
                0x100000f8       0x14 ./FreeRTOS_src/tasks.o
 .bss.uxCurrentNumberOfTasks
                0x1000010c        0x4 ./FreeRTOS_src/tasks.o
 .bss.xTickCount
                0x10000110        0x4 ./FreeRTOS_src/tasks.o
 .bss.uxTopUsedPriority
                0x10000114        0x4 ./FreeRTOS_src/tasks.o
 .bss.uxTopReadyPriority
                0x10000118        0x4 ./FreeRTOS_src/tasks.o
 .bss.xSchedulerRunning
                0x1000011c        0x4 ./FreeRTOS_src/tasks.o
 .bss.uxSchedulerSuspended
                0x10000120        0x4 ./FreeRTOS_src/tasks.o
 .bss.uxMissedTicks
                0x10000124        0x4 ./FreeRTOS_src/tasks.o
 .bss.xMissedYield
                0x10000128        0x4 ./FreeRTOS_src/tasks.o
 .bss.xNumOfOverflows
                0x1000012c        0x4 ./FreeRTOS_src/tasks.o
 .bss.uxTaskNumber
                0x10000130        0x4 ./FreeRTOS_src/tasks.o
 .bss.pcTraceBuffer
                0x10000134        0x4 ./FreeRTOS_src/tasks.o
 .bss.pcTraceBufferEnd
                0x10000138        0x4 ./FreeRTOS_src/tasks.o
 .bss.xTracing  0x1000013c        0x4 ./FreeRTOS_src/tasks.o
 .bss.xHeap     0x10000140     0x4c00 ./FreeRTOS_portable/MemMang/heap_2.o
 .bss.xStart    0x10004d40        0x8 ./FreeRTOS_portable/MemMang/heap_2.o
 .bss.xEnd      0x10004d48        0x8 ./FreeRTOS_portable/MemMang/heap_2.o
 .bss.xHeapHasBeenInitialised.1281
                0x10004d50        0x4 ./FreeRTOS_portable/MemMang/heap_2.o
 .bss.errno     0x10004d54        0x4 /usr/local/lpcxpresso_4.2.0_224/lpcxpresso/tools/bin/../lib/gcc/arm-none-eabi/4.5.1/../../../../arm-none-eabi/lib/thumb2/libcr_c.a(errno.o)
                0x10004d54                errno
 *(COMMON)
 COMMON         0x10004d58      0x244 ./src/main.o
                0x10004d58                semSdCardAccess
                0x10004d5c                HTTPBytesToSend
                0x10004d60                fs
                0x10004f94                HTTPStatus
                0x10004f98                PWebSide
 COMMON         0x10004f9c      0xd06 ./src/Tasks/WebServer/taskWebServer.o
                0x10004f9c                TCPTimer
                0x10004f9e                TCPRxDataCount
                0x10004fa0                queueSdCardWrite
                0x10004fa4                TCPTxDataCount
                0x10004fa8                RecdFrameIP
                0x10004fac                RemoteMAC
                0x10004fb2                TCPStateMachine
                0x10004fb4                TCPUNASeqNr
                0x10004fb8                semSdCardReadAction
                0x10004fbc                TCPLocalPort
                0x10004fc0                _RxTCPBuffer
                0x100053c0                bufferReadSdCard
                0x100053f2                TCPFlags
                0x100053f4                RecdFrameMAC
                0x100053fa                RecdIPFrameLength
                0x100053fc                RemoteIP
                0x10005400                LastFrameSent
                0x10005402                TCPRemotePort
                0x10005404                TxFrame2Size
                0x10005408                TCPAckNr
                0x1000540c                TransmitControl
                0x1000540e                TxFrame1Size
                0x10005410                ISNGenHigh
                0x10005414                _TxFrame2
                0x1000545e                RecdFrameLength
                0x10005460                _TxFrame1
                0x10005c98                TCPSeqNr
                0x10005c9c                queueSdCardRead
                0x10005ca0                RetryCounter
                0x10005ca1                SocketStatus
 *fill*         0x10005ca2        0x2 00
 COMMON         0x10005ca4       0x74 ./src/Tasks/SdCard/lib_FatFS/src/lpc1xxx_spi_sd/sd.o
                0x10005ca4                CardType
                0x10005ca8                CardConfig
 COMMON         0x10005d18       0x70 ./src/Tasks/PcCommunication/API_Uart.o
                0x10005d18                control_uarts
 COMMON         0x10005d88     0x1f5c ./src/Tasks/Adc/taskAdc.o
                0x10005d88                adcValues_buffer_B
                0x10006d28                adcCurrentBufferWorking
                0x10006d2c                adcValues_buffer_A
                0x10007ccc                adcState
                0x10007cce                adcSecondSincronizeValue
                0x10007cd0                adcValueCount
                0x10007cd4                adcCurrentBufferProcesing
                0x10007cd8                strbuf
                0x10007cde                adcFirtSincronizeValue
                0x10007ce0                mutexAdcReady
 COMMON         0x10007ce4        0x4 /usr/local/lpcxpresso_4.2.0_224/lpcxpresso/tools/bin/../lib/gcc/arm-none-eabi/4.5.1/../../../../arm-none-eabi/lib/thumb2/libcr_c.a(initio.o)
                0x10007ce4                _extra
 COMMON         0x10007ce8      0x140 /usr/local/lpcxpresso_4.2.0_224/lpcxpresso/tools/bin/../lib/gcc/arm-none-eabi/4.5.1/../../../../arm-none-eabi/lib/thumb2/libcr_c.a(stdio.o)
                0x10007ce8                __Ciob
 COMMON         0x10007e28        0x8 /usr/local/lpcxpresso_4.2.0_224/lpcxpresso/tools/bin/../lib/gcc/arm-none-eabi/4.5.1/../../../../arm-none-eabi/lib/thumb2/libcr_c.a(__init_alloc.o)
                0x10007e28                __heaps
                0x10007e2c                __end_of_heap
                0x10007e30                . = ALIGN (0x4)
                0x10007e30                _ebss = .
                0x10007e30                PROVIDE (end, .)
                0x10007e30                PROVIDE (_pvHeapStart, .)
                0x10008000                PROVIDE (_vStackTop, (__top_RamLoc32 - 0x0))
OUTPUT(SMCED.axf elf32-littlearm)

.comment        0x00000000       0x2a
 .comment       0x00000000       0x2a ./src/cmdPcCom.o
                                 0x2b (size before relaxing)
 .comment       0x00000000       0x2b ./src/cr_startup_lpc17.o
 .comment       0x00000000       0x2b ./src/main.o
 .comment       0x00000000       0x2b ./src/Tasks/ezxml.o
 .comment       0x00000000       0x2b ./src/Tasks/WebServer/ethmac.o
 .comment       0x00000000       0x2b ./src/Tasks/WebServer/taskWebServer.o
 .comment       0x00000000       0x2b ./src/Tasks/WebServer/tcpip.o
 .comment       0x00000000       0x2b ./src/Tasks/SerialMemory/taskSerialMemory.o
 .comment       0x00000000       0x2b ./src/Tasks/SdCard/FatFS_support.o
 .comment       0x00000000       0x2b ./src/Tasks/SdCard/ff.o
 .comment       0x00000000       0x2b ./src/Tasks/SdCard/taskSdCard.o
 .comment       0x00000000       0x2b ./src/Tasks/SdCard/option/syscall.o
 .comment       0x00000000       0x2b ./src/Tasks/SdCard/lib_FatFS/src/option/cc932.o
 .comment       0x00000000       0x2b ./src/Tasks/SdCard/lib_FatFS/src/option/syscall.o
 .comment       0x00000000       0x2b ./src/Tasks/SdCard/lib_FatFS/src/lpc1xxx_spi_sd/lpc17xx_spi.o
 .comment       0x00000000       0x2b ./src/Tasks/SdCard/lib_FatFS/src/lpc1xxx_spi_sd/sd.o
 .comment       0x00000000       0x2b ./src/Tasks/SdCard/lib_FatFS/src/clocking.o
 .comment       0x00000000       0x2b ./src/Tasks/PcCommunication/API_Uart.o
 .comment       0x00000000       0x2b ./src/Tasks/PcCommunication/ProtocolPCComunicaction.o
 .comment       0x00000000       0x2b ./src/Tasks/PcCommunication/ProtocolPCComunication.o
 .comment       0x00000000       0x2b ./src/Tasks/PcCommunication/taskPcCommunication.o
 .comment       0x00000000       0x2b ./src/Tasks/KeepAlive/taskKeepAlive.o
 .comment       0x00000000       0x2b ./src/Tasks/Core/taskCore.o
 .comment       0x00000000       0x2b ./src/Tasks/Adc/taskAdc.o
 .comment       0x00000000       0x2b ./FreeRTOS_src/croutine.o
 .comment       0x00000000       0x2b ./FreeRTOS_src/list.o
 .comment       0x00000000       0x2b ./FreeRTOS_src/queue.o
 .comment       0x00000000       0x2b ./FreeRTOS_src/tasks.o
 .comment       0x00000000       0x2b ./FreeRTOS_src/timers.o
 .comment       0x00000000       0x2b ./FreeRTOS_portable/port.o
 .comment       0x00000000       0x2b ./FreeRTOS_portable/MemMang/heap_2.o
 .comment       0x00000000       0x2b /home/fanaur/RepositoriosMercurial/trabajofinalsisemb/Codigo/workspaceLpc/CMSISv2p00_LPC17xx/Debug/libCMSISv2p00_LPC17xx.a(system_LPC17xx.o)
 .comment       0x00000000       0x2b /home/fanaur/RepositoriosMercurial/trabajofinalsisemb/Codigo/workspaceLpc/libDriversMcuPeripherals/Debug/libDriversMcuPeripherals.a(lpc17xx_adc.o)
 .comment       0x00000000       0x2b /home/fanaur/RepositoriosMercurial/trabajofinalsisemb/Codigo/workspaceLpc/libDriversMcuPeripherals/Debug/libDriversMcuPeripherals.a(lpc17xx_clkpwr.o)
 .comment       0x00000000       0x2b /home/fanaur/RepositoriosMercurial/trabajofinalsisemb/Codigo/workspaceLpc/libDriversMcuPeripherals/Debug/libDriversMcuPeripherals.a(lpc17xx_i2c.o)
 .comment       0x00000000       0x2b /home/fanaur/RepositoriosMercurial/trabajofinalsisemb/Codigo/workspaceLpc/libDriversMcuPeripherals/Debug/libDriversMcuPeripherals.a(lpc17xx_libcfg_default.o)
 .comment       0x00000000       0x2b /home/fanaur/RepositoriosMercurial/trabajofinalsisemb/Codigo/workspaceLpc/libDriversMcuPeripherals/Debug/libDriversMcuPeripherals.a(lpc17xx_pinsel.o)
 .comment       0x00000000       0x2b /home/fanaur/RepositoriosMercurial/trabajofinalsisemb/Codigo/workspaceLpc/libDriversMcuPeripherals/Debug/libDriversMcuPeripherals.a(lpc17xx_rtc.o)
 .comment       0x00000000       0x2b /home/fanaur/RepositoriosMercurial/trabajofinalsisemb/Codigo/workspaceLpc/libDriversMcuPeripherals/Debug/libDriversMcuPeripherals.a(lpc17xx_uart.o)
 .comment       0x00000000       0x2b /usr/local/lpcxpresso_4.2.0_224/lpcxpresso/tools/bin/../lib/gcc/arm-none-eabi/4.5.1/../../../../arm-none-eabi/lib/thumb2/libcr_semihost.a(_cr__main.o)
 .comment       0x00000000       0x2b /usr/local/lpcxpresso_4.2.0_224/lpcxpresso/tools/bin/../lib/gcc/arm-none-eabi/4.5.1/../../../../arm-none-eabi/lib/thumb2/libcr_c.a(alloc.o)
 .comment       0x00000000       0x2b /usr/local/lpcxpresso_4.2.0_224/lpcxpresso/tools/bin/../lib/gcc/arm-none-eabi/4.5.1/../../../../arm-none-eabi/lib/thumb2/libcr_c.a(cos.o)
 .comment       0x00000000       0x2b /usr/local/lpcxpresso_4.2.0_224/lpcxpresso/tools/bin/../lib/gcc/arm-none-eabi/4.5.1/../../../../arm-none-eabi/lib/thumb2/libcr_c.a(ctype.o)
 .comment       0x00000000       0x2b /usr/local/lpcxpresso_4.2.0_224/lpcxpresso/tools/bin/../lib/gcc/arm-none-eabi/4.5.1/../../../../arm-none-eabi/lib/thumb2/libcr_c.a(fpprintf.o)
 .comment       0x00000000       0x2b /usr/local/lpcxpresso_4.2.0_224/lpcxpresso/tools/bin/../lib/gcc/arm-none-eabi/4.5.1/../../../../arm-none-eabi/lib/thumb2/libcr_c.a(initio.o)
 .comment       0x00000000       0x2b /usr/local/lpcxpresso_4.2.0_224/lpcxpresso/tools/bin/../lib/gcc/arm-none-eabi/4.5.1/../../../../arm-none-eabi/lib/thumb2/libcr_c.a(memcmp.o)
 .comment       0x00000000       0x2b /usr/local/lpcxpresso_4.2.0_224/lpcxpresso/tools/bin/../lib/gcc/arm-none-eabi/4.5.1/../../../../arm-none-eabi/lib/thumb2/libcr_c.a(printf.o)
 .comment       0x00000000       0x2b /usr/local/lpcxpresso_4.2.0_224/lpcxpresso/tools/bin/../lib/gcc/arm-none-eabi/4.5.1/../../../../arm-none-eabi/lib/thumb2/libcr_c.a(scanf.o)
 .comment       0x00000000       0x2b /usr/local/lpcxpresso_4.2.0_224/lpcxpresso/tools/bin/../lib/gcc/arm-none-eabi/4.5.1/../../../../arm-none-eabi/lib/thumb2/libcr_c.a(setvbuf.o)
 .comment       0x00000000       0x2b /usr/local/lpcxpresso_4.2.0_224/lpcxpresso/tools/bin/../lib/gcc/arm-none-eabi/4.5.1/../../../../arm-none-eabi/lib/thumb2/libcr_c.a(stdio.o)
 .comment       0x00000000       0x2b /usr/local/lpcxpresso_4.2.0_224/lpcxpresso/tools/bin/../lib/gcc/arm-none-eabi/4.5.1/../../../../arm-none-eabi/lib/thumb2/libcr_c.a(strcat.o)
 .comment       0x00000000       0x2b /usr/local/lpcxpresso_4.2.0_224/lpcxpresso/tools/bin/../lib/gcc/arm-none-eabi/4.5.1/../../../../arm-none-eabi/lib/thumb2/libcr_c.a(strchr.o)
 .comment       0x00000000       0x2b /usr/local/lpcxpresso_4.2.0_224/lpcxpresso/tools/bin/../lib/gcc/arm-none-eabi/4.5.1/../../../../arm-none-eabi/lib/thumb2/libcr_c.a(strcmp.o)
 .comment       0x00000000       0x2b /usr/local/lpcxpresso_4.2.0_224/lpcxpresso/tools/bin/../lib/gcc/arm-none-eabi/4.5.1/../../../../arm-none-eabi/lib/thumb2/libcr_c.a(strcpy.o)
 .comment       0x00000000       0x2b /usr/local/lpcxpresso_4.2.0_224/lpcxpresso/tools/bin/../lib/gcc/arm-none-eabi/4.5.1/../../../../arm-none-eabi/lib/thumb2/libcr_c.a(strcspn.o)
 .comment       0x00000000       0x2b /usr/local/lpcxpresso_4.2.0_224/lpcxpresso/tools/bin/../lib/gcc/arm-none-eabi/4.5.1/../../../../arm-none-eabi/lib/thumb2/libcr_c.a(strlen.o)
 .comment       0x00000000       0x2b /usr/local/lpcxpresso_4.2.0_224/lpcxpresso/tools/bin/../lib/gcc/arm-none-eabi/4.5.1/../../../../arm-none-eabi/lib/thumb2/libcr_c.a(strncmp.o)
 .comment       0x00000000       0x2b /usr/local/lpcxpresso_4.2.0_224/lpcxpresso/tools/bin/../lib/gcc/arm-none-eabi/4.5.1/../../../../arm-none-eabi/lib/thumb2/libcr_c.a(strncpy.o)
 .comment       0x00000000       0x2b /usr/local/lpcxpresso_4.2.0_224/lpcxpresso/tools/bin/../lib/gcc/arm-none-eabi/4.5.1/../../../../arm-none-eabi/lib/thumb2/libcr_c.a(strspn.o)
 .comment       0x00000000       0x2b /usr/local/lpcxpresso_4.2.0_224/lpcxpresso/tools/bin/../lib/gcc/arm-none-eabi/4.5.1/../../../../arm-none-eabi/lib/thumb2/libcr_c.a(strstr.o)
 .comment       0x00000000       0x2b /usr/local/lpcxpresso_4.2.0_224/lpcxpresso/tools/bin/../lib/gcc/arm-none-eabi/4.5.1/../../../../arm-none-eabi/lib/thumb2/libcr_c.a(ungetc.o)
 .comment       0x00000000       0x2b /usr/local/lpcxpresso_4.2.0_224/lpcxpresso/tools/bin/../lib/gcc/arm-none-eabi/4.5.1/../../../../arm-none-eabi/lib/thumb2/libcr_c.a(memcpy.o)
 .comment       0x00000000       0x2b /usr/local/lpcxpresso_4.2.0_224/lpcxpresso/tools/bin/../lib/gcc/arm-none-eabi/4.5.1/../../../../arm-none-eabi/lib/thumb2/libcr_c.a(memmove.o)
 .comment       0x00000000       0x2b /usr/local/lpcxpresso_4.2.0_224/lpcxpresso/tools/bin/../lib/gcc/arm-none-eabi/4.5.1/../../../../arm-none-eabi/lib/thumb2/libcr_c.a(memset.o)
 .comment       0x00000000       0x2b /usr/local/lpcxpresso_4.2.0_224/lpcxpresso/tools/bin/../lib/gcc/arm-none-eabi/4.5.1/../../../../arm-none-eabi/lib/thumb2/libcr_c.a(__fillbuf.o)
 .comment       0x00000000       0x2b /usr/local/lpcxpresso_4.2.0_224/lpcxpresso/tools/bin/../lib/gcc/arm-none-eabi/4.5.1/../../../../arm-none-eabi/lib/thumb2/libcr_c.a(__init_alloc.o)
 .comment       0x00000000       0x2b /usr/local/lpcxpresso_4.2.0_224/lpcxpresso/tools/bin/../lib/gcc/arm-none-eabi/4.5.1/../../../../arm-none-eabi/lib/thumb2/libcr_c.a(_deferredlazyseek.o)
 .comment       0x00000000       0x2b /usr/local/lpcxpresso_4.2.0_224/lpcxpresso/tools/bin/../lib/gcc/arm-none-eabi/4.5.1/../../../../arm-none-eabi/lib/thumb2/libcr_c.a(_fdopen.o)
 .comment       0x00000000       0x2b /usr/local/lpcxpresso_4.2.0_224/lpcxpresso/tools/bin/../lib/gcc/arm-none-eabi/4.5.1/../../../../arm-none-eabi/lib/thumb2/libcr_c.a(_fflush.o)
 .comment       0x00000000       0x2b /usr/local/lpcxpresso_4.2.0_224/lpcxpresso/tools/bin/../lib/gcc/arm-none-eabi/4.5.1/../../../../arm-none-eabi/lib/thumb2/libcr_c.a(_frexpl.o)
 .comment       0x00000000       0x2b /usr/local/lpcxpresso_4.2.0_224/lpcxpresso/tools/bin/../lib/gcc/arm-none-eabi/4.5.1/../../../../arm-none-eabi/lib/thumb2/libcr_c.a(_hugeval.o)
 .comment       0x00000000       0x2b /usr/local/lpcxpresso_4.2.0_224/lpcxpresso/tools/bin/../lib/gcc/arm-none-eabi/4.5.1/../../../../arm-none-eabi/lib/thumb2/libcr_c.a(_ldexpl.o)
 .comment       0x00000000       0x2b /usr/local/lpcxpresso_4.2.0_224/lpcxpresso/tools/bin/../lib/gcc/arm-none-eabi/4.5.1/../../../../arm-none-eabi/lib/thumb2/libcr_c.a(_sincos.o)
 .comment       0x00000000       0x2b /usr/local/lpcxpresso_4.2.0_224/lpcxpresso/tools/bin/../lib/gcc/arm-none-eabi/4.5.1/../../../../arm-none-eabi/lib/thumb2/libcr_c.a(_writebuf.o)
 .comment       0x00000000       0x2b /usr/local/lpcxpresso_4.2.0_224/lpcxpresso/tools/bin/../lib/gcc/arm-none-eabi/4.5.1/../../../../arm-none-eabi/lib/thumb2/libcr_c.a(errno.o)
 .comment       0x00000000       0x2b /usr/local/lpcxpresso_4.2.0_224/lpcxpresso/tools/bin/../lib/gcc/arm-none-eabi/4.5.1/../../../../arm-none-eabi/lib/thumb2/libcr_c.a(fabs.o)
 .comment       0x00000000       0x2b /usr/local/lpcxpresso_4.2.0_224/lpcxpresso/tools/bin/../lib/gcc/arm-none-eabi/4.5.1/../../../../arm-none-eabi/lib/thumb2/libcr_c.a(fclose.o)
 .comment       0x00000000       0x2b /usr/local/lpcxpresso_4.2.0_224/lpcxpresso/tools/bin/../lib/gcc/arm-none-eabi/4.5.1/../../../../arm-none-eabi/lib/thumb2/libcr_c.a(fflush.o)
 .comment       0x00000000       0x2b /usr/local/lpcxpresso_4.2.0_224/lpcxpresso/tools/bin/../lib/gcc/arm-none-eabi/4.5.1/../../../../arm-none-eabi/lib/thumb2/libcr_c.a(fseek.o)
 .comment       0x00000000       0x2b /usr/local/lpcxpresso_4.2.0_224/lpcxpresso/tools/bin/../lib/gcc/arm-none-eabi/4.5.1/../../../../arm-none-eabi/lib/thumb2/libcr_c.a(ftell.o)
 .comment       0x00000000       0x2b /usr/local/lpcxpresso_4.2.0_224/lpcxpresso/tools/bin/../lib/gcc/arm-none-eabi/4.5.1/../../../../arm-none-eabi/lib/thumb2/libcr_c.a(remove.o)
 .comment       0x00000000       0x2b /usr/local/lpcxpresso_4.2.0_224/lpcxpresso/tools/bin/../lib/gcc/arm-none-eabi/4.5.1/../../../../arm-none-eabi/lib/thumb2/libcr_c.a(_do_fflush.o)
 .comment       0x00000000       0x2b /usr/local/lpcxpresso_4.2.0_224/lpcxpresso/tools/bin/../lib/gcc/arm-none-eabi/4.5.1/thumb2/libcr_eabihelpers.a(double.o)
 .comment       0x00000000       0x2b /usr/local/lpcxpresso_4.2.0_224/lpcxpresso/tools/bin/../lib/gcc/arm-none-eabi/4.5.1/thumb2/libcr_eabihelpers.a(float.o)
 .comment       0x00000000       0x2b /usr/local/lpcxpresso_4.2.0_224/lpcxpresso/tools/bin/../lib/gcc/arm-none-eabi/4.5.1/../../../../arm-none-eabi/lib/thumb2/libcr_semihost.a(_cr_sbrk.o)
 .comment       0x00000000       0x2b /usr/local/lpcxpresso_4.2.0_224/lpcxpresso/tools/bin/../lib/gcc/arm-none-eabi/4.5.1/../../../../arm-none-eabi/lib/thumb2/libcr_semihost.a(_cr_check_heap.o)

.ARM.attributes
                0x00000000       0x2f
 .ARM.attributes
                0x00000000       0x31 ./src/cmdPcCom.o
 .ARM.attributes
                0x00000031       0x31 ./src/cr_startup_lpc17.o
 .ARM.attributes
                0x00000062       0x31 ./src/main.o
 .ARM.attributes
                0x00000093       0x31 ./src/Tasks/ezxml.o
 .ARM.attributes
                0x000000c4       0x31 ./src/Tasks/WebServer/ethmac.o
 .ARM.attributes
                0x000000f5       0x31 ./src/Tasks/WebServer/taskWebServer.o
 .ARM.attributes
                0x00000126       0x31 ./src/Tasks/WebServer/tcpip.o
 .ARM.attributes
                0x00000157       0x31 ./src/Tasks/SerialMemory/taskSerialMemory.o
 .ARM.attributes
                0x00000188       0x31 ./src/Tasks/SdCard/FatFS_support.o
 .ARM.attributes
                0x000001b9       0x31 ./src/Tasks/SdCard/ff.o
 .ARM.attributes
                0x000001ea       0x31 ./src/Tasks/SdCard/taskSdCard.o
 .ARM.attributes
                0x0000021b       0x31 ./src/Tasks/SdCard/option/syscall.o
 .ARM.attributes
                0x0000024c       0x31 ./src/Tasks/SdCard/lib_FatFS/src/option/cc932.o
 .ARM.attributes
                0x0000027d       0x31 ./src/Tasks/SdCard/lib_FatFS/src/option/syscall.o
 .ARM.attributes
                0x000002ae       0x31 ./src/Tasks/SdCard/lib_FatFS/src/lpc1xxx_spi_sd/lpc17xx_spi.o
 .ARM.attributes
                0x000002df       0x31 ./src/Tasks/SdCard/lib_FatFS/src/lpc1xxx_spi_sd/sd.o
 .ARM.attributes
                0x00000310       0x31 ./src/Tasks/SdCard/lib_FatFS/src/clocking.o
 .ARM.attributes
                0x00000341       0x31 ./src/Tasks/PcCommunication/API_Uart.o
 .ARM.attributes
                0x00000372       0x31 ./src/Tasks/PcCommunication/ProtocolPCComunicaction.o
 .ARM.attributes
                0x000003a3       0x31 ./src/Tasks/PcCommunication/ProtocolPCComunication.o
 .ARM.attributes
                0x000003d4       0x31 ./src/Tasks/PcCommunication/taskPcCommunication.o
 .ARM.attributes
                0x00000405       0x31 ./src/Tasks/KeepAlive/taskKeepAlive.o
 .ARM.attributes
                0x00000436       0x31 ./src/Tasks/Core/taskCore.o
 .ARM.attributes
                0x00000467       0x31 ./src/Tasks/Adc/taskAdc.o
 .ARM.attributes
                0x00000498       0x31 ./FreeRTOS_src/croutine.o
 .ARM.attributes
                0x000004c9       0x31 ./FreeRTOS_src/list.o
 .ARM.attributes
                0x000004fa       0x31 ./FreeRTOS_src/queue.o
 .ARM.attributes
                0x0000052b       0x31 ./FreeRTOS_src/tasks.o
 .ARM.attributes
                0x0000055c       0x31 ./FreeRTOS_src/timers.o
 .ARM.attributes
                0x0000058d       0x31 ./FreeRTOS_portable/port.o
 .ARM.attributes
                0x000005be       0x31 ./FreeRTOS_portable/MemMang/heap_2.o
 .ARM.attributes
                0x000005ef       0x31 /home/fanaur/RepositoriosMercurial/trabajofinalsisemb/Codigo/workspaceLpc/CMSISv2p00_LPC17xx/Debug/libCMSISv2p00_LPC17xx.a(system_LPC17xx.o)
 .ARM.attributes
                0x00000620       0x31 /home/fanaur/RepositoriosMercurial/trabajofinalsisemb/Codigo/workspaceLpc/libDriversMcuPeripherals/Debug/libDriversMcuPeripherals.a(lpc17xx_adc.o)
 .ARM.attributes
                0x00000651       0x31 /home/fanaur/RepositoriosMercurial/trabajofinalsisemb/Codigo/workspaceLpc/libDriversMcuPeripherals/Debug/libDriversMcuPeripherals.a(lpc17xx_clkpwr.o)
 .ARM.attributes
                0x00000682       0x31 /home/fanaur/RepositoriosMercurial/trabajofinalsisemb/Codigo/workspaceLpc/libDriversMcuPeripherals/Debug/libDriversMcuPeripherals.a(lpc17xx_i2c.o)
 .ARM.attributes
                0x000006b3       0x31 /home/fanaur/RepositoriosMercurial/trabajofinalsisemb/Codigo/workspaceLpc/libDriversMcuPeripherals/Debug/libDriversMcuPeripherals.a(lpc17xx_libcfg_default.o)
 .ARM.attributes
                0x000006e4       0x31 /home/fanaur/RepositoriosMercurial/trabajofinalsisemb/Codigo/workspaceLpc/libDriversMcuPeripherals/Debug/libDriversMcuPeripherals.a(lpc17xx_pinsel.o)
 .ARM.attributes
                0x00000715       0x31 /home/fanaur/RepositoriosMercurial/trabajofinalsisemb/Codigo/workspaceLpc/libDriversMcuPeripherals/Debug/libDriversMcuPeripherals.a(lpc17xx_rtc.o)
 .ARM.attributes
                0x00000746       0x31 /home/fanaur/RepositoriosMercurial/trabajofinalsisemb/Codigo/workspaceLpc/libDriversMcuPeripherals/Debug/libDriversMcuPeripherals.a(lpc17xx_uart.o)
 .ARM.attributes
                0x00000777       0x31 /usr/local/lpcxpresso_4.2.0_224/lpcxpresso/tools/bin/../lib/gcc/arm-none-eabi/4.5.1/../../../../arm-none-eabi/lib/thumb2/libcr_semihost.a(_cr__main.o)
 .ARM.attributes
                0x000007a8       0x31 /usr/local/lpcxpresso_4.2.0_224/lpcxpresso/tools/bin/../lib/gcc/arm-none-eabi/4.5.1/../../../../arm-none-eabi/lib/thumb2/libcr_c.a(alloc.o)
 .ARM.attributes
                0x000007d9       0x31 /usr/local/lpcxpresso_4.2.0_224/lpcxpresso/tools/bin/../lib/gcc/arm-none-eabi/4.5.1/../../../../arm-none-eabi/lib/thumb2/libcr_c.a(cos.o)
 .ARM.attributes
                0x0000080a       0x31 /usr/local/lpcxpresso_4.2.0_224/lpcxpresso/tools/bin/../lib/gcc/arm-none-eabi/4.5.1/../../../../arm-none-eabi/lib/thumb2/libcr_c.a(ctype.o)
 .ARM.attributes
                0x0000083b       0x31 /usr/local/lpcxpresso_4.2.0_224/lpcxpresso/tools/bin/../lib/gcc/arm-none-eabi/4.5.1/../../../../arm-none-eabi/lib/thumb2/libcr_c.a(fpprintf.o)
 .ARM.attributes
                0x0000086c       0x31 /usr/local/lpcxpresso_4.2.0_224/lpcxpresso/tools/bin/../lib/gcc/arm-none-eabi/4.5.1/../../../../arm-none-eabi/lib/thumb2/libcr_c.a(initio.o)
 .ARM.attributes
                0x0000089d       0x31 /usr/local/lpcxpresso_4.2.0_224/lpcxpresso/tools/bin/../lib/gcc/arm-none-eabi/4.5.1/../../../../arm-none-eabi/lib/thumb2/libcr_c.a(memcmp.o)
 .ARM.attributes
                0x000008ce       0x31 /usr/local/lpcxpresso_4.2.0_224/lpcxpresso/tools/bin/../lib/gcc/arm-none-eabi/4.5.1/../../../../arm-none-eabi/lib/thumb2/libcr_c.a(printf.o)
 .ARM.attributes
                0x000008ff       0x31 /usr/local/lpcxpresso_4.2.0_224/lpcxpresso/tools/bin/../lib/gcc/arm-none-eabi/4.5.1/../../../../arm-none-eabi/lib/thumb2/libcr_c.a(scanf.o)
 .ARM.attributes
                0x00000930       0x31 /usr/local/lpcxpresso_4.2.0_224/lpcxpresso/tools/bin/../lib/gcc/arm-none-eabi/4.5.1/../../../../arm-none-eabi/lib/thumb2/libcr_c.a(setvbuf.o)
 .ARM.attributes
                0x00000961       0x31 /usr/local/lpcxpresso_4.2.0_224/lpcxpresso/tools/bin/../lib/gcc/arm-none-eabi/4.5.1/../../../../arm-none-eabi/lib/thumb2/libcr_c.a(stdio.o)
 .ARM.attributes
                0x00000992       0x31 /usr/local/lpcxpresso_4.2.0_224/lpcxpresso/tools/bin/../lib/gcc/arm-none-eabi/4.5.1/../../../../arm-none-eabi/lib/thumb2/libcr_c.a(strcat.o)
 .ARM.attributes
                0x000009c3       0x31 /usr/local/lpcxpresso_4.2.0_224/lpcxpresso/tools/bin/../lib/gcc/arm-none-eabi/4.5.1/../../../../arm-none-eabi/lib/thumb2/libcr_c.a(strchr.o)
 .ARM.attributes
                0x000009f4       0x31 /usr/local/lpcxpresso_4.2.0_224/lpcxpresso/tools/bin/../lib/gcc/arm-none-eabi/4.5.1/../../../../arm-none-eabi/lib/thumb2/libcr_c.a(strcmp.o)
 .ARM.attributes
                0x00000a25       0x31 /usr/local/lpcxpresso_4.2.0_224/lpcxpresso/tools/bin/../lib/gcc/arm-none-eabi/4.5.1/../../../../arm-none-eabi/lib/thumb2/libcr_c.a(strcpy.o)
 .ARM.attributes
                0x00000a56       0x31 /usr/local/lpcxpresso_4.2.0_224/lpcxpresso/tools/bin/../lib/gcc/arm-none-eabi/4.5.1/../../../../arm-none-eabi/lib/thumb2/libcr_c.a(strcspn.o)
 .ARM.attributes
                0x00000a87       0x31 /usr/local/lpcxpresso_4.2.0_224/lpcxpresso/tools/bin/../lib/gcc/arm-none-eabi/4.5.1/../../../../arm-none-eabi/lib/thumb2/libcr_c.a(strlen.o)
 .ARM.attributes
                0x00000ab8       0x31 /usr/local/lpcxpresso_4.2.0_224/lpcxpresso/tools/bin/../lib/gcc/arm-none-eabi/4.5.1/../../../../arm-none-eabi/lib/thumb2/libcr_c.a(strncmp.o)
 .ARM.attributes
                0x00000ae9       0x31 /usr/local/lpcxpresso_4.2.0_224/lpcxpresso/tools/bin/../lib/gcc/arm-none-eabi/4.5.1/../../../../arm-none-eabi/lib/thumb2/libcr_c.a(strncpy.o)
 .ARM.attributes
                0x00000b1a       0x31 /usr/local/lpcxpresso_4.2.0_224/lpcxpresso/tools/bin/../lib/gcc/arm-none-eabi/4.5.1/../../../../arm-none-eabi/lib/thumb2/libcr_c.a(strspn.o)
 .ARM.attributes
                0x00000b4b       0x31 /usr/local/lpcxpresso_4.2.0_224/lpcxpresso/tools/bin/../lib/gcc/arm-none-eabi/4.5.1/../../../../arm-none-eabi/lib/thumb2/libcr_c.a(strstr.o)
 .ARM.attributes
                0x00000b7c       0x31 /usr/local/lpcxpresso_4.2.0_224/lpcxpresso/tools/bin/../lib/gcc/arm-none-eabi/4.5.1/../../../../arm-none-eabi/lib/thumb2/libcr_c.a(ungetc.o)
 .ARM.attributes
                0x00000bad       0x31 /usr/local/lpcxpresso_4.2.0_224/lpcxpresso/tools/bin/../lib/gcc/arm-none-eabi/4.5.1/../../../../arm-none-eabi/lib/thumb2/libcr_c.a(memcpy.o)
 .ARM.attributes
                0x00000bde       0x31 /usr/local/lpcxpresso_4.2.0_224/lpcxpresso/tools/bin/../lib/gcc/arm-none-eabi/4.5.1/../../../../arm-none-eabi/lib/thumb2/libcr_c.a(memmove.o)
 .ARM.attributes
                0x00000c0f       0x31 /usr/local/lpcxpresso_4.2.0_224/lpcxpresso/tools/bin/../lib/gcc/arm-none-eabi/4.5.1/../../../../arm-none-eabi/lib/thumb2/libcr_c.a(memset.o)
 .ARM.attributes
                0x00000c40       0x31 /usr/local/lpcxpresso_4.2.0_224/lpcxpresso/tools/bin/../lib/gcc/arm-none-eabi/4.5.1/../../../../arm-none-eabi/lib/thumb2/libcr_c.a(__fillbuf.o)
 .ARM.attributes
                0x00000c71       0x31 /usr/local/lpcxpresso_4.2.0_224/lpcxpresso/tools/bin/../lib/gcc/arm-none-eabi/4.5.1/../../../../arm-none-eabi/lib/thumb2/libcr_c.a(__init_alloc.o)
 .ARM.attributes
                0x00000ca2       0x31 /usr/local/lpcxpresso_4.2.0_224/lpcxpresso/tools/bin/../lib/gcc/arm-none-eabi/4.5.1/../../../../arm-none-eabi/lib/thumb2/libcr_c.a(_deferredlazyseek.o)
 .ARM.attributes
                0x00000cd3       0x31 /usr/local/lpcxpresso_4.2.0_224/lpcxpresso/tools/bin/../lib/gcc/arm-none-eabi/4.5.1/../../../../arm-none-eabi/lib/thumb2/libcr_c.a(_fdopen.o)
 .ARM.attributes
                0x00000d04       0x31 /usr/local/lpcxpresso_4.2.0_224/lpcxpresso/tools/bin/../lib/gcc/arm-none-eabi/4.5.1/../../../../arm-none-eabi/lib/thumb2/libcr_c.a(_fflush.o)
 .ARM.attributes
                0x00000d35       0x31 /usr/local/lpcxpresso_4.2.0_224/lpcxpresso/tools/bin/../lib/gcc/arm-none-eabi/4.5.1/../../../../arm-none-eabi/lib/thumb2/libcr_c.a(_frexpl.o)
 .ARM.attributes
                0x00000d66       0x31 /usr/local/lpcxpresso_4.2.0_224/lpcxpresso/tools/bin/../lib/gcc/arm-none-eabi/4.5.1/../../../../arm-none-eabi/lib/thumb2/libcr_c.a(_hugeval.o)
 .ARM.attributes
                0x00000d97       0x31 /usr/local/lpcxpresso_4.2.0_224/lpcxpresso/tools/bin/../lib/gcc/arm-none-eabi/4.5.1/../../../../arm-none-eabi/lib/thumb2/libcr_c.a(_ldexpl.o)
 .ARM.attributes
                0x00000dc8       0x31 /usr/local/lpcxpresso_4.2.0_224/lpcxpresso/tools/bin/../lib/gcc/arm-none-eabi/4.5.1/../../../../arm-none-eabi/lib/thumb2/libcr_c.a(_sincos.o)
 .ARM.attributes
                0x00000df9       0x31 /usr/local/lpcxpresso_4.2.0_224/lpcxpresso/tools/bin/../lib/gcc/arm-none-eabi/4.5.1/../../../../arm-none-eabi/lib/thumb2/libcr_c.a(_writebuf.o)
 .ARM.attributes
                0x00000e2a       0x31 /usr/local/lpcxpresso_4.2.0_224/lpcxpresso/tools/bin/../lib/gcc/arm-none-eabi/4.5.1/../../../../arm-none-eabi/lib/thumb2/libcr_c.a(errno.o)
 .ARM.attributes
                0x00000e5b       0x31 /usr/local/lpcxpresso_4.2.0_224/lpcxpresso/tools/bin/../lib/gcc/arm-none-eabi/4.5.1/../../../../arm-none-eabi/lib/thumb2/libcr_c.a(fabs.o)
 .ARM.attributes
                0x00000e8c       0x31 /usr/local/lpcxpresso_4.2.0_224/lpcxpresso/tools/bin/../lib/gcc/arm-none-eabi/4.5.1/../../../../arm-none-eabi/lib/thumb2/libcr_c.a(fclose.o)
 .ARM.attributes
                0x00000ebd       0x31 /usr/local/lpcxpresso_4.2.0_224/lpcxpresso/tools/bin/../lib/gcc/arm-none-eabi/4.5.1/../../../../arm-none-eabi/lib/thumb2/libcr_c.a(fflush.o)
 .ARM.attributes
                0x00000eee       0x31 /usr/local/lpcxpresso_4.2.0_224/lpcxpresso/tools/bin/../lib/gcc/arm-none-eabi/4.5.1/../../../../arm-none-eabi/lib/thumb2/libcr_c.a(fseek.o)
 .ARM.attributes
                0x00000f1f       0x31 /usr/local/lpcxpresso_4.2.0_224/lpcxpresso/tools/bin/../lib/gcc/arm-none-eabi/4.5.1/../../../../arm-none-eabi/lib/thumb2/libcr_c.a(ftell.o)
 .ARM.attributes
                0x00000f50       0x31 /usr/local/lpcxpresso_4.2.0_224/lpcxpresso/tools/bin/../lib/gcc/arm-none-eabi/4.5.1/../../../../arm-none-eabi/lib/thumb2/libcr_c.a(remove.o)
 .ARM.attributes
                0x00000f81       0x31 /usr/local/lpcxpresso_4.2.0_224/lpcxpresso/tools/bin/../lib/gcc/arm-none-eabi/4.5.1/../../../../arm-none-eabi/lib/thumb2/libcr_c.a(_do_fflush.o)
 .ARM.attributes
                0x00000fb2       0x21 /usr/local/lpcxpresso_4.2.0_224/lpcxpresso/tools/bin/../lib/gcc/arm-none-eabi/4.5.1/thumb2/libcr_eabihelpers.a(division.o)
 .ARM.attributes
                0x00000fd3       0x31 /usr/local/lpcxpresso_4.2.0_224/lpcxpresso/tools/bin/../lib/gcc/arm-none-eabi/4.5.1/thumb2/libcr_eabihelpers.a(double.o)
 .ARM.attributes
                0x00001004       0x31 /usr/local/lpcxpresso_4.2.0_224/lpcxpresso/tools/bin/../lib/gcc/arm-none-eabi/4.5.1/thumb2/libcr_eabihelpers.a(float.o)
 .ARM.attributes
                0x00001035       0x21 /usr/local/lpcxpresso_4.2.0_224/lpcxpresso/tools/bin/../lib/gcc/arm-none-eabi/4.5.1/thumb2/libcr_eabihelpers.a(memcpy.o)
 .ARM.attributes
                0x00001056       0x21 /usr/local/lpcxpresso_4.2.0_224/lpcxpresso/tools/bin/../lib/gcc/arm-none-eabi/4.5.1/../../../../arm-none-eabi/lib/thumb2/libcr_semihost.a(__sys_appexit.o)
 .ARM.attributes
                0x00001077       0x21 /usr/local/lpcxpresso_4.2.0_224/lpcxpresso/tools/bin/../lib/gcc/arm-none-eabi/4.5.1/../../../../arm-none-eabi/lib/thumb2/libcr_semihost.a(__sys_close.o)
 .ARM.attributes
                0x00001098       0x21 /usr/local/lpcxpresso_4.2.0_224/lpcxpresso/tools/bin/../lib/gcc/arm-none-eabi/4.5.1/../../../../arm-none-eabi/lib/thumb2/libcr_semihost.a(__sys_flen.o)
 .ARM.attributes
                0x000010b9       0x21 /usr/local/lpcxpresso_4.2.0_224/lpcxpresso/tools/bin/../lib/gcc/arm-none-eabi/4.5.1/../../../../arm-none-eabi/lib/thumb2/libcr_semihost.a(__sys_istty.o)
 .ARM.attributes
                0x000010da       0x21 /usr/local/lpcxpresso_4.2.0_224/lpcxpresso/tools/bin/../lib/gcc/arm-none-eabi/4.5.1/../../../../arm-none-eabi/lib/thumb2/libcr_semihost.a(__sys_read.o)
 .ARM.attributes
                0x000010fb       0x21 /usr/local/lpcxpresso_4.2.0_224/lpcxpresso/tools/bin/../lib/gcc/arm-none-eabi/4.5.1/../../../../arm-none-eabi/lib/thumb2/libcr_semihost.a(__sys_readc.o)
 .ARM.attributes
                0x0000111c       0x21 /usr/local/lpcxpresso_4.2.0_224/lpcxpresso/tools/bin/../lib/gcc/arm-none-eabi/4.5.1/../../../../arm-none-eabi/lib/thumb2/libcr_semihost.a(__sys_remove.o)
 .ARM.attributes
                0x0000113d       0x21 /usr/local/lpcxpresso_4.2.0_224/lpcxpresso/tools/bin/../lib/gcc/arm-none-eabi/4.5.1/../../../../arm-none-eabi/lib/thumb2/libcr_semihost.a(__sys_rename.o)
 .ARM.attributes
                0x0000115e       0x21 /usr/local/lpcxpresso_4.2.0_224/lpcxpresso/tools/bin/../lib/gcc/arm-none-eabi/4.5.1/../../../../arm-none-eabi/lib/thumb2/libcr_semihost.a(__sys_seek.o)
 .ARM.attributes
                0x0000117f       0x21 /usr/local/lpcxpresso_4.2.0_224/lpcxpresso/tools/bin/../lib/gcc/arm-none-eabi/4.5.1/../../../../arm-none-eabi/lib/thumb2/libcr_semihost.a(__sys_tmpnam.o)
 .ARM.attributes
                0x000011a0       0x21 /usr/local/lpcxpresso_4.2.0_224/lpcxpresso/tools/bin/../lib/gcc/arm-none-eabi/4.5.1/../../../../arm-none-eabi/lib/thumb2/libcr_semihost.a(__sys_write.o)
 .ARM.attributes
                0x000011c1       0x31 /usr/local/lpcxpresso_4.2.0_224/lpcxpresso/tools/bin/../lib/gcc/arm-none-eabi/4.5.1/../../../../arm-none-eabi/lib/thumb2/libcr_semihost.a(_cr_sbrk.o)
 .ARM.attributes
                0x000011f2       0x31 /usr/local/lpcxpresso_4.2.0_224/lpcxpresso/tools/bin/../lib/gcc/arm-none-eabi/4.5.1/../../../../arm-none-eabi/lib/thumb2/libcr_semihost.a(_cr_check_heap.o)

.debug_abbrev   0x00000000      0xa7c
 .debug_abbrev  0x00000000       0xe3 /home/fanaur/RepositoriosMercurial/trabajofinalsisemb/Codigo/workspaceLpc/CMSISv2p00_LPC17xx/Debug/libCMSISv2p00_LPC17xx.a(system_LPC17xx.o)
 .debug_abbrev  0x000000e3      0x13f /home/fanaur/RepositoriosMercurial/trabajofinalsisemb/Codigo/workspaceLpc/libDriversMcuPeripherals/Debug/libDriversMcuPeripherals.a(lpc17xx_adc.o)
 .debug_abbrev  0x00000222      0x197 /home/fanaur/RepositoriosMercurial/trabajofinalsisemb/Codigo/workspaceLpc/libDriversMcuPeripherals/Debug/libDriversMcuPeripherals.a(lpc17xx_clkpwr.o)
 .debug_abbrev  0x000003b9      0x1ff /home/fanaur/RepositoriosMercurial/trabajofinalsisemb/Codigo/workspaceLpc/libDriversMcuPeripherals/Debug/libDriversMcuPeripherals.a(lpc17xx_i2c.o)
 .debug_abbrev  0x000005b8       0x6a /home/fanaur/RepositoriosMercurial/trabajofinalsisemb/Codigo/workspaceLpc/libDriversMcuPeripherals/Debug/libDriversMcuPeripherals.a(lpc17xx_libcfg_default.o)
 .debug_abbrev  0x00000622      0x11f /home/fanaur/RepositoriosMercurial/trabajofinalsisemb/Codigo/workspaceLpc/libDriversMcuPeripherals/Debug/libDriversMcuPeripherals.a(lpc17xx_pinsel.o)
 .debug_abbrev  0x00000741      0x16b /home/fanaur/RepositoriosMercurial/trabajofinalsisemb/Codigo/workspaceLpc/libDriversMcuPeripherals/Debug/libDriversMcuPeripherals.a(lpc17xx_rtc.o)
 .debug_abbrev  0x000008ac      0x1d0 /home/fanaur/RepositoriosMercurial/trabajofinalsisemb/Codigo/workspaceLpc/libDriversMcuPeripherals/Debug/libDriversMcuPeripherals.a(lpc17xx_uart.o)

.debug_info     0x00000000     0x40ff
 .debug_info    0x00000000      0x38f /home/fanaur/RepositoriosMercurial/trabajofinalsisemb/Codigo/workspaceLpc/CMSISv2p00_LPC17xx/Debug/libCMSISv2p00_LPC17xx.a(system_LPC17xx.o)